Archive member included because of file (symbol)

/home/david/.arduino15/packages/arduino/hardware/sam/1.6.12/variants/arduino_due_x/libsam_sam3x8e_gcc_rel.a(startup_sam3xa.o)
                              (Reset_Handler)
/home/david/.arduino15/packages/arduino/hardware/sam/1.6.12/variants/arduino_due_x/libsam_sam3x8e_gcc_rel.a(uotghs.o)
                              /home/david/.arduino15/packages/arduino/hardware/sam/1.6.12/variants/arduino_due_x/libsam_sam3x8e_gcc_rel.a(startup_sam3xa.o) (UOTGHS_Handler)
/home/david/.arduino15/packages/arduino/tools/arm-none-eabi-gcc/4.8.3-2014q1/bin/../lib/gcc/arm-none-eabi/4.8.3/../../../../arm-none-eabi/lib/armv7-m/libm.a(lib_a-w_exp.o)
                              build-arduino_due_x_dbg/actfunctions.cpp.o (exp)
/home/david/.arduino15/packages/arduino/tools/arm-none-eabi-gcc/4.8.3-2014q1/bin/../lib/gcc/arm-none-eabi/4.8.3/../../../../arm-none-eabi/lib/armv7-m/libm.a(lib_a-e_exp.o)
                              /home/david/.arduino15/packages/arduino/tools/arm-none-eabi-gcc/4.8.3-2014q1/bin/../lib/gcc/arm-none-eabi/4.8.3/../../../../arm-none-eabi/lib/armv7-m/libm.a(lib_a-w_exp.o) (__ieee754_exp)
/home/david/.arduino15/packages/arduino/tools/arm-none-eabi-gcc/4.8.3-2014q1/bin/../lib/gcc/arm-none-eabi/4.8.3/../../../../arm-none-eabi/lib/armv7-m/libm.a(lib_a-s_finite.o)
                              /home/david/.arduino15/packages/arduino/tools/arm-none-eabi-gcc/4.8.3-2014q1/bin/../lib/gcc/arm-none-eabi/4.8.3/../../../../arm-none-eabi/lib/armv7-m/libm.a(lib_a-w_exp.o) (finite)
/home/david/.arduino15/packages/arduino/tools/arm-none-eabi-gcc/4.8.3-2014q1/bin/../lib/gcc/arm-none-eabi/4.8.3/../../../../arm-none-eabi/lib/armv7-m/libm.a(lib_a-s_lib_ver.o)
                              /home/david/.arduino15/packages/arduino/tools/arm-none-eabi-gcc/4.8.3-2014q1/bin/../lib/gcc/arm-none-eabi/4.8.3/../../../../arm-none-eabi/lib/armv7-m/libm.a(lib_a-w_exp.o) (__fdlib_version)
/home/david/.arduino15/packages/arduino/tools/arm-none-eabi-gcc/4.8.3-2014q1/bin/../lib/gcc/arm-none-eabi/4.8.3/../../../../arm-none-eabi/lib/armv7-m/libm.a(lib_a-s_matherr.o)
                              /home/david/.arduino15/packages/arduino/tools/arm-none-eabi-gcc/4.8.3-2014q1/bin/../lib/gcc/arm-none-eabi/4.8.3/../../../../arm-none-eabi/lib/armv7-m/libm.a(lib_a-w_exp.o) (matherr)
build-arduino_due_x_dbg/libcore.a(variant.cpp.o)
                              /home/david/.arduino15/packages/arduino/hardware/sam/1.6.12/variants/arduino_due_x/libsam_sam3x8e_gcc_rel.a(startup_sam3xa.o) (UART_Handler)
build-arduino_due_x_dbg/libcore.a(pmc.c.o)
                              build-arduino_due_x_dbg/libcore.a(variant.cpp.o) (pmc_enable_periph_clk)
build-arduino_due_x_dbg/libcore.a(pio.c.o)
                              build-arduino_due_x_dbg/libcore.a(variant.cpp.o) (PIO_Configure)
build-arduino_due_x_dbg/libcore.a(adc.c.o)
                              build-arduino_due_x_dbg/libcore.a(variant.cpp.o) (adc_init)
build-arduino_due_x_dbg/libcore.a(system_sam3xa.c.o)
                              build-arduino_due_x_dbg/libcore.a(variant.cpp.o) (SystemInit)
build-arduino_due_x_dbg/libcore.a(WInterrupts.c.o)
                              /home/david/.arduino15/packages/arduino/hardware/sam/1.6.12/variants/arduino_due_x/libsam_sam3x8e_gcc_rel.a(startup_sam3xa.o) (PIOA_Handler)
build-arduino_due_x_dbg/libcore.a(wiring_digital.c.o)
                              build-arduino_due_x_dbg/libcore.a(variant.cpp.o) (digitalWrite)
build-arduino_due_x_dbg/libcore.a(syscalls_sam3.c.o)
                              (_sbrk)
build-arduino_due_x_dbg/libcore.a(wiring_analog.c.o)
                              build-arduino_due_x_dbg/libcore.a(variant.cpp.o) (analogOutputInit)
build-arduino_due_x_dbg/libcore.a(cortex_handlers.c.o)
                              /home/david/.arduino15/packages/arduino/hardware/sam/1.6.12/variants/arduino_due_x/libsam_sam3x8e_gcc_rel.a(startup_sam3xa.o) (NMI_Handler)
build-arduino_due_x_dbg/libcore.a(Reset.cpp.o)
                              build-arduino_due_x_dbg/libcore.a(cortex_handlers.c.o) (tickReset)
build-arduino_due_x_dbg/libcore.a(USARTClass.cpp.o)
                              build-arduino_due_x_dbg/libcore.a(variant.cpp.o) (USARTClass::USARTClass(Usart*, IRQn, unsigned long, RingBuffer*, RingBuffer*))
build-arduino_due_x_dbg/libcore.a(RingBuffer.cpp.o)
                              build-arduino_due_x_dbg/libcore.a(variant.cpp.o) (RingBuffer::RingBuffer())
build-arduino_due_x_dbg/libcore.a(UARTClass.cpp.o)
                              build-arduino_due_x_dbg/libcore.a(variant.cpp.o) (UARTClass::available())
build-arduino_due_x_dbg/libcore.a(main.cpp.o)
                              /home/david/.arduino15/packages/arduino/tools/arm-none-eabi-gcc/4.8.3-2014q1/bin/../lib/gcc/arm-none-eabi/4.8.3/../../../../arm-none-eabi/lib/armv7-m/crt0.o (main)
build-arduino_due_x_dbg/libcore.a(USBCore.cpp.o)
                              build-arduino_due_x_dbg/libcore.a(main.cpp.o) (USBDevice_::attach())
[...]
Memory Configuration

Name             Origin             Length             Attributes
rom              0x0000000000080000 0x0000000000080000 xr
sram0            0x0000000020000000 0x0000000000010000 xrw
sram1            0x0000000020080000 0x0000000000008000 xrw
ram              0x0000000020070000 0x0000000000018000 xrw
*default*        0x0000000000000000 0xffffffffffffffff

Linker script and memory map

LOAD /home/david/.arduino15/packages/arduino/tools/arm-none-eabi-gcc/4.8.3-2014q1/bin/../lib/gcc/arm-none-eabi/4.8.3/armv7-m/crti.o
LOAD /home/david/.arduino15/packages/arduino/tools/arm-none-eabi-gcc/4.8.3-2014q1/bin/../lib/gcc/arm-none-eabi/4.8.3/armv7-m/crtbegin.o
LOAD /home/david/.arduino15/packages/arduino/tools/arm-none-eabi-gcc/4.8.3-2014q1/bin/../lib/gcc/arm-none-eabi/4.8.3/../../../../arm-none-eabi/lib/armv7-m/crt0.o
LOAD build-arduino_due_x_dbg/adc.cpp.o
LOAD build-arduino_due_x_dbg/movements.cpp.o
LOAD build-arduino_due_x_dbg/layer.cpp.o
LOAD build-arduino_due_x_dbg/actfunctions.cpp.o
LOAD build-arduino_due_x_dbg/NN.cpp.o
LOAD build-arduino_due_x_dbg/pios.cpp.o
LOAD build-arduino_due_x_dbg/pmc.cpp.o
LOAD build-arduino_due_x_dbg/pwm.cpp.o
LOAD build-arduino_due_x_dbg/tests.ino.o
LOAD /home/david/.arduino15/packages/arduino/hardware/sam/1.6.12/variants/arduino_due_x/libsam_sam3x8e_gcc_rel.a
START GROUP
LOAD /home/david/.arduino15/packages/arduino/tools/arm-none-eabi-gcc/4.8.3-2014q1/bin/../lib/gcc/arm-none-eabi/4.8.3/../../../../arm-none-eabi/lib/armv7-m/libm.a
LOAD build-arduino_due_x_dbg/libcore.a
END GROUP
START GROUP
LOAD /home/david/.arduino15/packages/arduino/tools/arm-none-eabi-gcc/4.8.3-2014q1/bin/../lib/gcc/arm-none-eabi/4.8.3/armv7-m/libgcc.a
LOAD /home/david/.arduino15/packages/arduino/tools/arm-none-eabi-gcc/4.8.3-2014q1/bin/../lib/gcc/arm-none-eabi/4.8.3/../../../../arm-none-eabi/lib/armv7-m/libc.a
END GROUP
LOAD /home/david/.arduino15/packages/arduino/tools/arm-none-eabi-gcc/4.8.3-2014q1/bin/../lib/gcc/arm-none-eabi/4.8.3/armv7-m/crtend.o
LOAD /home/david/.arduino15/packages/arduino/tools/arm-none-eabi-gcc/4.8.3-2014q1/bin/../lib/gcc/arm-none-eabi/4.8.3/armv7-m/crtn.o

.text           0x0000000000080000     0x3ca0
                0x0000000000080000                . = ALIGN (0x4)
                0x0000000000080000                _sfixed = .
 *(.vectors .vectors.*)
 .vectors       0x0000000000080000       0xf4 /home/david/.arduino15/packages/arduino/hardware/sam/1.6.12/variants/arduino_due_x/libsam_sam3x8e_gcc_rel.a(startup_sam3xa.o)
                0x0000000000080000                exception_table
 *(.text .text.* .gnu.linkonce.t.*)
 .text          0x00000000000800f4       0x54 /home/david/.arduino15/packages/arduino/tools/arm-none-eabi-gcc/4.8.3-2014q1/bin/../lib/gcc/arm-none-eabi/4.8.3/armv7-m/crtbegin.o
 .text._ZN9CustomADCD2Ev
                0x0000000000080148        0x2 build-arduino_due_x_dbg/adc.cpp.o
                0x0000000000080148                CustomADC::~CustomADC()
                0x0000000000080148                CustomADC::~CustomADC()
 *fill*         0x000000000008014a        0x2 
 .text._ZN9CustomADC21DisableUnusedChannelsEv
                0x000000000008014c       0x14 build-arduino_due_x_dbg/adc.cpp.o
                0x000000000008014c                CustomADC::DisableUnusedChannels()
 .text._ZN9CustomADC14EnableChannelsEPth
                0x0000000000080160       0x28 build-arduino_due_x_dbg/adc.cpp.o
                0x0000000000080160                CustomADC::EnableChannels(unsigned short*, unsigned char)
 .text._ZN9CustomADC15LastChannelDataEh
                0x0000000000080188       0x10 build-arduino_due_x_dbg/adc.cpp.o
                0x0000000000080188                CustomADC::LastChannelData(unsigned char)
 .text._ZN9CustomADC19EnableEOCInterruptsEPth
                0x0000000000080198       0x20 build-arduino_due_x_dbg/adc.cpp.o
                0x0000000000080198                CustomADC::EnableEOCInterrupts(unsigned short*, unsigned char)
 .text._ZN9CustomADC6GetPinEtRmRP3Pio
                0x00000000000801b8       0x3c build-arduino_due_x_dbg/adc.cpp.o
                0x00000000000801b8                CustomADC::GetPin(unsigned short, unsigned long&, Pio*&)
 .text._ZN9CustomADCC2EPthb9CustomPIO9CustomPMC
                0x00000000000801f4       0x9c build-arduino_due_x_dbg/adc.cpp.o
                0x00000000000801f4                CustomADC::CustomADC(unsigned short*, unsigned char, bool, CustomPIO, CustomPMC)
                0x00000000000801f4                CustomADC::CustomADC(unsigned short*, unsigned char, bool, CustomPIO, CustomPMC)
 .text._ZN5LayerC2Ev
                0x0000000000080290        0x2 build-arduino_due_x_dbg/layer.cpp.o
                0x0000000000080290                Layer::Layer()
                0x0000000000080290                Layer::Layer()
 .text._ZN5LayerD2Ev
                0x0000000000080292        0x2 build-arduino_due_x_dbg/layer.cpp.o
                0x0000000000080292                Layer::~Layer()
                0x0000000000080292                Layer::~Layer()
 .text._ZN5Layer4InitEhhPfS0_PFffE
                0x0000000000080294       0x10 build-arduino_due_x_dbg/layer.cpp.o
                0x0000000000080294                Layer::Init(unsigned char, unsigned char, float*, float*, float (*)(float))
 .text._Z4ReLUf
                0x00000000000802a4       0x14 build-arduino_due_x_dbg/actfunctions.cpp.o
                0x00000000000802a4                ReLU(float)
 .text._Z8Identityf
                0x00000000000802b8        0x2 build-arduino_due_x_dbg/actfunctions.cpp.o
                0x00000000000802b8                Identity(float)
 .text._ZN2NNC2EhPhS0_PPfS2_PPFffE
                0x00000000000802ba       0x8c build-arduino_due_x_dbg/NN.cpp.o
                0x00000000000802ba                NN::NN(unsigned char, unsigned char*, unsigned char*, float**, float**, float (**)(float))
                0x00000000000802ba                NN::NN(unsigned char, unsigned char*, unsigned char*, float**, float**, float (**)(float))
 .text._ZN2NND2Ev
                0x0000000000080346        0x2 build-arduino_due_x_dbg/NN.cpp.o
                0x0000000000080346                NN::~NN()
                0x0000000000080346                NN::~NN()
 .text._ZN9CustomPIOD2Ev
                0x0000000000080348        0x2 build-arduino_due_x_dbg/pios.cpp.o
                0x0000000000080348                CustomPIO::~CustomPIO()
                0x0000000000080348                CustomPIO::~CustomPIO()
 .text._ZN9CustomPIO27DeactivatePeripheralControlEPmhPP3Pio
                0x000000000008034a       0x1e build-arduino_due_x_dbg/pios.cpp.o
                0x000000000008034a                CustomPIO::DeactivatePeripheralControl(unsigned long*, unsigned char, Pio**)
 .text._ZN9CustomPIO25ActivatePeripheralControlEPmhPP3Pio
                0x0000000000080368       0x1e build-arduino_due_x_dbg/pios.cpp.o
                0x0000000000080368                CustomPIO::ActivatePeripheralControl(unsigned long*, unsigned char, Pio**)
 .text._ZN9CustomPIO13SetOutputPinsEPmhPP3Pio
                0x0000000000080386       0x1e build-arduino_due_x_dbg/pios.cpp.o
                0x0000000000080386                CustomPIO::SetOutputPins(unsigned long*, unsigned char, Pio**)
 .text._ZN9CustomPIOC2EPmhPP3Pio
                0x00000000000803a4       0x1e build-arduino_due_x_dbg/pios.cpp.o
                0x00000000000803a4                CustomPIO::CustomPIO(unsigned long*, unsigned char, Pio**)
                0x00000000000803a4                CustomPIO::CustomPIO(unsigned long*, unsigned char, Pio**)
 .text._ZN9CustomPIO16ChangePeripheralEPmhPP3Pio
                0x00000000000803c2       0x1e build-arduino_due_x_dbg/pios.cpp.o
                0x00000000000803c2                CustomPIO::ChangePeripheral(unsigned long*, unsigned char, Pio**)
 .text._ZN9CustomPMCC2Ev
                0x00000000000803e0        0x2 build-arduino_due_x_dbg/pmc.cpp.o
                0x00000000000803e0                CustomPMC::CustomPMC()
                0x00000000000803e0                CustomPMC::CustomPMC()
 .text._ZN9CustomPMCD2Ev
                0x00000000000803e2        0x2 build-arduino_due_x_dbg/pmc.cpp.o
                0x00000000000803e2                CustomPMC::~CustomPMC()
                0x00000000000803e2                CustomPMC::~CustomPMC()
 .text._ZN9CustomPMC21EnablePeripheralClockEh
                0x00000000000803e4       0x24 build-arduino_due_x_dbg/pmc.cpp.o
                0x00000000000803e4                CustomPMC::EnablePeripheralClock(unsigned char)
 .text._ZN9CustomPWMD2Ev
                0x0000000000080408        0x2 build-arduino_due_x_dbg/pwm.cpp.o
                0x0000000000080408                CustomPWM::~CustomPWM()
                0x0000000000080408                CustomPWM::~CustomPWM()
 *fill*         0x000000000008040a        0x2 
 .text._ZN9CustomPWM21DisableUnusedChannelsEv
                0x000000000008040c       0x14 build-arduino_due_x_dbg/pwm.cpp.o
                0x000000000008040c                CustomPWM::DisableUnusedChannels()
 .text._ZN9CustomPWM14EnableChannelsEPth
                0x0000000000080420       0x28 build-arduino_due_x_dbg/pwm.cpp.o
                0x0000000000080420                CustomPWM::EnableChannels(unsigned short*, unsigned char)
 .text._ZN9CustomPWM6GetPinEhRmRP3Pio
                0x0000000000080448       0x1c build-arduino_due_x_dbg/pwm.cpp.o
                0x0000000000080448                CustomPWM::GetPin(unsigned char, unsigned long&, Pio*&)
 *fill*         0x0000000000080464        0x4 
 .text._ZN9CustomPWMC2EPthbh9CustomPIO9CustomPMC
                0x0000000000080468       0xe8 build-arduino_due_x_dbg/pwm.cpp.o
                0x0000000000080468                CustomPWM::CustomPWM(unsigned short*, unsigned char, bool, unsigned char, CustomPIO, CustomPMC)
                0x0000000000080468                CustomPWM::CustomPWM(unsigned short*, unsigned char, bool, unsigned char, CustomPIO, CustomPMC)
 .text.ADC_Handler
                0x0000000000080550       0x4c build-arduino_due_x_dbg/tests.ino.o
                0x0000000000080550                ADC_Handler
 .text.loop     0x000000000008059c        0x2 build-arduino_due_x_dbg/tests.ino.o
                0x000000000008059c                loop
 *fill*         0x000000000008059e        0x2 
 .text.startup._GLOBAL__sub_I_sensors
                0x00000000000805a0      0x114 build-arduino_due_x_dbg/tests.ino.o
 .text.setup    0x00000000000806b4       0x10 build-arduino_due_x_dbg/tests.ino.o
                0x00000000000806b4                setup
 .text.Reset_Handler
                0x00000000000806c4       0x78 /home/david/.arduino15/packages/arduino/hardware/sam/1.6.12/variants/arduino_due_x/libsam_sam3x8e_gcc_rel.a(startup_sam3xa.o)
                0x00000000000806c4                Reset_Handler
 .text.UOTGHS_Handler
                0x000000000008073c       0x10 /home/david/.arduino15/packages/arduino/hardware/sam/1.6.12/variants/arduino_due_x/libsam_sam3x8e_gcc_rel.a(uotghs.o)
                0x000000000008073c                UOTGHS_Handler
 .text._Z11serialEventv
                0x000000000008074c        0x2 build-arduino_due_x_dbg/libcore.a(variant.cpp.o)
                0x000000000008074c                serialEvent()
 *fill*         0x000000000008074e        0x2 
 .text.UART_Handler
                0x0000000000080750        0xc build-arduino_due_x_dbg/libcore.a(variant.cpp.o)
                0x0000000000080750                UART_Handler
 .text._Z12serialEvent1v
                0x000000000008075c        0x2 build-arduino_due_x_dbg/libcore.a(variant.cpp.o)
                0x000000000008075c                serialEvent1()
 .text._Z12serialEvent2v
                0x000000000008075e        0x2 build-arduino_due_x_dbg/libcore.a(variant.cpp.o)
                0x000000000008075e                serialEvent2()
 .text._Z12serialEvent3v
                0x0000000000080760        0x2 build-arduino_due_x_dbg/libcore.a(variant.cpp.o)
                0x0000000000080760                serialEvent3()
 *fill*         0x0000000000080762        0x2 
 .text.USART0_Handler
                0x0000000000080764        0xc build-arduino_due_x_dbg/libcore.a(variant.cpp.o)
                0x0000000000080764                USART0_Handler
 .text.USART1_Handler
                0x0000000000080770        0xc build-arduino_due_x_dbg/libcore.a(variant.cpp.o)
                0x0000000000080770                USART1_Handler
 .text.USART3_Handler
                0x000000000008077c        0xc build-arduino_due_x_dbg/libcore.a(variant.cpp.o)
                0x000000000008077c                USART3_Handler
 .text.init     0x0000000000080788      0x128 build-arduino_due_x_dbg/libcore.a(variant.cpp.o)
                0x0000000000080788                init
 .text.startup._GLOBAL__sub_I_g_APinDescription
                0x00000000000808b0       0xd4 build-arduino_due_x_dbg/libcore.a(variant.cpp.o)
 .text._Z14serialEventRunv
                0x0000000000080984       0x44 build-arduino_due_x_dbg/libcore.a(variant.cpp.o)
                0x0000000000080984                serialEventRun()
 .text.pmc_enable_upll_clock
                0x00000000000809c8       0x14 build-arduino_due_x_dbg/libcore.a(pmc.c.o)
                0x00000000000809c8                pmc_enable_upll_clock
 .text.pmc_enable_periph_clk
                0x00000000000809dc       0x44 build-arduino_due_x_dbg/libcore.a(pmc.c.o)
                0x00000000000809dc                pmc_enable_periph_clk
 .text.pmc_disable_periph_clk
                0x0000000000080a20       0x40 build-arduino_due_x_dbg/libcore.a(pmc.c.o)
                0x0000000000080a20                pmc_disable_periph_clk
 .text.pmc_switch_udpck_to_upllck
                0x0000000000080a60       0x14 build-arduino_due_x_dbg/libcore.a(pmc.c.o)
                0x0000000000080a60                pmc_switch_udpck_to_upllck
 .text.pmc_enable_udpck
                0x0000000000080a74        0xc build-arduino_due_x_dbg/libcore.a(pmc.c.o)
                0x0000000000080a74                pmc_enable_udpck
 .text.PIO_PullUp
                0x0000000000080a80        0xa build-arduino_due_x_dbg/libcore.a(pio.c.o)
                0x0000000000080a80                PIO_PullUp
 .text.PIO_SetPeripheral
                0x0000000000080a8a       0x26 build-arduino_due_x_dbg/libcore.a(pio.c.o)
                0x0000000000080a8a                PIO_SetPeripheral
 .text.PIO_SetInput
                0x0000000000080ab0       0x26 build-arduino_due_x_dbg/libcore.a(pio.c.o)
                0x0000000000080ab0                PIO_SetInput
 .text.PIO_SetOutput
                0x0000000000080ad6       0x24 build-arduino_due_x_dbg/libcore.a(pio.c.o)
                0x0000000000080ad6                PIO_SetOutput
 .text.PIO_Configure
                0x0000000000080afa       0x56 build-arduino_due_x_dbg/libcore.a(pio.c.o)
                0x0000000000080afa                PIO_Configure
 .text.PIO_GetOutputDataStatus
                0x0000000000080b50       0x14 build-arduino_due_x_dbg/libcore.a(pio.c.o)
                0x0000000000080b50                PIO_GetOutputDataStatus
 .text.adc_init
                0x0000000000080b64       0x98 build-arduino_due_x_dbg/libcore.a(adc.c.o)
                0x0000000000080b64                adc_init
 .text.adc_configure_trigger
                0x0000000000080bfc       0x2a build-arduino_due_x_dbg/libcore.a(adc.c.o)
                0x0000000000080bfc                adc_configure_trigger
 .text.adc_configure_timing
                0x0000000000080c26       0x1a build-arduino_due_x_dbg/libcore.a(adc.c.o)
                0x0000000000080c26                adc_configure_timing
 .text.adc_disable_channel
                0x0000000000080c40        0xa build-arduino_due_x_dbg/libcore.a(adc.c.o)
                0x0000000000080c40                adc_disable_channel
 .text.adc_disable_all_channel
                0x0000000000080c4a        0x8 build-arduino_due_x_dbg/libcore.a(adc.c.o)
                0x0000000000080c4a                adc_disable_all_channel
 .text.adc_disable_interrupt
                0x0000000000080c52        0x4 build-arduino_due_x_dbg/libcore.a(adc.c.o)
                0x0000000000080c52                adc_disable_interrupt
 *fill*         0x0000000000080c56        0x2 
 .text.SystemInit
                0x0000000000080c58       0x88 build-arduino_due_x_dbg/libcore.a(system_sam3xa.c.o)
                0x0000000000080c58                SystemInit
 .text.PIOA_Handler
                0x0000000000080ce0       0x38 build-arduino_due_x_dbg/libcore.a(WInterrupts.c.o)
                0x0000000000080ce0                PIOA_Handler
 .text.PIOB_Handler
                0x0000000000080d18       0x38 build-arduino_due_x_dbg/libcore.a(WInterrupts.c.o)
                0x0000000000080d18                PIOB_Handler
 .text.PIOC_Handler
                0x0000000000080d50       0x38 build-arduino_due_x_dbg/libcore.a(WInterrupts.c.o)
                0x0000000000080d50                PIOC_Handler
 .text.PIOD_Handler
                0x0000000000080d88       0x38 build-arduino_due_x_dbg/libcore.a(WInterrupts.c.o)
                0x0000000000080d88                PIOD_Handler
 .text.pinMode  0x0000000000080dc0      0x108 build-arduino_due_x_dbg/libcore.a(wiring_digital.c.o)
                0x0000000000080dc0                pinMode
 .text.digitalWrite
                0x0000000000080ec8       0x70 build-arduino_due_x_dbg/libcore.a(wiring_digital.c.o)
                0x0000000000080ec8                digitalWrite
 .text._sbrk    0x0000000000080f38       0x1c build-arduino_due_x_dbg/libcore.a(syscalls_sam3.c.o)
                0x0000000000080f38                _sbrk
 .text.link     0x0000000000080f54        0x6 build-arduino_due_x_dbg/libcore.a(syscalls_sam3.c.o)
                0x0000000000080f54                link
 .text._close   0x0000000000080f5a        0x6 build-arduino_due_x_dbg/libcore.a(syscalls_sam3.c.o)
                0x0000000000080f5a                _close
 .text._fstat   0x0000000000080f60        0xa build-arduino_due_x_dbg/libcore.a(syscalls_sam3.c.o)
                0x0000000000080f60                _fstat
 .text._isatty  0x0000000000080f6a        0x4 build-arduino_due_x_dbg/libcore.a(syscalls_sam3.c.o)
                0x0000000000080f6a                _isatty
 .text._lseek   0x0000000000080f6e        0x4 build-arduino_due_x_dbg/libcore.a(syscalls_sam3.c.o)
                0x0000000000080f6e                _lseek
 .text._read    0x0000000000080f72        0x4 build-arduino_due_x_dbg/libcore.a(syscalls_sam3.c.o)
                0x0000000000080f72                _read
 *fill*         0x0000000000080f76        0x2 
 .text._write   0x0000000000080f78       0x24 build-arduino_due_x_dbg/libcore.a(syscalls_sam3.c.o)
                0x0000000000080f78                _write
 .text._exit    0x0000000000080f9c        0x2 build-arduino_due_x_dbg/libcore.a(syscalls_sam3.c.o)
                0x0000000000080f9c                _exit
 .text._kill    0x0000000000080f9e        0x2 build-arduino_due_x_dbg/libcore.a(syscalls_sam3.c.o)
                0x0000000000080f9e                _kill
 .text._getpid  0x0000000000080fa0        0x6 build-arduino_due_x_dbg/libcore.a(syscalls_sam3.c.o)
                0x0000000000080fa0                _getpid
 .text.analogOutputInit
                0x0000000000080fa6        0x2 build-arduino_due_x_dbg/libcore.a(wiring_analog.c.o)
                0x0000000000080fa6                analogOutputInit
 .text.__halt   0x0000000000080fa8        0x2 build-arduino_due_x_dbg/libcore.a(cortex_handlers.c.o)
                0x0000000000080fa8                DACC_Handler
                0x0000000000080fa8                DebugMon_Handler
                0x0000000000080fa8                DMAC_Handler
                0x0000000000080fa8                TRNG_Handler
                0x0000000000080fa8                HardFault_Handler
                0x0000000000080fa8                TC2_Handler
                0x0000000000080fa8                TWI1_Handler
                0x0000000000080fa8                NMI_Handler
                0x0000000000080fa8                TC7_Handler
                0x0000000000080fa8                SMC_Handler
                0x0000000000080fa8                RTT_Handler
                0x0000000000080fa8                EFC1_Handler
                0x0000000000080fa8                RTC_Handler
                0x0000000000080fa8                UsageFault_Handler
                0x0000000000080fa8                TC6_Handler
                0x0000000000080fa8                WDT_Handler
                0x0000000000080fa8                CAN0_Handler
                0x0000000000080fa8                TC4_Handler
                0x0000000000080fa8                TC1_Handler
                0x0000000000080fa8                HSMCI_Handler
                0x0000000000080fa8                TC3_Handler
                0x0000000000080fa8                TWI0_Handler
                0x0000000000080fa8                SSC_Handler
                0x0000000000080fa8                EFC0_Handler
                0x0000000000080fa8                PMC_Handler
                0x0000000000080fa8                PWM_Handler
                0x0000000000080fa8                CAN1_Handler
                0x0000000000080fa8                MemManage_Handler
                0x0000000000080fa8                SUPC_Handler
                0x0000000000080fa8                TC8_Handler
                0x0000000000080fa8                USART2_Handler
                0x0000000000080fa8                EMAC_Handler
                0x0000000000080fa8                BusFault_Handler
                0x0000000000080fa8                RSTC_Handler
                0x0000000000080fa8                TC0_Handler
                0x0000000000080fa8                TC5_Handler
                0x0000000000080fa8                SPI0_Handler
 .text.SVC_Handler
                0x0000000000080faa        0x4 build-arduino_due_x_dbg/libcore.a(cortex_handlers.c.o)
                0x0000000000080faa                SVC_Handler
 .text.PendSV_Handler
                0x0000000000080fae        0x4 build-arduino_due_x_dbg/libcore.a(cortex_handlers.c.o)
                0x0000000000080fae                PendSV_Handler
 .text.SysTick_Handler
                0x0000000000080fb2       0x16 build-arduino_due_x_dbg/libcore.a(cortex_handlers.c.o)
                0x0000000000080fb2                SysTick_Handler
 .text.initiateReset
                0x0000000000080fc8        0xc build-arduino_due_x_dbg/libcore.a(Reset.cpp.o)
                0x0000000000080fc8                initiateReset
 .text.cancelReset
                0x0000000000080fd4       0x10 build-arduino_due_x_dbg/libcore.a(Reset.cpp.o)
                0x0000000000080fd4                cancelReset
 .text.tickReset
                0x0000000000080fe4       0x20 build-arduino_due_x_dbg/libcore.a(Reset.cpp.o)
                0x0000000000080fe4                tickReset
 .text._ZN9UARTClasscvbEv
                0x0000000000081004        0x4 build-arduino_due_x_dbg/libcore.a(USARTClass.cpp.o)
                0x0000000000081004                UARTClass::operator bool()
 .text._ZN10USARTClass5beginEm
                0x0000000000081008        0x8 build-arduino_due_x_dbg/libcore.a(USARTClass.cpp.o)
                0x0000000000081008                USARTClass::begin(unsigned long)
 .text._ZN10USARTClassC2EP5Usart4IRQnmP10RingBufferS4_
                0x0000000000081010       0x24 build-arduino_due_x_dbg/libcore.a(USARTClass.cpp.o)
                0x0000000000081010                USARTClass::USARTClass(Usart*, IRQn, unsigned long, RingBuffer*, RingBuffer*)
                0x0000000000081010                USARTClass::USARTClass(Usart*, IRQn, unsigned long, RingBuffer*, RingBuffer*)
 .text._ZN10RingBufferC2Ev
                0x0000000000081034       0x1a build-arduino_due_x_dbg/libcore.a(RingBuffer.cpp.o)
                0x0000000000081034                RingBuffer::RingBuffer()
                0x0000000000081034                RingBuffer::RingBuffer()
 .text._ZN10RingBuffer10store_charEh
                0x000000000008104e       0x1e build-arduino_due_x_dbg/libcore.a(RingBuffer.cpp.o)
                0x000000000008104e                RingBuffer::store_char(unsigned char)
 .text._ZN9UARTClass9availableEv
                0x000000000008106c       0x12 build-arduino_due_x_dbg/libcore.a(UARTClass.cpp.o)
                0x000000000008106c                UARTClass::available()
 .text._ZN9UARTClass4peekEv
                0x000000000008107e       0x1c build-arduino_due_x_dbg/libcore.a(UARTClass.cpp.o)
                0x000000000008107e                UARTClass::peek()
 .text._ZN9UARTClass4readEv
                0x000000000008109a       0x2a build-arduino_due_x_dbg/libcore.a(UARTClass.cpp.o)
                0x000000000008109a                UARTClass::read()
 .text._ZN9UARTClass5flushEv
                0x00000000000810c4       0x18 build-arduino_due_x_dbg/libcore.a(UARTClass.cpp.o)
                0x00000000000810c4                UARTClass::flush()
 .text._ZN9UARTClass5writeEh
                0x00000000000810dc       0x54 build-arduino_due_x_dbg/libcore.a(UARTClass.cpp.o)
                0x00000000000810dc                UARTClass::write(unsigned char)
 .text._ZN9UARTClass3endEv
                0x0000000000081130       0x3c build-arduino_due_x_dbg/libcore.a(UARTClass.cpp.o)
                0x0000000000081130                UARTClass::end()
 .text._ZN9UARTClassC2EP4Uart4IRQnmP10RingBufferS4_
                0x000000000008116c       0x24 build-arduino_due_x_dbg/libcore.a(UARTClass.cpp.o)
                0x000000000008116c                UARTClass::UARTClass(Uart*, IRQn, unsigned long, RingBuffer*, RingBuffer*)
                0x000000000008116c                UARTClass::UARTClass(Uart*, IRQn, unsigned long, RingBuffer*, RingBuffer*)
 .text._ZN9UARTClass4initEmm
                0x0000000000081190       0x70 build-arduino_due_x_dbg/libcore.a(UARTClass.cpp.o)
                0x0000000000081190                UARTClass::init(unsigned long, unsigned long)
 .text._ZN9UARTClass5beginEm
                0x0000000000081200        0x8 build-arduino_due_x_dbg/libcore.a(UARTClass.cpp.o)
                0x0000000000081200                UARTClass::begin(unsigned long)
 .text._ZN9UARTClass10IrqHandlerEv
                0x0000000000081208       0x5a build-arduino_due_x_dbg/libcore.a(UARTClass.cpp.o)
                0x0000000000081208                UARTClass::IrqHandler()
 .text.initVariant
                0x0000000000081262        0x2 build-arduino_due_x_dbg/libcore.a(main.cpp.o)
                0x0000000000081262                initVariant
 .text.startup.main
                0x0000000000081264       0x38 build-arduino_due_x_dbg/libcore.a(main.cpp.o)
                0x0000000000081264                main
 .text.unlikely._ZL11USB_SendZlpv
                0x000000000008129c       0x20 build-arduino_due_x_dbg/libcore.a(USBCore.cpp.o)
 .text._Z14USBD_Availablem
                0x00000000000812bc       0x2c build-arduino_due_x_dbg/libcore.a(USBCore.cpp.o)
                0x00000000000812bc                USBD_Available(unsigned long)
 .text._Z9USBD_RecvmPvm
                0x00000000000812e8       0x7c build-arduino_due_x_dbg/libcore.a(USBCore.cpp.o)
                0x00000000000812e8                USBD_Recv(unsigned long, void*, unsigned long)
 .text._Z9USBD_Recvm
                0x0000000000081364       0x22 build-arduino_due_x_dbg/libcore.a(USBCore.cpp.o)
                0x0000000000081364                USBD_Recv(unsigned long)
 *fill*         0x0000000000081386        0x2 
 .text._Z9USBD_SendmPKvm
                0x0000000000081388       0x4c build-arduino_due_x_dbg/libcore.a(USBCore.cpp.o)
                0x0000000000081388                USBD_Send(unsigned long, void const*, unsigned long)
 .text._Z16USBD_SendControlhPKvm
                0x00000000000813d4       0x40 build-arduino_due_x_dbg/libcore.a(USBCore.cpp.o)
                0x00000000000813d4                USBD_SendControl(unsigned char, void const*, unsigned long)
 .text.unlikely._ZL24USB_SendStringDescriptorPKhi
                0x0000000000081414       0x64 build-arduino_due_x_dbg/libcore.a(USBCore.cpp.o)
 .text._Z16USBD_RecvControlPvm
                0x0000000000081478       0x1c build-arduino_due_x_dbg/libcore.a(USBCore.cpp.o)
                0x0000000000081478                USBD_RecvControl(void*, unsigned long)
 .text._Z26USBD_ClassInterfaceRequestR8USBSetup
                0x0000000000081494       0x1e build-arduino_due_x_dbg/libcore.a(USBCore.cpp.o)
                0x0000000000081494                USBD_ClassInterfaceRequest(USBSetup&)
 .text._Z19USBD_SendInterfacesv
                0x00000000000814b2       0x22 build-arduino_due_x_dbg/libcore.a(USBCore.cpp.o)
                0x00000000000814b2                USBD_SendInterfaces()
 .text._Z24USBD_SendOtherInterfacesv
                0x00000000000814d4       0x22 build-arduino_due_x_dbg/libcore.a(USBCore.cpp.o)
                0x00000000000814d4                USBD_SendOtherInterfaces()
 .text._Z10USBD_Flushm
                0x00000000000814f6       0x16 build-arduino_due_x_dbg/libcore.a(USBCore.cpp.o)
                0x00000000000814f6                USBD_Flush(unsigned long)
 .text._ZN10USBDevice_C2Ev
                0x000000000008150c       0x24 build-arduino_due_x_dbg/libcore.a(USBCore.cpp.o)
                0x000000000008150c                USBDevice_::USBDevice_()
                0x000000000008150c                USBDevice_::USBDevice_()
 .text._ZN10USBDevice_6attachEv
                0x0000000000081530       0x20 build-arduino_due_x_dbg/libcore.a(USBCore.cpp.o)
                0x0000000000081530                USBDevice_::attach()
 .text.startup._GLOBAL__sub_I_EndPoints
                0x0000000000081550        0xc build-arduino_due_x_dbg/libcore.a(USBCore.cpp.o)
 .text._ZL7USB_ISRv
                0x000000000008155c      0x454 build-arduino_due_x_dbg/libcore.a(USBCore.cpp.o)
 .text._ZN13PluggableUSB_12getInterfaceEPh
                0x00000000000819b0       0x28 build-arduino_due_x_dbg/libcore.a(PluggableUSB.cpp.o)
                0x00000000000819b0                PluggableUSB_::getInterface(unsigned char*)
 .text._ZN13PluggableUSB_13getDescriptorER8USBSetup
                0x00000000000819d8       0x1c build-arduino_due_x_dbg/libcore.a(PluggableUSB.cpp.o)
                0x00000000000819d8                PluggableUSB_::getDescriptor(USBSetup&)
 .text._ZN13PluggableUSB_12getShortNameEPc
                0x00000000000819f4       0x1c build-arduino_due_x_dbg/libcore.a(PluggableUSB.cpp.o)
                0x00000000000819f4                PluggableUSB_::getShortName(char*)
 .text._ZN13PluggableUSB_5setupER8USBSetup
                0x0000000000081a10       0x20 build-arduino_due_x_dbg/libcore.a(PluggableUSB.cpp.o)
                0x0000000000081a10                PluggableUSB_::setup(USBSetup&)
 .text._Z12PluggableUSBv
                0x0000000000081a30       0x28 build-arduino_due_x_dbg/libcore.a(PluggableUSB.cpp.o)
                0x0000000000081a30                PluggableUSB()
 .text._ZN7Serial_9availableEv
                0x0000000000081a58       0x18 build-arduino_due_x_dbg/libcore.a(CDC.cpp.o)
                0x0000000000081a58                Serial_::available()
 .text._ZN7Serial_17availableForWriteEv
                0x0000000000081a70        0x6 build-arduino_due_x_dbg/libcore.a(CDC.cpp.o)
                0x0000000000081a70                Serial_::availableForWrite()
 *fill*         0x0000000000081a76        0x2 
 .text._ZN7Serial_4peekEv
                0x0000000000081a78       0x20 build-arduino_due_x_dbg/libcore.a(CDC.cpp.o)
                0x0000000000081a78                Serial_::peek()
 .text._ZN7Serial_5writeEh
                0x0000000000081a98       0x16 build-arduino_due_x_dbg/libcore.a(CDC.cpp.o)
                0x0000000000081a98                Serial_::write(unsigned char)
 *fill*         0x0000000000081aae        0x2 
 .text._ZN7Serial_4readEv
                0x0000000000081ab0       0x44 build-arduino_due_x_dbg/libcore.a(CDC.cpp.o)
                0x0000000000081ab0                Serial_::read()
 .text._ZN7Serial_5flushEv
                0x0000000000081af4        0x6 build-arduino_due_x_dbg/libcore.a(CDC.cpp.o)
                0x0000000000081af4                Serial_::flush()
 *fill*         0x0000000000081afa        0x2 
 .text._ZN7Serial_6acceptEv
                0x0000000000081afc       0x70 build-arduino_due_x_dbg/libcore.a(CDC.cpp.o)
                0x0000000000081afc                Serial_::accept()
 .text._ZN7Serial_5writeEPKhj
                0x0000000000081b6c       0x2c build-arduino_due_x_dbg/libcore.a(CDC.cpp.o)
                0x0000000000081b6c                Serial_::write(unsigned char const*, unsigned int)
 .text._Z16CDC_GetInterfacePh
                0x0000000000081b98       0x14 build-arduino_due_x_dbg/libcore.a(CDC.cpp.o)
                0x0000000000081b98                CDC_GetInterface(unsigned char*)
 .text._Z21CDC_GetOtherInterfacePh
                0x0000000000081bac       0x14 build-arduino_due_x_dbg/libcore.a(CDC.cpp.o)
                0x0000000000081bac                CDC_GetOtherInterface(unsigned char*)
 .text._Z9CDC_SetupR8USBSetup
                0x0000000000081bc0       0x78 build-arduino_due_x_dbg/libcore.a(CDC.cpp.o)
                0x0000000000081bc0                CDC_Setup(USBSetup&)
 .text.startup._GLOBAL__sub_I_cdc_rx_buffer
                0x0000000000081c38       0x1c build-arduino_due_x_dbg/libcore.a(CDC.cpp.o)
 .text.UDD_SetStack
                0x0000000000081c54        0xc build-arduino_due_x_dbg/libcore.a(uotghs_device.c.o)
                0x0000000000081c54                UDD_SetStack
 .text.UDD_Init
                0x0000000000081c60       0xc0 build-arduino_due_x_dbg/libcore.a(uotghs_device.c.o)
                0x0000000000081c60                UDD_Init
 .text.UDD_Attach
                0x0000000000081d20       0x50 build-arduino_due_x_dbg/libcore.a(uotghs_device.c.o)
                0x0000000000081d20                UDD_Attach
 .text.UDD_InitEP
                0x0000000000081d70       0x2c build-arduino_due_x_dbg/libcore.a(uotghs_device.c.o)
                0x0000000000081d70                UDD_InitEP
 .text.UDD_InitEndpoints
                0x0000000000081d9c       0x3c build-arduino_due_x_dbg/libcore.a(uotghs_device.c.o)
                0x0000000000081d9c                UDD_InitEndpoints
 .text.UDD_WaitIN
                0x0000000000081dd8       0x10 build-arduino_due_x_dbg/libcore.a(uotghs_device.c.o)
                0x0000000000081dd8                UDD_WaitIN
 .text.UDD_WaitOUT
                0x0000000000081de8       0x10 build-arduino_due_x_dbg/libcore.a(uotghs_device.c.o)
                0x0000000000081de8                UDD_WaitOUT
 .text.UDD_ClearIN
                0x0000000000081df8       0x18 build-arduino_due_x_dbg/libcore.a(uotghs_device.c.o)
                0x0000000000081df8                UDD_ClearIN
 .text.UDD_ClearOUT
                0x0000000000081e10       0x18 build-arduino_due_x_dbg/libcore.a(uotghs_device.c.o)
                0x0000000000081e10                UDD_ClearOUT
 .text.UDD_ReceivedSetupInt
                0x0000000000081e28       0x10 build-arduino_due_x_dbg/libcore.a(uotghs_device.c.o)
                0x0000000000081e28                UDD_ReceivedSetupInt
 .text.UDD_ClearSetupInt
                0x0000000000081e38       0x10 build-arduino_due_x_dbg/libcore.a(uotghs_device.c.o)
                0x0000000000081e38                UDD_ClearSetupInt
 .text.UDD_Send
                0x0000000000081e48       0x84 build-arduino_due_x_dbg/libcore.a(uotghs_device.c.o)
                0x0000000000081e48                UDD_Send
 .text.UDD_Send8
                0x0000000000081ecc       0x24 build-arduino_due_x_dbg/libcore.a(uotghs_device.c.o)
                0x0000000000081ecc                UDD_Send8
 .text.UDD_Recv8
                0x0000000000081ef0       0x28 build-arduino_due_x_dbg/libcore.a(uotghs_device.c.o)
                0x0000000000081ef0                UDD_Recv8
 .text.UDD_Recv
                0x0000000000081f18       0x34 build-arduino_due_x_dbg/libcore.a(uotghs_device.c.o)
                0x0000000000081f18                UDD_Recv
 .text.UDD_Stall
                0x0000000000081f4c       0x14 build-arduino_due_x_dbg/libcore.a(uotghs_device.c.o)
                0x0000000000081f4c                UDD_Stall
 .text.UDD_FifoByteCount
                0x0000000000081f60       0x14 build-arduino_due_x_dbg/libcore.a(uotghs_device.c.o)
                0x0000000000081f60                UDD_FifoByteCount
 .text.UDD_ReleaseRX
                0x0000000000081f74       0x28 build-arduino_due_x_dbg/libcore.a(uotghs_device.c.o)
                0x0000000000081f74                UDD_ReleaseRX
 .text.UDD_ReleaseTX
                0x0000000000081f9c       0x28 build-arduino_due_x_dbg/libcore.a(uotghs_device.c.o)
                0x0000000000081f9c                UDD_ReleaseTX
 .text.UDD_SetAddress
                0x0000000000081fc4       0x20 build-arduino_due_x_dbg/libcore.a(uotghs_device.c.o)
                0x0000000000081fc4                UDD_SetAddress
 .text.TimeTick_Increment
                0x0000000000081fe4       0x10 build-arduino_due_x_dbg/libcore.a(timetick.c.o)
                0x0000000000081fe4                TimeTick_Increment
 .text.GetTickCount
                0x0000000000081ff4        0xc build-arduino_due_x_dbg/libcore.a(timetick.c.o)
                0x0000000000081ff4                GetTickCount
 .text.delay    0x0000000000082000       0x1c build-arduino_due_x_dbg/libcore.a(wiring.c.o)
                0x0000000000082000                delay
 .text.__empty  0x000000000008201c        0x2 build-arduino_due_x_dbg/libcore.a(hooks.c.o)
                0x000000000008201c                yield
 .text.__false  0x000000000008201e        0x4 build-arduino_due_x_dbg/libcore.a(hooks.c.o)
                0x000000000008201e                sysTickHook
 .text.__halt   0x0000000000082022        0x2 build-arduino_due_x_dbg/libcore.a(hooks.c.o)
                0x0000000000082022                pendSVHook
                0x0000000000082022                svcHook
 .text._ZN5Print5writeEPKhj
                0x0000000000082024       0x22 build-arduino_due_x_dbg/libcore.a(Print.cpp.o)
                0x0000000000082024                Print::write(unsigned char const*, unsigned int)
 *fill*         0x0000000000082046        0x2 
 .text._watchdogDefaultSetup
                0x0000000000082048        0xc build-arduino_due_x_dbg/libcore.a(watchdog.cpp.o)
                0x0000000000082048                watchdogSetup()
                0x0000000000082048                _watchdogDefaultSetup
 .text.WDT_Disable
                0x0000000000082054        0x8 build-arduino_due_x_dbg/libcore.a(wdt.c.o)
                0x0000000000082054                WDT_Disable
 .text          0x000000000008205c      0x370 /home/david/.arduino15/packages/arduino/tools/arm-none-eabi-gcc/4.8.3-2014q1/bin/../lib/gcc/arm-none-eabi/4.8.3/armv7-m/libgcc.a(_arm_addsubdf3.o)
                0x000000000008205c                __aeabi_drsub
                0x0000000000082064                __aeabi_dsub
                0x0000000000082064                __subdf3
                0x0000000000082068                __adddf3
                0x0000000000082068                __aeabi_dadd
                0x00000000000822e0                __aeabi_ui2d
                0x00000000000822e0                __floatunsidf
                0x0000000000082300                __floatsidf
                0x0000000000082300                __aeabi_i2d
                0x0000000000082324                __extendsfdf2
                0x0000000000082324                __aeabi_f2d
                0x0000000000082360                __aeabi_ul2d
                0x0000000000082360                __floatundidf
                0x0000000000082370                __floatdidf
                0x0000000000082370                __aeabi_l2d
 .text          0x00000000000823cc      0x424 /home/david/.arduino15/packages/arduino/tools/arm-none-eabi-gcc/4.8.3-2014q1/bin/../lib/gcc/arm-none-eabi/4.8.3/armv7-m/libgcc.a(_arm_muldivdf3.o)
                0x00000000000823cc                __aeabi_dmul
                0x00000000000823cc                __muldf3
                0x0000000000082620                __aeabi_ddiv
                0x0000000000082620                __divdf3
 .text          0x00000000000827f0       0x40 /home/david/.arduino15/packages/arduino/tools/arm-none-eabi-gcc/4.8.3-2014q1/bin/../lib/gcc/arm-none-eabi/4.8.3/armv7-m/libgcc.a(_arm_fixunsdfsi.o)
                0x00000000000827f0                __fixunsdfsi
                0x00000000000827f0                __aeabi_d2uiz
 .text          0x0000000000082830      0x21c /home/david/.arduino15/packages/arduino/tools/arm-none-eabi-gcc/4.8.3-2014q1/bin/../lib/gcc/arm-none-eabi/4.8.3/armv7-m/libgcc.a(_arm_addsubsf3.o)
                0x0000000000082830                __aeabi_frsub
                0x0000000000082838                __subsf3
                0x0000000000082838                __aeabi_fsub
                0x000000000008283c                __aeabi_fadd
                0x000000000008283c                __addsf3
                0x000000000008299c                __aeabi_ui2f
                0x000000000008299c                __floatunsisf
                0x00000000000829a4                __aeabi_i2f
                0x00000000000829a4                __floatsisf
                0x00000000000829c0                __floatundisf
                0x00000000000829c0                __aeabi_ul2f
                0x00000000000829d0                __floatdisf
                0x00000000000829d0                __aeabi_l2f
 .text          0x0000000000082a4c      0x2a0 /home/david/.arduino15/packages/arduino/tools/arm-none-eabi-gcc/4.8.3-2014q1/bin/../lib/gcc/arm-none-eabi/4.8.3/armv7-m/libgcc.a(_arm_muldivsf3.o)
                0x0000000000082a4c                __mulsf3
                0x0000000000082a4c                __aeabi_fmul
                0x0000000000082bb4                __divsf3
                0x0000000000082bb4                __aeabi_fdiv
 .text          0x0000000000082cec       0xec /home/david/.arduino15/packages/arduino/tools/arm-none-eabi-gcc/4.8.3-2014q1/bin/../lib/gcc/arm-none-eabi/4.8.3/armv7-m/libgcc.a(_arm_cmpsf2.o)
                0x0000000000082cec                __gtsf2
                0x0000000000082cec                __gesf2
                0x0000000000082cf4                __lesf2
                0x0000000000082cf4                __ltsf2
                0x0000000000082cfc                __nesf2
                0x0000000000082cfc                __eqsf2
                0x0000000000082cfc                __cmpsf2
                0x0000000000082d5c                __aeabi_cfrcmple
                0x0000000000082d64                __aeabi_cfcmple
                0x0000000000082d64                __aeabi_cfcmpeq
                0x0000000000082d74                __aeabi_fcmpeq
                0x0000000000082d88                __aeabi_fcmplt
                0x0000000000082d9c                __aeabi_fcmple
                0x0000000000082db0                __aeabi_fcmpge
                0x0000000000082dc4                __aeabi_fcmpgt
 .text.__aeabi_atexit
                0x0000000000082dd8        0xc /home/david/.arduino15/packages/arduino/tools/arm-none-eabi-gcc/4.8.3-2014q1/bin/../lib/gcc/arm-none-eabi/4.8.3/../../../../arm-none-eabi/lib/armv7-m/libc.a(lib_a-aeabi_atexit.o)
                0x0000000000082dd8                __aeabi_atexit
 .text.__cxa_atexit
                0x0000000000082de4       0x14 /home/david/.arduino15/packages/arduino/tools/arm-none-eabi-gcc/4.8.3-2014q1/bin/../lib/gcc/arm-none-eabi/4.8.3/../../../../arm-none-eabi/lib/armv7-m/libc.a(lib_a-cxa_atexit.o)
                0x0000000000082de4                __cxa_atexit
 .text.__libc_init_array
                0x0000000000082df8       0x50 /home/david/.arduino15/packages/arduino/tools/arm-none-eabi-gcc/4.8.3-2014q1/bin/../lib/gcc/arm-none-eabi/4.8.3/../../../../arm-none-eabi/lib/armv7-m/libc.a(lib_a-init.o)
                0x0000000000082df8                __libc_init_array
 .text.memset   0x0000000000082e48       0x94 /home/david/.arduino15/packages/arduino/tools/arm-none-eabi-gcc/4.8.3-2014q1/bin/../lib/gcc/arm-none-eabi/4.8.3/../../../../arm-none-eabi/lib/armv7-m/libc.a(lib_a-memset.o)
                0x0000000000082e48                memset
 .text.strlen   0x0000000000082edc       0x60 /home/david/.arduino15/packages/arduino/tools/arm-none-eabi-gcc/4.8.3-2014q1/bin/../lib/gcc/arm-none-eabi/4.8.3/../../../../arm-none-eabi/lib/armv7-m/libc.a(lib_a-strlen.o)
                0x0000000000082edc                strlen
 .text.kill     0x0000000000082f3c       0x10 /home/david/.arduino15/packages/arduino/tools/arm-none-eabi-gcc/4.8.3-2014q1/bin/../lib/gcc/arm-none-eabi/4.8.3/../../../../arm-none-eabi/lib/armv7-m/libc.a(lib_a-syskill.o)
                0x0000000000082f3c                kill
 .text.__register_exitproc
                0x0000000000082f4c       0xa8 /home/david/.arduino15/packages/arduino/tools/arm-none-eabi-gcc/4.8.3-2014q1/bin/../lib/gcc/arm-none-eabi/4.8.3/../../../../arm-none-eabi/lib/armv7-m/libc.a(lib_a-__atexit.o)
                0x0000000000082f4c                __register_exitproc
 .text.startup.register_fini
                0x0000000000082ff4       0x14 /home/david/.arduino15/packages/arduino/tools/arm-none-eabi-gcc/4.8.3-2014q1/bin/../lib/gcc/arm-none-eabi/4.8.3/../../../../arm-none-eabi/lib/armv7-m/libc.a(lib_a-__call_atexit.o)
 .text.atexit   0x0000000000083008        0xc /home/david/.arduino15/packages/arduino/tools/arm-none-eabi-gcc/4.8.3-2014q1/bin/../lib/gcc/arm-none-eabi/4.8.3/../../../../arm-none-eabi/lib/armv7-m/libc.a(lib_a-atexit.o)
                0x0000000000083008                atexit
 .text.__libc_fini_array
                0x0000000000083014       0x30 /home/david/.arduino15/packages/arduino/tools/arm-none-eabi-gcc/4.8.3-2014q1/bin/../lib/gcc/arm-none-eabi/4.8.3/../../../../arm-none-eabi/lib/armv7-m/libc.a(lib_a-fini.o)
                0x0000000000083014                __libc_fini_array
 .text._kill_r  0x0000000000083044       0x28 /home/david/.arduino15/packages/arduino/tools/arm-none-eabi-gcc/4.8.3-2014q1/bin/../lib/gcc/arm-none-eabi/4.8.3/../../../../arm-none-eabi/lib/armv7-m/libc.a(lib_a-signalr.o)
                0x0000000000083044                _kill_r
 *(.glue_7t)
 .glue_7t       0x0000000000000000        0x0 linker stubs
 *(.glue_7)
 .glue_7        0x0000000000000000        0x0 linker stubs
 *(.rodata .rodata* .gnu.linkonce.r.*)
 .rodata.g_APinDescription
                0x000000000008306c      0xa2c build-arduino_due_x_dbg/libcore.a(variant.cpp.o)
                0x000000000008306c                g_APinDescription
 .rodata        0x0000000000083a98       0x40 build-arduino_due_x_dbg/libcore.a(adc.c.o)
 .rodata._ZTV10USARTClass
                0x0000000000083ad8       0x30 build-arduino_due_x_dbg/libcore.a(USARTClass.cpp.o)
                0x0000000000083ad8                vtable for USARTClass
 .rodata._ZTV9UARTClass
                0x0000000000083b08       0x30 build-arduino_due_x_dbg/libcore.a(UARTClass.cpp.o)
                0x0000000000083b08                vtable for UARTClass
 .rodata.STRING_PRODUCT
                0x0000000000083b38        0xc build-arduino_due_x_dbg/libcore.a(USBCore.cpp.o)
                0x0000000000083b38                STRING_PRODUCT
 .rodata.USB_DeviceDescriptor
                0x0000000000083b44       0x12 build-arduino_due_x_dbg/libcore.a(USBCore.cpp.o)
                0x0000000000083b44                USB_DeviceDescriptor
 .rodata.STRING_LANGUAGE
                0x0000000000083b56        0x4 build-arduino_due_x_dbg/libcore.a(USBCore.cpp.o)
                0x0000000000083b56                STRING_LANGUAGE
 .rodata._ZL18test_packet_buffer
                0x0000000000083b5a       0x35 build-arduino_due_x_dbg/libcore.a(USBCore.cpp.o)
 .rodata.STRING_MANUFACTURER
                0x0000000000083b8f        0xc build-arduino_due_x_dbg/libcore.a(USBCore.cpp.o)
                0x0000000000083b8f                STRING_MANUFACTURER
 .rodata.USB_DeviceDescriptorA
                0x0000000000083b9b       0x12 build-arduino_due_x_dbg/libcore.a(USBCore.cpp.o)
                0x0000000000083b9b                USB_DeviceDescriptorA
 .rodata._ZL19USB_DeviceQualifier
                0x0000000000083bad        0x9 build-arduino_due_x_dbg/libcore.a(USBCore.cpp.o)
 *fill*         0x0000000000083bb6        0x2 
 .rodata._ZTV7Serial_
                0x0000000000083bb8       0x28 build-arduino_due_x_dbg/libcore.a(CDC.cpp.o)
                0x0000000000083bb8                vtable for Serial_
 .rodata._ZL18_cdcOtherInterface
                0x0000000000083be0       0x42 build-arduino_due_x_dbg/libcore.a(CDC.cpp.o)
 .rodata._ZL13_cdcInterface
                0x0000000000083c22       0x42 build-arduino_due_x_dbg/libcore.a(CDC.cpp.o)
 .rodata.str1.4
                0x0000000000083c64        0x4 /home/david/.arduino15/packages/arduino/tools/arm-none-eabi-gcc/4.8.3-2014q1/bin/../lib/gcc/arm-none-eabi/4.8.3/../../../../arm-none-eabi/lib/armv7-m/libc.a(lib_a-impure.o)
 .rodata._global_impure_ptr
                0x0000000000083c68        0x4 /home/david/.arduino15/packages/arduino/tools/arm-none-eabi-gcc/4.8.3-2014q1/bin/../lib/gcc/arm-none-eabi/4.8.3/../../../../arm-none-eabi/lib/armv7-m/libc.a(lib_a-impure.o)
                0x0000000000083c68                _global_impure_ptr
 *(.ARM.extab* .gnu.linkonce.armextab.*)
                0x0000000000083c6c                . = ALIGN (0x4)
 *(.init)
 .init          0x0000000000083c6c        0x4 /home/david/.arduino15/packages/arduino/tools/arm-none-eabi-gcc/4.8.3-2014q1/bin/../lib/gcc/arm-none-eabi/4.8.3/armv7-m/crti.o
                0x0000000000083c6c                _init
 .init          0x0000000000083c70        0x8 /home/david/.arduino15/packages/arduino/tools/arm-none-eabi-gcc/4.8.3-2014q1/bin/../lib/gcc/arm-none-eabi/4.8.3/armv7-m/crtn.o
                0x0000000000083c78                . = ALIGN (0x4)
                0x0000000000083c78                __preinit_array_start = .
 *(.preinit_array)
                0x0000000000083c78                __preinit_array_end = .
                0x0000000000083c78                . = ALIGN (0x4)
                0x0000000000083c78                __init_array_start = .
 *(SORT(.init_array.*))
 .init_array.00000
                0x0000000000083c78        0x4 /home/david/.arduino15/packages/arduino/tools/arm-none-eabi-gcc/4.8.3-2014q1/bin/../lib/gcc/arm-none-eabi/4.8.3/../../../../arm-none-eabi/lib/armv7-m/libc.a(lib_a-__call_atexit.o)
 *(.init_array)
 .init_array    0x0000000000083c7c        0x4 /home/david/.arduino15/packages/arduino/tools/arm-none-eabi-gcc/4.8.3-2014q1/bin/../lib/gcc/arm-none-eabi/4.8.3/armv7-m/crtbegin.o
 .init_array    0x0000000000083c80        0x4 build-arduino_due_x_dbg/tests.ino.o
 .init_array    0x0000000000083c84        0x4 build-arduino_due_x_dbg/libcore.a(variant.cpp.o)
 .init_array    0x0000000000083c88        0x4 build-arduino_due_x_dbg/libcore.a(USBCore.cpp.o)
 .init_array    0x0000000000083c8c        0x4 build-arduino_due_x_dbg/libcore.a(CDC.cpp.o)
                0x0000000000083c90                __init_array_end = .
                0x0000000000083c90                . = ALIGN (0x4)
 *crtbegin.o(.ctors)
 *(EXCLUDE_FILE(*crtend.o) .ctors)
 *(SORT(.ctors.*))
 *crtend.o(.ctors)
                0x0000000000083c90                . = ALIGN (0x4)
 *(.fini)
 .fini          0x0000000000083c90        0x4 /home/david/.arduino15/packages/arduino/tools/arm-none-eabi-gcc/4.8.3-2014q1/bin/../lib/gcc/arm-none-eabi/4.8.3/armv7-m/crti.o
                0x0000000000083c90                _fini
 .fini          0x0000000000083c94        0x8 /home/david/.arduino15/packages/arduino/tools/arm-none-eabi-gcc/4.8.3-2014q1/bin/../lib/gcc/arm-none-eabi/4.8.3/armv7-m/crtn.o
                0x0000000000083c9c                . = ALIGN (0x4)
                0x0000000000083c9c                __fini_array_start = .
 *(.fini_array)
 .fini_array    0x0000000000083c9c        0x4 /home/david/.arduino15/packages/arduino/tools/arm-none-eabi-gcc/4.8.3-2014q1/bin/../lib/gcc/arm-none-eabi/4.8.3/armv7-m/crtbegin.o
 *(SORT(.fini_array.*))
                0x0000000000083ca0                __fini_array_end = .
 *crtbegin.o(.dtors)
 *(EXCLUDE_FILE(*crtend.o) .dtors)
 *(SORT(.dtors.*))
 *crtend.o(.dtors)
                0x0000000000083ca0                . = ALIGN (0x4)
                0x0000000000083ca0                _efixed = .
                0x0000000000083ca0                PROVIDE (__exidx_start, .)

.vfp11_veneer   0x0000000000083ca0        0x0
 .vfp11_veneer  0x0000000000000000        0x0 linker stubs

.v4_bx          0x0000000000083ca0        0x0
 .v4_bx         0x0000000000000000        0x0 linker stubs

.iplt           0x0000000000083ca0        0x0
 .iplt          0x0000000000000000        0x0 /home/david/.arduino15/packages/arduino/tools/arm-none-eabi-gcc/4.8.3-2014q1/bin/../lib/gcc/arm-none-eabi/4.8.3/armv7-m/crtbegin.o

.eh_frame       0x0000000000083ca0        0x0
 .eh_frame      0x0000000000083ca0        0x0 /home/david/.arduino15/packages/arduino/tools/arm-none-eabi-gcc/4.8.3-2014q1/bin/../lib/gcc/arm-none-eabi/4.8.3/armv7-m/crtbegin.o

.rel.dyn        0x0000000000083ca0        0x0
 .rel.iplt      0x0000000000000000        0x0 /home/david/.arduino15/packages/arduino/tools/arm-none-eabi-gcc/4.8.3-2014q1/bin/../lib/gcc/arm-none-eabi/4.8.3/armv7-m/crtbegin.o

.jcr            0x0000000000083ca0        0x0
 .jcr           0x0000000000083ca0        0x0 /home/david/.arduino15/packages/arduino/tools/arm-none-eabi-gcc/4.8.3-2014q1/bin/../lib/gcc/arm-none-eabi/4.8.3/armv7-m/crtbegin.o

.igot.plt       0x0000000000083ca0        0x0
 .igot.plt      0x0000000000000000        0x0 /home/david/.arduino15/packages/arduino/tools/arm-none-eabi-gcc/4.8.3-2014q1/bin/../lib/gcc/arm-none-eabi/4.8.3/armv7-m/crtbegin.o

.ARM.exidx
 *(.ARM.exidx* .gnu.linkonce.armexidx.*)
                0x0000000000083ca0                PROVIDE (__exidx_end, .)
                0x0000000000083ca0                . = ALIGN (0x4)
                0x0000000000083ca0                _etext = .

.relocate       0x0000000020070000      0x5a4 load address 0x0000000000083ca0
                0x0000000020070000                . = ALIGN (0x4)
                0x0000000020070000                _srelocate = .
 *(.ramfunc .ramfunc.*)
 .ramfunc       0x0000000020070000       0x2c build-arduino_due_x_dbg/libcore.a(Reset.cpp.o)
                0x0000000020070000                banzai
 *(.data .data.*)
 .data          0x000000002007002c        0x4 /home/david/.arduino15/packages/arduino/tools/arm-none-eabi-gcc/4.8.3-2014q1/bin/../lib/gcc/arm-none-eabi/4.8.3/armv7-m/crtbegin.o
                0x000000002007002c                __dso_handle
 .data.MotorPinGroups
                0x0000000020070030       0x10 build-arduino_due_x_dbg/tests.ino.o
                0x0000000020070030                MotorPinGroups
 .data.actFuncs
                0x0000000020070040        0xc build-arduino_due_x_dbg/tests.ino.o
                0x0000000020070040                actFuncs
 .data.sensors  0x000000002007004c        0x6 build-arduino_due_x_dbg/tests.ino.o
                0x000000002007004c                sensors
 *fill*         0x0000000020070052        0x2 
 .data.b3       0x0000000020070054        0x4 build-arduino_due_x_dbg/tests.ino.o
                0x0000000020070054                b3
 .data.nInputs  0x0000000020070058        0x3 build-arduino_due_x_dbg/tests.ino.o
                0x0000000020070058                nInputs
 *fill*         0x000000002007005b        0x1 
 .data.pwmMotors
                0x000000002007005c        0x4 build-arduino_due_x_dbg/tests.ino.o
                0x000000002007005c                pwmMotors
 .data.MotorPins
                0x0000000020070060       0x10 build-arduino_due_x_dbg/tests.ino.o
                0x0000000020070060                MotorPins
 .data.b1       0x0000000020070070       0x14 build-arduino_due_x_dbg/tests.ino.o
                0x0000000020070070                b1
 .data.b2       0x0000000020070084        0xc build-arduino_due_x_dbg/tests.ino.o
                0x0000000020070084                b2
 .data.w1       0x0000000020070090       0x3c build-arduino_due_x_dbg/tests.ino.o
                0x0000000020070090                w1
 .data.w2       0x00000000200700cc       0x3c build-arduino_due_x_dbg/tests.ino.o
                0x00000000200700cc                w2
 .data.w3       0x0000000020070108        0xc build-arduino_due_x_dbg/tests.ino.o
                0x0000000020070108                w3
 .data.weights  0x0000000020070114        0xc build-arduino_due_x_dbg/tests.ino.o
                0x0000000020070114                weights
 .data.nOutputs
                0x0000000020070120        0x3 build-arduino_due_x_dbg/tests.ino.o
                0x0000000020070120                nOutputs
 .data.PWMFreq  0x0000000020070123        0x1 build-arduino_due_x_dbg/tests.ino.o
                0x0000000020070123                PWMFreq
 .data.biases   0x0000000020070124        0xc build-arduino_due_x_dbg/tests.ino.o
                0x0000000020070124                biases
 .data.EnableInterrupts
                0x0000000020070130        0x1 build-arduino_due_x_dbg/tests.ino.o
                0x0000000020070130                EnableInterrupts
 *fill*         0x0000000020070131        0x3 
 .data.SystemCoreClock
                0x0000000020070134        0x4 build-arduino_due_x_dbg/libcore.a(system_sam3xa.c.o)
                0x0000000020070134                SystemCoreClock
 .data._ZL5ticks
                0x0000000020070138        0x4 build-arduino_due_x_dbg/libcore.a(Reset.cpp.o)
 .data.EndPoints
                0x000000002007013c       0x28 build-arduino_due_x_dbg/libcore.a(USBCore.cpp.o)
                0x000000002007013c                EndPoints
 .data._ZL10breakValue
                0x0000000020070164        0x4 build-arduino_due_x_dbg/libcore.a(CDC.cpp.o)
 .data._ZL12_usbLineInfo
                0x0000000020070168        0x8 build-arduino_due_x_dbg/libcore.a(CDC.cpp.o)
 .data.g_interrupt_enabled
                0x0000000020070170        0x4 build-arduino_due_x_dbg/libcore.a(interrupt_sam_nvic.c.o)
                0x0000000020070170                g_interrupt_enabled
 *fill*         0x0000000020070174        0x4 
 .data.impure_data
                0x0000000020070178      0x428 /home/david/.arduino15/packages/arduino/tools/arm-none-eabi-gcc/4.8.3-2014q1/bin/../lib/gcc/arm-none-eabi/4.8.3/../../../../arm-none-eabi/lib/armv7-m/libc.a(lib_a-impure.o)
 .data._impure_ptr
                0x00000000200705a0        0x4 /home/david/.arduino15/packages/arduino/tools/arm-none-eabi-gcc/4.8.3-2014q1/bin/../lib/gcc/arm-none-eabi/4.8.3/../../../../arm-none-eabi/lib/armv7-m/libc.a(lib_a-impure.o)
                0x00000000200705a0                _impure_ptr
                0x00000000200705a4                . = ALIGN (0x4)
                0x00000000200705a4                _erelocate = .

.bss            0x00000000200705a4      0xa14 load address 0x0000000000084244
                0x00000000200705a4                . = ALIGN (0x4)
                0x00000000200705a4                _sbss = .
                0x00000000200705a4                _szero = .
 *(.bss .bss.*)
 .bss           0x00000000200705a4       0x1c /home/david/.arduino15/packages/arduino/tools/arm-none-eabi-gcc/4.8.3-2014q1/bin/../lib/gcc/arm-none-eabi/4.8.3/armv7-m/crtbegin.o
 .bss.pmc       0x00000000200705c0        0x1 build-arduino_due_x_dbg/tests.ino.o
                0x00000000200705c0                pmc
 *fill*         0x00000000200705c1        0x1 
 .bss.dAdc      0x00000000200705c2        0x2 build-arduino_due_x_dbg/tests.ino.o
                0x00000000200705c2                dAdc
 .bss.pwm       0x00000000200705c4        0x1 build-arduino_due_x_dbg/tests.ino.o
                0x00000000200705c4                pwm
 .bss.adc       0x00000000200705c5        0x1 build-arduino_due_x_dbg/tests.ino.o
                0x00000000200705c5                adc
 .bss.flag      0x00000000200705c6        0x1 build-arduino_due_x_dbg/tests.ino.o
                0x00000000200705c6                flag
 *fill*         0x00000000200705c7        0x1 
 .bss.myNN      0x00000000200705c8        0x8 build-arduino_due_x_dbg/tests.ino.o
                0x00000000200705c8                myNN
 .bss.uIn       0x00000000200705d0        0xc build-arduino_due_x_dbg/tests.ino.o
                0x00000000200705d0                uIn
 .bss.pio       0x00000000200705dc        0x1 build-arduino_due_x_dbg/tests.ino.o
                0x00000000200705dc                pio
 *fill*         0x00000000200705dd        0x3 
 .bss.gpf_isr   0x00000000200705e0        0x4 /home/david/.arduino15/packages/arduino/hardware/sam/1.6.12/variants/arduino_due_x/libsam_sam3x8e_gcc_rel.a(uotghs.o)
                0x00000000200705e0                gpf_isr
 .bss.tx_buffer2
                0x00000000200705e4       0x88 build-arduino_due_x_dbg/libcore.a(variant.cpp.o)
                0x00000000200705e4                tx_buffer2
 .bss.tx_buffer1
                0x000000002007066c       0x88 build-arduino_due_x_dbg/libcore.a(variant.cpp.o)
                0x000000002007066c                tx_buffer1
 .bss.Serial    0x00000000200706f4       0x24 build-arduino_due_x_dbg/libcore.a(variant.cpp.o)
                0x00000000200706f4                Serial
 .bss.rx_buffer1
                0x0000000020070718       0x88 build-arduino_due_x_dbg/libcore.a(variant.cpp.o)
                0x0000000020070718                rx_buffer1
 .bss.Serial1   0x00000000200707a0       0x28 build-arduino_due_x_dbg/libcore.a(variant.cpp.o)
                0x00000000200707a0                Serial1
 .bss.Serial2   0x00000000200707c8       0x28 build-arduino_due_x_dbg/libcore.a(variant.cpp.o)
                0x00000000200707c8                Serial2
 .bss.Serial3   0x00000000200707f0       0x28 build-arduino_due_x_dbg/libcore.a(variant.cpp.o)
                0x00000000200707f0                Serial3
 .bss.tx_buffer3
                0x0000000020070818       0x88 build-arduino_due_x_dbg/libcore.a(variant.cpp.o)
                0x0000000020070818                tx_buffer3
 .bss.tx_buffer4
                0x00000000200708a0       0x88 build-arduino_due_x_dbg/libcore.a(variant.cpp.o)
                0x00000000200708a0                tx_buffer4
 .bss.g_pinStatus
                0x0000000020070928       0x4f build-arduino_due_x_dbg/libcore.a(variant.cpp.o)
                0x0000000020070928                g_pinStatus
 *fill*         0x0000000020070977        0x1 
 .bss.rx_buffer2
                0x0000000020070978       0x88 build-arduino_due_x_dbg/libcore.a(variant.cpp.o)
                0x0000000020070978                rx_buffer2
 .bss.rx_buffer3
                0x0000000020070a00       0x88 build-arduino_due_x_dbg/libcore.a(variant.cpp.o)
                0x0000000020070a00                rx_buffer3
 .bss.rx_buffer4
                0x0000000020070a88       0x88 build-arduino_due_x_dbg/libcore.a(variant.cpp.o)
                0x0000000020070a88                rx_buffer4
 .bss.callbacksPioA
                0x0000000020070b10       0x80 build-arduino_due_x_dbg/libcore.a(WInterrupts.c.o)
 .bss.callbacksPioB
                0x0000000020070b90       0x80 build-arduino_due_x_dbg/libcore.a(WInterrupts.c.o)
 .bss.callbacksPioC
                0x0000000020070c10       0x80 build-arduino_due_x_dbg/libcore.a(WInterrupts.c.o)
 .bss.callbacksPioD
                0x0000000020070c90       0x80 build-arduino_due_x_dbg/libcore.a(WInterrupts.c.o)
 .bss.heap.6420
                0x0000000020070d10        0x4 build-arduino_due_x_dbg/libcore.a(syscalls_sam3.c.o)
 .bss._cmark    0x0000000020070d14        0x2 build-arduino_due_x_dbg/libcore.a(USBCore.cpp.o)
                0x0000000020070d14                _cmark
 .bss._ZL14isEndpointHalt
                0x0000000020070d16        0x1 build-arduino_due_x_dbg/libcore.a(USBCore.cpp.o)
 *fill*         0x0000000020070d17        0x1 
 .bss._cdcComposite
                0x0000000020070d18        0x4 build-arduino_due_x_dbg/libcore.a(USBCore.cpp.o)
                0x0000000020070d18                _cdcComposite
 .bss._ZL21isRemoteWakeUpEnabled
                0x0000000020070d1c        0x1 build-arduino_due_x_dbg/libcore.a(USBCore.cpp.o)
 *fill*         0x0000000020070d1d        0x3 
 .bss._usbInitialized
                0x0000000020070d20        0x4 build-arduino_due_x_dbg/libcore.a(USBCore.cpp.o)
                0x0000000020070d20                _usbInitialized
 .bss.USBDevice
                0x0000000020070d24        0x1 build-arduino_due_x_dbg/libcore.a(USBCore.cpp.o)
                0x0000000020070d24                USBDevice
 *fill*         0x0000000020070d25        0x3 
 .bss._usbSetInterface
                0x0000000020070d28        0x4 build-arduino_due_x_dbg/libcore.a(USBCore.cpp.o)
                0x0000000020070d28                _usbSetInterface
 .bss._cend     0x0000000020070d2c        0x2 build-arduino_due_x_dbg/libcore.a(USBCore.cpp.o)
                0x0000000020070d2c                _cend
 *fill*         0x0000000020070d2e        0x2 
 .bss._usbConfiguration
                0x0000000020070d30        0x4 build-arduino_due_x_dbg/libcore.a(USBCore.cpp.o)
                0x0000000020070d30                _usbConfiguration
 .bss._ZZ12PluggableUSBvE3obj
                0x0000000020070d34        0x8 build-arduino_due_x_dbg/libcore.a(PluggableUSB.cpp.o)
 .bss._ZGVZ12PluggableUSBvE3obj
                0x0000000020070d3c        0x4 build-arduino_due_x_dbg/libcore.a(PluggableUSB.cpp.o)
 .bss.cdc_rx_buffer
                0x0000000020070d40      0x208 build-arduino_due_x_dbg/libcore.a(CDC.cpp.o)
                0x0000000020070d40                cdc_rx_buffer
 .bss._ZZN7Serial_6acceptEvE5guard
                0x0000000020070f48        0x4 build-arduino_due_x_dbg/libcore.a(CDC.cpp.o)
 .bss.SerialUSB
                0x0000000020070f4c       0x14 build-arduino_due_x_dbg/libcore.a(CDC.cpp.o)
                0x0000000020070f4c                SerialUSB
 .bss.ul_recv_fifo_ptr
                0x0000000020070f60       0x28 build-arduino_due_x_dbg/libcore.a(uotghs_device.c.o)
 .bss.ul_send_fifo_ptr
                0x0000000020070f88       0x28 build-arduino_due_x_dbg/libcore.a(uotghs_device.c.o)
 .bss._dwTickCount
                0x0000000020070fb0        0x4 build-arduino_due_x_dbg/libcore.a(timetick.c.o)
 *(COMMON)
 COMMON         0x0000000020070fb4        0x4 /home/david/.arduino15/packages/arduino/tools/arm-none-eabi-gcc/4.8.3-2014q1/bin/../lib/gcc/arm-none-eabi/4.8.3/../../../../arm-none-eabi/lib/armv7-m/libc.a(lib_a-reent.o)
                0x0000000020070fb4                errno
                0x0000000020070fb8                . = ALIGN (0x4)
                0x0000000020070fb8                _ebss = .
                0x0000000020070fb8                _ezero = .
                0x0000000020070fb8                . = ALIGN (0x4)
                0x0000000020070fb8                _end = .

.stack_dummy    0x0000000020070fb8        0x0
 *(.stack*)
                0x0000000020088000                __StackTop = (ORIGIN (ram) + 0x18000)
                0x0000000020088000                __StackLimit = (__StackTop - SIZEOF (.stack_dummy))
                0x0000000020088000                PROVIDE (_sstack, __StackLimit)
                0x0000000020088000                PROVIDE (_estack, __StackTop)
OUTPUT(build-arduino_due_x_dbg/tests.elf elf32-littlearm)

.ARM.attributes
                0x0000000000000000       0x29
 .ARM.attributes
                0x0000000000000000       0x1d /home/david/.arduino15/packages/arduino/tools/arm-none-eabi-gcc/4.8.3-2014q1/bin/../lib/gcc/arm-none-eabi/4.8.3/armv7-m/crti.o
 .ARM.attributes
                0x000000000000001d       0x2d /home/david/.arduino15/packages/arduino/tools/arm-none-eabi-gcc/4.8.3-2014q1/bin/../lib/gcc/arm-none-eabi/4.8.3/armv7-m/crtbegin.o
 .ARM.attributes
                0x000000000000004a       0x33 build-arduino_due_x_dbg/adc.cpp.o
 .ARM.attributes
                0x000000000000007d       0x33 build-arduino_due_x_dbg/layer.cpp.o
 .ARM.attributes
                0x00000000000000b0       0x33 build-arduino_due_x_dbg/actfunctions.cpp.o
 .ARM.attributes
                0x00000000000000e3       0x33 build-arduino_due_x_dbg/NN.cpp.o
 .ARM.attributes
                0x0000000000000116       0x33 build-arduino_due_x_dbg/pios.cpp.o
 .ARM.attributes
                0x0000000000000149       0x33 build-arduino_due_x_dbg/pmc.cpp.o
 .ARM.attributes
                0x000000000000017c       0x33 build-arduino_due_x_dbg/pwm.cpp.o
 .ARM.attributes
                0x00000000000001af       0x33 build-arduino_due_x_dbg/tests.ino.o
 .ARM.attributes
                0x00000000000001e2       0x33 /home/david/.arduino15/packages/arduino/hardware/sam/1.6.12/variants/arduino_due_x/libsam_sam3x8e_gcc_rel.a(startup_sam3xa.o)
 .ARM.attributes
                0x0000000000000215       0x33 /home/david/.arduino15/packages/arduino/hardware/sam/1.6.12/variants/arduino_due_x/libsam_sam3x8e_gcc_rel.a(uotghs.o)
 .ARM.attributes
                0x0000000000000248       0x33 build-arduino_due_x_dbg/libcore.a(variant.cpp.o)
 .ARM.attributes
                0x000000000000027b       0x33 build-arduino_due_x_dbg/libcore.a(pmc.c.o)
 .ARM.attributes
                0x00000000000002ae       0x33 build-arduino_due_x_dbg/libcore.a(pio.c.o)
 .ARM.attributes
                0x00000000000002e1       0x33 build-arduino_due_x_dbg/libcore.a(adc.c.o)
 .ARM.attributes
                0x0000000000000314       0x33 build-arduino_due_x_dbg/libcore.a(system_sam3xa.c.o)
 .ARM.attributes
                0x0000000000000347       0x33 build-arduino_due_x_dbg/libcore.a(WInterrupts.c.o)
 .ARM.attributes
                0x000000000000037a       0x33 build-arduino_due_x_dbg/libcore.a(wiring_digital.c.o)
 .ARM.attributes
                0x00000000000003ad       0x33 build-arduino_due_x_dbg/libcore.a(syscalls_sam3.c.o)
 .ARM.attributes
                0x00000000000003e0       0x33 build-arduino_due_x_dbg/libcore.a(wiring_analog.c.o)
 .ARM.attributes
                0x0000000000000413       0x33 build-arduino_due_x_dbg/libcore.a(cortex_handlers.c.o)
 .ARM.attributes
                0x0000000000000446       0x33 build-arduino_due_x_dbg/libcore.a(Reset.cpp.o)
 .ARM.attributes
                0x0000000000000479       0x33 build-arduino_due_x_dbg/libcore.a(USARTClass.cpp.o)
 .ARM.attributes
                0x00000000000004ac       0x33 build-arduino_due_x_dbg/libcore.a(RingBuffer.cpp.o)
 .ARM.attributes
                0x00000000000004df       0x33 build-arduino_due_x_dbg/libcore.a(UARTClass.cpp.o)
 .ARM.attributes
                0x0000000000000512       0x33 build-arduino_due_x_dbg/libcore.a(main.cpp.o)
 .ARM.attributes
                0x0000000000000545       0x33 build-arduino_due_x_dbg/libcore.a(USBCore.cpp.o)
 .ARM.attributes
                0x0000000000000578       0x33 build-arduino_due_x_dbg/libcore.a(PluggableUSB.cpp.o)
 .ARM.attributes
                0x00000000000005ab       0x33 build-arduino_due_x_dbg/libcore.a(CDC.cpp.o)
 .ARM.attributes
                0x00000000000005de       0x33 build-arduino_due_x_dbg/libcore.a(interrupt_sam_nvic.c.o)
 .ARM.attributes
                0x0000000000000611       0x33 build-arduino_due_x_dbg/libcore.a(uotghs_device.c.o)
 .ARM.attributes
                0x0000000000000644       0x33 build-arduino_due_x_dbg/libcore.a(timetick.c.o)
 .ARM.attributes
                0x0000000000000677       0x33 build-arduino_due_x_dbg/libcore.a(wiring.c.o)
 .ARM.attributes
                0x00000000000006aa       0x33 build-arduino_due_x_dbg/libcore.a(hooks.c.o)
 .ARM.attributes
                0x00000000000006dd       0x33 build-arduino_due_x_dbg/libcore.a(Print.cpp.o)
 .ARM.attributes
                0x0000000000000710       0x33 build-arduino_due_x_dbg/libcore.a(watchdog.cpp.o)
 .ARM.attributes
                0x0000000000000743       0x33 build-arduino_due_x_dbg/libcore.a(wdt.c.o)
 .ARM.attributes
                0x0000000000000776       0x1d /home/david/.arduino15/packages/arduino/tools/arm-none-eabi-gcc/4.8.3-2014q1/bin/../lib/gcc/arm-none-eabi/4.8.3/armv7-m/libgcc.a(_arm_addsubdf3.o)
 .ARM.attributes
                0x0000000000000793       0x1d /home/david/.arduino15/packages/arduino/tools/arm-none-eabi-gcc/4.8.3-2014q1/bin/../lib/gcc/arm-none-eabi/4.8.3/armv7-m/libgcc.a(_arm_muldivdf3.o)
 .ARM.attributes
                0x00000000000007b0       0x1d /home/david/.arduino15/packages/arduino/tools/arm-none-eabi-gcc/4.8.3-2014q1/bin/../lib/gcc/arm-none-eabi/4.8.3/armv7-m/libgcc.a(_arm_fixunsdfsi.o)
 .ARM.attributes
                0x00000000000007cd       0x1d /home/david/.arduino15/packages/arduino/tools/arm-none-eabi-gcc/4.8.3-2014q1/bin/../lib/gcc/arm-none-eabi/4.8.3/armv7-m/libgcc.a(_arm_addsubsf3.o)
 .ARM.attributes
                0x00000000000007ea       0x1d /home/david/.arduino15/packages/arduino/tools/arm-none-eabi-gcc/4.8.3-2014q1/bin/../lib/gcc/arm-none-eabi/4.8.3/armv7-m/libgcc.a(_arm_muldivsf3.o)
 .ARM.attributes
                0x0000000000000807       0x1d /home/david/.arduino15/packages/arduino/tools/arm-none-eabi-gcc/4.8.3-2014q1/bin/../lib/gcc/arm-none-eabi/4.8.3/armv7-m/libgcc.a(_arm_cmpsf2.o)
 .ARM.attributes
                0x0000000000000824       0x2d /home/david/.arduino15/packages/arduino/tools/arm-none-eabi-gcc/4.8.3-2014q1/bin/../lib/gcc/arm-none-eabi/4.8.3/../../../../arm-none-eabi/lib/armv7-m/libc.a(lib_a-aeabi_atexit.o)
 .ARM.attributes
                0x0000000000000851       0x2d /home/david/.arduino15/packages/arduino/tools/arm-none-eabi-gcc/4.8.3-2014q1/bin/../lib/gcc/arm-none-eabi/4.8.3/../../../../arm-none-eabi/lib/armv7-m/libc.a(lib_a-cxa_atexit.o)
 .ARM.attributes
                0x000000000000087e       0x2d /home/david/.arduino15/packages/arduino/tools/arm-none-eabi-gcc/4.8.3-2014q1/bin/../lib/gcc/arm-none-eabi/4.8.3/../../../../arm-none-eabi/lib/armv7-m/libc.a(lib_a-impure.o)
 .ARM.attributes
                0x00000000000008ab       0x2d /home/david/.arduino15/packages/arduino/tools/arm-none-eabi-gcc/4.8.3-2014q1/bin/../lib/gcc/arm-none-eabi/4.8.3/../../../../arm-none-eabi/lib/armv7-m/libc.a(lib_a-init.o)
 .ARM.attributes
                0x00000000000008d8       0x2d /home/david/.arduino15/packages/arduino/tools/arm-none-eabi-gcc/4.8.3-2014q1/bin/../lib/gcc/arm-none-eabi/4.8.3/../../../../arm-none-eabi/lib/armv7-m/libc.a(lib_a-memset.o)
 .ARM.attributes
                0x0000000000000905       0x2d /home/david/.arduino15/packages/arduino/tools/arm-none-eabi-gcc/4.8.3-2014q1/bin/../lib/gcc/arm-none-eabi/4.8.3/../../../../arm-none-eabi/lib/armv7-m/libc.a(lib_a-strlen.o)
 .ARM.attributes
                0x0000000000000932       0x2d /home/david/.arduino15/packages/arduino/tools/arm-none-eabi-gcc/4.8.3-2014q1/bin/../lib/gcc/arm-none-eabi/4.8.3/../../../../arm-none-eabi/lib/armv7-m/libc.a(lib_a-syskill.o)
 .ARM.attributes
                0x000000000000095f       0x2d /home/david/.arduino15/packages/arduino/tools/arm-none-eabi-gcc/4.8.3-2014q1/bin/../lib/gcc/arm-none-eabi/4.8.3/../../../../arm-none-eabi/lib/armv7-m/libc.a(lib_a-__atexit.o)
 .ARM.attributes
                0x000000000000098c       0x2d /home/david/.arduino15/packages/arduino/tools/arm-none-eabi-gcc/4.8.3-2014q1/bin/../lib/gcc/arm-none-eabi/4.8.3/../../../../arm-none-eabi/lib/armv7-m/libc.a(lib_a-__call_atexit.o)
 .ARM.attributes
                0x00000000000009b9       0x2d /home/david/.arduino15/packages/arduino/tools/arm-none-eabi-gcc/4.8.3-2014q1/bin/../lib/gcc/arm-none-eabi/4.8.3/../../../../arm-none-eabi/lib/armv7-m/libc.a(lib_a-atexit.o)
 .ARM.attributes
                0x00000000000009e6       0x2d /home/david/.arduino15/packages/arduino/tools/arm-none-eabi-gcc/4.8.3-2014q1/bin/../lib/gcc/arm-none-eabi/4.8.3/../../../../arm-none-eabi/lib/armv7-m/libc.a(lib_a-fini.o)
 .ARM.attributes
                0x0000000000000a13       0x2d /home/david/.arduino15/packages/arduino/tools/arm-none-eabi-gcc/4.8.3-2014q1/bin/../lib/gcc/arm-none-eabi/4.8.3/../../../../arm-none-eabi/lib/armv7-m/libc.a(lib_a-signalr.o)
 .ARM.attributes
                0x0000000000000a40       0x2d /home/david/.arduino15/packages/arduino/tools/arm-none-eabi-gcc/4.8.3-2014q1/bin/../lib/gcc/arm-none-eabi/4.8.3/../../../../arm-none-eabi/lib/armv7-m/libc.a(lib_a-reent.o)
 .ARM.attributes
                0x0000000000000a6d       0x1d /home/david/.arduino15/packages/arduino/tools/arm-none-eabi-gcc/4.8.3-2014q1/bin/../lib/gcc/arm-none-eabi/4.8.3/armv7-m/crtn.o

.comment        0x0000000000000000       0xf0
 .comment       0x0000000000000000       0x80 build-arduino_due_x_dbg/adc.cpp.o
                                         0x81 (size before relaxing)
 .comment       0x0000000000000000       0x81 build-arduino_due_x_dbg/layer.cpp.o
 .comment       0x0000000000000000       0x81 build-arduino_due_x_dbg/actfunctions.cpp.o
 .comment       0x0000000000000000       0x81 build-arduino_due_x_dbg/NN.cpp.o
 .comment       0x0000000000000000       0x81 build-arduino_due_x_dbg/pios.cpp.o
 .comment       0x0000000000000000       0x81 build-arduino_due_x_dbg/pmc.cpp.o
 .comment       0x0000000000000000       0x81 build-arduino_due_x_dbg/pwm.cpp.o
 .comment       0x0000000000000000       0x81 build-arduino_due_x_dbg/tests.ino.o
 .comment       0x0000000000000080       0x70 /home/david/.arduino15/packages/arduino/hardware/sam/1.6.12/variants/arduino_due_x/libsam_sam3x8e_gcc_rel.a(startup_sam3xa.o)
                                         0x71 (size before relaxing)
 .comment       0x0000000000000000       0x71 /home/david/.arduino15/packages/arduino/hardware/sam/1.6.12/variants/arduino_due_x/libsam_sam3x8e_gcc_rel.a(uotghs.o)
 .comment       0x0000000000000000       0x81 build-arduino_due_x_dbg/libcore.a(variant.cpp.o)
 .comment       0x0000000000000000       0x81 build-arduino_due_x_dbg/libcore.a(pmc.c.o)
 .comment       0x0000000000000000       0x81 build-arduino_due_x_dbg/libcore.a(pio.c.o)
 .comment       0x0000000000000000       0x81 build-arduino_due_x_dbg/libcore.a(adc.c.o)
 .comment       0x0000000000000000       0x81 build-arduino_due_x_dbg/libcore.a(system_sam3xa.c.o)
 .comment       0x0000000000000000       0x81 build-arduino_due_x_dbg/libcore.a(WInterrupts.c.o)
 .comment       0x0000000000000000       0x81 build-arduino_due_x_dbg/libcore.a(wiring_digital.c.o)
 .comment       0x0000000000000000       0x81 build-arduino_due_x_dbg/libcore.a(syscalls_sam3.c.o)
 .comment       0x0000000000000000       0x81 build-arduino_due_x_dbg/libcore.a(wiring_analog.c.o)
 .comment       0x0000000000000000       0x81 build-arduino_due_x_dbg/libcore.a(cortex_handlers.c.o)
 .comment       0x0000000000000000       0x81 build-arduino_due_x_dbg/libcore.a(Reset.cpp.o)
 .comment       0x0000000000000000       0x81 build-arduino_due_x_dbg/libcore.a(USARTClass.cpp.o)
 .comment       0x0000000000000000       0x81 build-arduino_due_x_dbg/libcore.a(RingBuffer.cpp.o)
 .comment       0x0000000000000000       0x81 build-arduino_due_x_dbg/libcore.a(UARTClass.cpp.o)
 .comment       0x0000000000000000       0x81 build-arduino_due_x_dbg/libcore.a(main.cpp.o)
 .comment       0x0000000000000000       0x81 build-arduino_due_x_dbg/libcore.a(USBCore.cpp.o)
 .comment       0x0000000000000000       0x81 build-arduino_due_x_dbg/libcore.a(PluggableUSB.cpp.o)
 .comment       0x0000000000000000       0x81 build-arduino_due_x_dbg/libcore.a(CDC.cpp.o)
 .comment       0x0000000000000000       0x81 build-arduino_due_x_dbg/libcore.a(interrupt_sam_nvic.c.o)
 .comment       0x0000000000000000       0x81 build-arduino_due_x_dbg/libcore.a(uotghs_device.c.o)
 .comment       0x0000000000000000       0x81 build-arduino_due_x_dbg/libcore.a(timetick.c.o)
 .comment       0x0000000000000000       0x81 build-arduino_due_x_dbg/libcore.a(wiring.c.o)
 .comment       0x0000000000000000       0x81 build-arduino_due_x_dbg/libcore.a(hooks.c.o)
 .comment       0x0000000000000000       0x81 build-arduino_due_x_dbg/libcore.a(Print.cpp.o)
 .comment       0x0000000000000000       0x81 build-arduino_due_x_dbg/libcore.a(watchdog.cpp.o)
 .comment       0x0000000000000000       0x81 build-arduino_due_x_dbg/libcore.a(wdt.c.o)

.debug_frame    0x0000000000000000      0x228
 .debug_frame   0x0000000000000000       0x20 /home/david/.arduino15/packages/arduino/tools/arm-none-eabi-gcc/4.8.3-2014q1/bin/../lib/gcc/arm-none-eabi/4.8.3/../../../../arm-none-eabi/lib/armv7-m/libc.a(lib_a-aeabi_atexit.o)
 .debug_frame   0x0000000000000020       0x28 /home/david/.arduino15/packages/arduino/tools/arm-none-eabi-gcc/4.8.3-2014q1/bin/../lib/gcc/arm-none-eabi/4.8.3/../../../../arm-none-eabi/lib/armv7-m/libc.a(lib_a-cxa_atexit.o)
 .debug_frame   0x0000000000000048       0x2c /home/david/.arduino15/packages/arduino/tools/arm-none-eabi-gcc/4.8.3-2014q1/bin/../lib/gcc/arm-none-eabi/4.8.3/../../../../arm-none-eabi/lib/armv7-m/libc.a(lib_a-init.o)
 .debug_frame   0x0000000000000074       0x2c /home/david/.arduino15/packages/arduino/tools/arm-none-eabi-gcc/4.8.3-2014q1/bin/../lib/gcc/arm-none-eabi/4.8.3/../../../../arm-none-eabi/lib/armv7-m/libc.a(lib_a-memset.o)
 .debug_frame   0x00000000000000a0       0x20 /home/david/.arduino15/packages/arduino/tools/arm-none-eabi-gcc/4.8.3-2014q1/bin/../lib/gcc/arm-none-eabi/4.8.3/../../../../arm-none-eabi/lib/armv7-m/libc.a(lib_a-strlen.o)
 .debug_frame   0x00000000000000c0       0x20 /home/david/.arduino15/packages/arduino/tools/arm-none-eabi-gcc/4.8.3-2014q1/bin/../lib/gcc/arm-none-eabi/4.8.3/../../../../arm-none-eabi/lib/armv7-m/libc.a(lib_a-syskill.o)
 .debug_frame   0x00000000000000e0       0x30 /home/david/.arduino15/packages/arduino/tools/arm-none-eabi-gcc/4.8.3-2014q1/bin/../lib/gcc/arm-none-eabi/4.8.3/../../../../arm-none-eabi/lib/armv7-m/libc.a(lib_a-__atexit.o)
 .debug_frame   0x0000000000000110       0x48 /home/david/.arduino15/packages/arduino/tools/arm-none-eabi-gcc/4.8.3-2014q1/bin/../lib/gcc/arm-none-eabi/4.8.3/../../../../arm-none-eabi/lib/armv7-m/libc.a(lib_a-__call_atexit.o)
 .debug_frame   0x0000000000000158       0x20 /home/david/.arduino15/packages/arduino/tools/arm-none-eabi-gcc/4.8.3-2014q1/bin/../lib/gcc/arm-none-eabi/4.8.3/../../../../arm-none-eabi/lib/armv7-m/libc.a(lib_a-atexit.o)
 .debug_frame   0x0000000000000178       0x2c /home/david/.arduino15/packages/arduino/tools/arm-none-eabi-gcc/4.8.3-2014q1/bin/../lib/gcc/arm-none-eabi/4.8.3/../../../../arm-none-eabi/lib/armv7-m/libc.a(lib_a-fini.o)
 .debug_frame   0x00000000000001a4       0x3c /home/david/.arduino15/packages/arduino/tools/arm-none-eabi-gcc/4.8.3-2014q1/bin/../lib/gcc/arm-none-eabi/4.8.3/../../../../arm-none-eabi/lib/armv7-m/libc.a(lib_a-signalr.o)
 .debug_frame   0x00000000000001e0       0x48 /home/david/.arduino15/packages/arduino/tools/arm-none-eabi-gcc/4.8.3-2014q1/bin/../lib/gcc/arm-none-eabi/4.8.3/../../../../arm-none-eabi/lib/armv7-m/libc.a(lib_a-reent.o)

Cross Reference Table

Symbol                                            File
ADC_Handler                                       build-arduino_due_x_dbg/tests.ino.o
                                                  /home/david/.arduino15/packages/arduino/hardware/sam/1.6.12/variants/arduino_due_x/libsam_sam3x8e_gcc_rel.a(startup_sam3xa.o)
BusFault_Handler                                  build-arduino_due_x_dbg/libcore.a(cortex_handlers.c.o)
                                                  /home/david/.arduino15/packages/arduino/hardware/sam/1.6.12/variants/arduino_due_x/libsam_sam3x8e_gcc_rel.a(startup_sam3xa.o)
CAN0_Handler                                      build-arduino_due_x_dbg/libcore.a(cortex_handlers.c.o)
                                                  /home/david/.arduino15/packages/arduino/hardware/sam/1.6.12/variants/arduino_due_x/libsam_sam3x8e_gcc_rel.a(startup_sam3xa.o)
CAN1_Handler                                      build-arduino_due_x_dbg/libcore.a(cortex_handlers.c.o)
                                                  /home/david/.arduino15/packages/arduino/hardware/sam/1.6.12/variants/arduino_due_x/libsam_sam3x8e_gcc_rel.a(startup_sam3xa.o)
CDC_GetInterface(unsigned char*)                  build-arduino_due_x_dbg/libcore.a(CDC.cpp.o)
                                                  build-arduino_due_x_dbg/libcore.a(USBCore.cpp.o)
CDC_GetOtherInterface(unsigned char*)             build-arduino_due_x_dbg/libcore.a(CDC.cpp.o)
                                                  build-arduino_due_x_dbg/libcore.a(USBCore.cpp.o)
CDC_Setup(USBSetup&)                              build-arduino_due_x_dbg/libcore.a(CDC.cpp.o)
                                                  build-arduino_due_x_dbg/libcore.a(USBCore.cpp.o)
CustomADC::Config(bool, unsigned char, unsigned char, unsigned char, unsigned char, unsigned char, unsigned char) build-arduino_due_x_dbg/adc.cpp.o
CustomADC::Control(unsigned char, unsigned char)  build-arduino_due_x_dbg/adc.cpp.o
CustomADC::CustomADC(unsigned short*, unsigned char, bool, CustomPIO, CustomPMC) build-arduino_due_x_dbg/adc.cpp.o
                                                  build-arduino_due_x_dbg/tests.ino.o
CustomADC::CustomADC(unsigned short*, unsigned char, bool, CustomPIO, CustomPMC) build-arduino_due_x_dbg/adc.cpp.o
CustomADC::DisableEOCInterrupts(unsigned short*, unsigned char) build-arduino_due_x_dbg/adc.cpp.o
CustomADC::DisableUnusedChannels()                build-arduino_due_x_dbg/adc.cpp.o
CustomADC::EnableChannels(unsigned short*, unsigned char) build-arduino_due_x_dbg/adc.cpp.o
CustomADC::EnableEOCInterrupts(unsigned short*, unsigned char) build-arduino_due_x_dbg/adc.cpp.o
CustomADC::GetPin(unsigned short, unsigned long&, Pio*&) build-arduino_due_x_dbg/adc.cpp.o
CustomADC::LastChannelData(unsigned char)         build-arduino_due_x_dbg/adc.cpp.o
                                                  build-arduino_due_x_dbg/tests.ino.o
CustomADC::LastConvertedData()                    build-arduino_due_x_dbg/adc.cpp.o
CustomADC::WriteProtect(unsigned char)            build-arduino_due_x_dbg/adc.cpp.o
CustomADC::~CustomADC()                           build-arduino_due_x_dbg/adc.cpp.o
CustomADC::~CustomADC()                           build-arduino_due_x_dbg/adc.cpp.o
                                                  build-arduino_due_x_dbg/tests.ino.o
CustomPIO::ActivatePeripheralControl(unsigned long*, unsigned char, Pio**) build-arduino_due_x_dbg/pios.cpp.o
                                                  build-arduino_due_x_dbg/pwm.cpp.o
                                                  build-arduino_due_x_dbg/adc.cpp.o
CustomPIO::ChangePeripheral(unsigned long*, unsigned char, Pio**) build-arduino_due_x_dbg/pios.cpp.o
                                                  build-arduino_due_x_dbg/pwm.cpp.o
CustomPIO::CustomPIO(unsigned long*, unsigned char, Pio**) build-arduino_due_x_dbg/pios.cpp.o
                                                  build-arduino_due_x_dbg/tests.ino.o
CustomPIO::CustomPIO(unsigned long*, unsigned char, Pio**) build-arduino_due_x_dbg/pios.cpp.o
CustomPIO::DeactivatePeripheralControl(unsigned long*, unsigned char, Pio**) build-arduino_due_x_dbg/pios.cpp.o
CustomPIO::EnableWriteProtection(unsigned char, Pio*) build-arduino_due_x_dbg/pios.cpp.o
CustomPIO::SetOutputPins(unsigned long*, unsigned char, Pio**) build-arduino_due_x_dbg/pios.cpp.o
CustomPIO::SetOutputsHigh(unsigned long, Pio*)    build-arduino_due_x_dbg/pios.cpp.o
                                                  build-arduino_due_x_dbg/movements.cpp.o
CustomPIO::SetOutputsLow(unsigned long, Pio*)     build-arduino_due_x_dbg/pios.cpp.o
                                                  build-arduino_due_x_dbg/movements.cpp.o
CustomPIO::~CustomPIO()                           build-arduino_due_x_dbg/pios.cpp.o
                                                  build-arduino_due_x_dbg/tests.ino.o
CustomPIO::~CustomPIO()                           build-arduino_due_x_dbg/pios.cpp.o
CustomPMC::ConfigMainOSC(unsigned char, unsigned char, unsigned char, unsigned char, unsigned char) build-arduino_due_x_dbg/pmc.cpp.o
CustomPMC::CustomPMC()                            build-arduino_due_x_dbg/pmc.cpp.o
                                                  build-arduino_due_x_dbg/tests.ino.o
CustomPMC::CustomPMC()                            build-arduino_due_x_dbg/pmc.cpp.o
CustomPMC::EnablePeripheralClock(unsigned char)   build-arduino_due_x_dbg/pmc.cpp.o
                                                  build-arduino_due_x_dbg/pwm.cpp.o
                                                  build-arduino_due_x_dbg/adc.cpp.o
CustomPMC::WriteProtection(unsigned char)         build-arduino_due_x_dbg/pmc.cpp.o
CustomPMC::~CustomPMC()                           build-arduino_due_x_dbg/pmc.cpp.o
CustomPMC::~CustomPMC()                           build-arduino_due_x_dbg/pmc.cpp.o
                                                  build-arduino_due_x_dbg/tests.ino.o
CustomPWM::CheckWriteProtectStatus(unsigned char) build-arduino_due_x_dbg/pwm.cpp.o
CustomPWM::ClockGenerator(unsigned char, unsigned char, unsigned char, unsigned char) build-arduino_due_x_dbg/pwm.cpp.o
CustomPWM::ComparisonMode(unsigned long, unsigned char) build-arduino_due_x_dbg/pwm.cpp.o
CustomPWM::CustomPWM(unsigned short*, unsigned char, bool, unsigned char, CustomPIO, CustomPMC) build-arduino_due_x_dbg/pwm.cpp.o
CustomPWM::CustomPWM(unsigned short*, unsigned char, bool, unsigned char, CustomPIO, CustomPMC) build-arduino_due_x_dbg/pwm.cpp.o
                                                  build-arduino_due_x_dbg/tests.ino.o
CustomPWM::DisableUnusedChannels()                build-arduino_due_x_dbg/pwm.cpp.o
CustomPWM::EnableChannels(unsigned short*, unsigned char) build-arduino_due_x_dbg/pwm.cpp.o
CustomPWM::EnableComparisonOnLine(unsigned char, unsigned char) build-arduino_due_x_dbg/pwm.cpp.o
CustomPWM::GetPin(unsigned char, unsigned long&, Pio*&) build-arduino_due_x_dbg/pwm.cpp.o
CustomPWM::SetCPRD(unsigned short, unsigned char) build-arduino_due_x_dbg/pwm.cpp.o
CustomPWM::SetDuty(float, unsigned char)          build-arduino_due_x_dbg/pwm.cpp.o
CustomPWM::SetupChannelMode(unsigned char, unsigned char, unsigned char, unsigned char, unsigned char, unsigned char, unsigned char, unsigned char) build-arduino_due_x_dbg/pwm.cpp.o
CustomPWM::~CustomPWM()                           build-arduino_due_x_dbg/pwm.cpp.o
                                                  build-arduino_due_x_dbg/tests.ino.o
CustomPWM::~CustomPWM()                           build-arduino_due_x_dbg/pwm.cpp.o
DACC_Handler                                      build-arduino_due_x_dbg/libcore.a(cortex_handlers.c.o)
                                                  /home/david/.arduino15/packages/arduino/hardware/sam/1.6.12/variants/arduino_due_x/libsam_sam3x8e_gcc_rel.a(startup_sam3xa.o)
DMAC_Handler                                      build-arduino_due_x_dbg/libcore.a(cortex_handlers.c.o)
                                                  /home/david/.arduino15/packages/arduino/hardware/sam/1.6.12/variants/arduino_due_x/libsam_sam3x8e_gcc_rel.a(startup_sam3xa.o)
DebugMon_Handler                                  build-arduino_due_x_dbg/libcore.a(cortex_handlers.c.o)
                                                  /home/david/.arduino15/packages/arduino/hardware/sam/1.6.12/variants/arduino_due_x/libsam_sam3x8e_gcc_rel.a(startup_sam3xa.o)
EFC0_Handler                                      build-arduino_due_x_dbg/libcore.a(cortex_handlers.c.o)
                                                  /home/david/.arduino15/packages/arduino/hardware/sam/1.6.12/variants/arduino_due_x/libsam_sam3x8e_gcc_rel.a(startup_sam3xa.o)
EFC1_Handler                                      build-arduino_due_x_dbg/libcore.a(cortex_handlers.c.o)
                                                  /home/david/.arduino15/packages/arduino/hardware/sam/1.6.12/variants/arduino_due_x/libsam_sam3x8e_gcc_rel.a(startup_sam3xa.o)
EMAC_Handler                                      build-arduino_due_x_dbg/libcore.a(cortex_handlers.c.o)
                                                  /home/david/.arduino15/packages/arduino/hardware/sam/1.6.12/variants/arduino_due_x/libsam_sam3x8e_gcc_rel.a(startup_sam3xa.o)
EnableInterrupts                                  build-arduino_due_x_dbg/tests.ino.o
EndPoints                                         build-arduino_due_x_dbg/libcore.a(USBCore.cpp.o)
                                                  build-arduino_due_x_dbg/libcore.a(PluggableUSB.cpp.o)
GetTickCount                                      build-arduino_due_x_dbg/libcore.a(timetick.c.o)
                                                  build-arduino_due_x_dbg/libcore.a(wiring.c.o)
HSMCI_Handler                                     build-arduino_due_x_dbg/libcore.a(cortex_handlers.c.o)
                                                  /home/david/.arduino15/packages/arduino/hardware/sam/1.6.12/variants/arduino_due_x/libsam_sam3x8e_gcc_rel.a(startup_sam3xa.o)
HardFault_Handler                                 build-arduino_due_x_dbg/libcore.a(cortex_handlers.c.o)
                                                  /home/david/.arduino15/packages/arduino/hardware/sam/1.6.12/variants/arduino_due_x/libsam_sam3x8e_gcc_rel.a(startup_sam3xa.o)
Identity(float)                                   build-arduino_due_x_dbg/actfunctions.cpp.o
                                                  build-arduino_due_x_dbg/tests.ino.o
Layer::ComputeLayer(float*, float*)               build-arduino_due_x_dbg/layer.cpp.o
                                                  build-arduino_due_x_dbg/NN.cpp.o
Layer::GetNInputs()                               build-arduino_due_x_dbg/layer.cpp.o
                                                  build-arduino_due_x_dbg/NN.cpp.o
Layer::GetNOutputs()                              build-arduino_due_x_dbg/layer.cpp.o
                                                  build-arduino_due_x_dbg/NN.cpp.o
Layer::Init(unsigned char, unsigned char, float*, float*, float (*)(float)) build-arduino_due_x_dbg/layer.cpp.o
                                                  build-arduino_due_x_dbg/NN.cpp.o
Layer::Layer()                                    build-arduino_due_x_dbg/layer.cpp.o
                                                  build-arduino_due_x_dbg/NN.cpp.o
Layer::Layer()                                    build-arduino_due_x_dbg/layer.cpp.o
Layer::~Layer()                                   build-arduino_due_x_dbg/layer.cpp.o
                                                  build-arduino_due_x_dbg/NN.cpp.o