Archive member included because of file (symbol)

/home/david/.arduino15/packages/arduino/hardware/sam/1.6.12/variants/arduino_due_x/libsam_sam3x8e_gcc_rel.a(startup_sam3xa.o)
                              (Reset_Handler)
/home/david/.arduino15/packages/arduino/hardware/sam/1.6.12/variants/arduino_due_x/libsam_sam3x8e_gcc_rel.a(uotghs.o)
                              /home/david/.arduino15/packages/arduino/hardware/sam/1.6.12/variants/arduino_due_x/libsam_sam3x8e_gcc_rel.a(startup_sam3xa.o) (UOTGHS_Handler)
/home/david/.arduino15/packages/arduino/tools/arm-none-eabi-gcc/4.8.3-2014q1/bin/../lib/gcc/arm-none-eabi/4.8.3/../../../../arm-none-eabi/lib/armv7-m/libm.a(lib_a-w_exp.o)
                              build-arduino_due_x_dbg/actfunctions.cpp.o (exp)
/home/david/.arduino15/packages/arduino/tools/arm-none-eabi-gcc/4.8.3-2014q1/bin/../lib/gcc/arm-none-eabi/4.8.3/../../../../arm-none-eabi/lib/armv7-m/libm.a(lib_a-e_exp.o)
                              /home/david/.arduino15/packages/arduino/tools/arm-none-eabi-gcc/4.8.3-2014q1/bin/../lib/gcc/arm-none-eabi/4.8.3/../../../../arm-none-eabi/lib/armv7-m/libm.a(lib_a-w_exp.o) (__ieee754_exp)
/home/david/.arduino15/packages/arduino/tools/arm-none-eabi-gcc/4.8.3-2014q1/bin/../lib/gcc/arm-none-eabi/4.8.3/../../../../arm-none-eabi/lib/armv7-m/libm.a(lib_a-s_finite.o)
                              /home/david/.arduino15/packages/arduino/tools/arm-none-eabi-gcc/4.8.3-2014q1/bin/../lib/gcc/arm-none-eabi/4.8.3/../../../../arm-none-eabi/lib/armv7-m/libm.a(lib_a-w_exp.o) (finite)
/home/david/.arduino15/packages/arduino/tools/arm-none-eabi-gcc/4.8.3-2014q1/bin/../lib/gcc/arm-none-eabi/4.8.3/../../../../arm-none-eabi/lib/armv7-m/libm.a(lib_a-s_lib_ver.o)
                              /home/david/.arduino15/packages/arduino/tools/arm-none-eabi-gcc/4.8.3-2014q1/bin/../lib/gcc/arm-none-eabi/4.8.3/../../../../arm-none-eabi/lib/armv7-m/libm.a(lib_a-w_exp.o) (__fdlib_version)
/home/david/.arduino15/packages/arduino/tools/arm-none-eabi-gcc/4.8.3-2014q1/bin/../lib/gcc/arm-none-eabi/4.8.3/../../../../arm-none-eabi/lib/armv7-m/libm.a(lib_a-s_matherr.o)
                              /home/david/.arduino15/packages/arduino/tools/arm-none-eabi-gcc/4.8.3-2014q1/bin/../lib/gcc/arm-none-eabi/4.8.3/../../../../arm-none-eabi/lib/armv7-m/libm.a(lib_a-w_exp.o) (matherr)
build-arduino_due_x_dbg/libcore.a(variant.cpp.o)
                              /home/david/.arduino15/packages/arduino/hardware/sam/1.6.12/variants/arduino_due_x/libsam_sam3x8e_gcc_rel.a(startup_sam3xa.o) (UART_Handler)
build-arduino_due_x_dbg/libcore.a(pmc.c.o)
                              build-arduino_due_x_dbg/libcore.a(variant.cpp.o) (pmc_enable_periph_clk)
build-arduino_due_x_dbg/libcore.a(pio.c.o)
                              build-arduino_due_x_dbg/libcore.a(variant.cpp.o) (PIO_Configure)
build-arduino_due_x_dbg/libcore.a(adc.c.o)
                              build-arduino_due_x_dbg/libcore.a(variant.cpp.o) (adc_init)
build-arduino_due_x_dbg/libcore.a(system_sam3xa.c.o)
                              build-arduino_due_x_dbg/libcore.a(variant.cpp.o) (SystemInit)
build-arduino_due_x_dbg/libcore.a(WInterrupts.c.o)
                              /home/david/.arduino15/packages/arduino/hardware/sam/1.6.12/variants/arduino_due_x/libsam_sam3x8e_gcc_rel.a(startup_sam3xa.o) (PIOA_Handler)
build-arduino_due_x_dbg/libcore.a(wiring_digital.c.o)
                              build-arduino_due_x_dbg/libcore.a(variant.cpp.o) (digitalWrite)
build-arduino_due_x_dbg/libcore.a(syscalls_sam3.c.o)
                              (_sbrk)
build-arduino_due_x_dbg/libcore.a(wiring_analog.c.o)
                              build-arduino_due_x_dbg/libcore.a(variant.cpp.o) (analogOutputInit)
build-arduino_due_x_dbg/libcore.a(cortex_handlers.c.o)
                              /home/david/.arduino15/packages/arduino/hardware/sam/1.6.12/variants/arduino_due_x/libsam_sam3x8e_gcc_rel.a(startup_sam3xa.o) (NMI_Handler)
build-arduino_due_x_dbg/libcore.a(Reset.cpp.o)
                              build-arduino_due_x_dbg/libcore.a(cortex_handlers.c.o) (tickReset)
build-arduino_due_x_dbg/libcore.a(USARTClass.cpp.o)
                              build-arduino_due_x_dbg/libcore.a(variant.cpp.o) (USARTClass::USARTClass(Usart*, IRQn, unsigned long, RingBuffer*, RingBuffer*))
build-arduino_due_x_dbg/libcore.a(RingBuffer.cpp.o)
                              build-arduino_due_x_dbg/libcore.a(variant.cpp.o) (RingBuffer::RingBuffer())
build-arduino_due_x_dbg/libcore.a(UARTClass.cpp.o)
                              build-arduino_due_x_dbg/libcore.a(variant.cpp.o) (UARTClass::available())
build-arduino_due_x_dbg/libcore.a(main.cpp.o)
                              /home/david/.arduino15/packages/arduino/tools/arm-none-eabi-gcc/4.8.3-2014q1/bin/../lib/gcc/arm-none-eabi/4.8.3/../../../../arm-none-eabi/lib/armv7-m/crt0.o (main)
build-arduino_due_x_dbg/libcore.a(USBCore.cpp.o)
                              build-arduino_due_x_dbg/libcore.a(main.cpp.o) (USBDevice_::attach())
[...]
Memory Configuration

Name             Origin             Length             Attributes
rom              0x0000000000080000 0x0000000000080000 xr
sram0            0x0000000020000000 0x0000000000010000 xrw
sram1            0x0000000020080000 0x0000000000008000 xrw
ram              0x0000000020070000 0x0000000000018000 xrw
*default*        0x0000000000000000 0xffffffffffffffff

Linker script and memory map

LOAD /home/david/.arduino15/packages/arduino/tools/arm-none-eabi-gcc/4.8.3-2014q1/bin/../lib/gcc/arm-none-eabi/4.8.3/armv7-m/crti.o
LOAD /home/david/.arduino15/packages/arduino/tools/arm-none-eabi-gcc/4.8.3-2014q1/bin/../lib/gcc/arm-none-eabi/4.8.3/armv7-m/crtbegin.o
LOAD /home/david/.arduino15/packages/arduino/tools/arm-none-eabi-gcc/4.8.3-2014q1/bin/../lib/gcc/arm-none-eabi/4.8.3/../../../../arm-none-eabi/lib/armv7-m/crt0.o
LOAD build-arduino_due_x_dbg/adc.cpp.o
LOAD build-arduino_due_x_dbg/layer.cpp.o
LOAD build-arduino_due_x_dbg/actfunctions.cpp.o
LOAD build-arduino_due_x_dbg/NN.cpp.o
LOAD build-arduino_due_x_dbg/pios.cpp.o
LOAD build-arduino_due_x_dbg/pmc.cpp.o
LOAD build-arduino_due_x_dbg/pwm.cpp.o
LOAD build-arduino_due_x_dbg/tests.ino.o
LOAD /home/david/.arduino15/packages/arduino/hardware/sam/1.6.12/variants/arduino_due_x/libsam_sam3x8e_gcc_rel.a
START GROUP
LOAD /home/david/.arduino15/packages/arduino/tools/arm-none-eabi-gcc/4.8.3-2014q1/bin/../lib/gcc/arm-none-eabi/4.8.3/../../../../arm-none-eabi/lib/armv7-m/libm.a
LOAD build-arduino_due_x_dbg/libcore.a
END GROUP
START GROUP
LOAD /home/david/.arduino15/packages/arduino/tools/arm-none-eabi-gcc/4.8.3-2014q1/bin/../lib/gcc/arm-none-eabi/4.8.3/armv7-m/libgcc.a
LOAD /home/david/.arduino15/packages/arduino/tools/arm-none-eabi-gcc/4.8.3-2014q1/bin/../lib/gcc/arm-none-eabi/4.8.3/../../../../arm-none-eabi/lib/armv7-m/libc.a
END GROUP
LOAD /home/david/.arduino15/packages/arduino/tools/arm-none-eabi-gcc/4.8.3-2014q1/bin/../lib/gcc/arm-none-eabi/4.8.3/armv7-m/crtend.o
LOAD /home/david/.arduino15/packages/arduino/tools/arm-none-eabi-gcc/4.8.3-2014q1/bin/../lib/gcc/arm-none-eabi/4.8.3/armv7-m/crtn.o

.text           0x0000000000080000     0x3c18
                0x0000000000080000                . = ALIGN (0x4)
                0x0000000000080000                _sfixed = .
 *(.vectors .vectors.*)
 .vectors       0x0000000000080000       0xf4 /home/david/.arduino15/packages/arduino/hardware/sam/1.6.12/variants/arduino_due_x/libsam_sam3x8e_gcc_rel.a(startup_sam3xa.o)
                0x0000000000080000                exception_table
 *(.text .text.* .gnu.linkonce.t.*)
 .text          0x00000000000800f4       0x54 /home/david/.arduino15/packages/arduino/tools/arm-none-eabi-gcc/4.8.3-2014q1/bin/../lib/gcc/arm-none-eabi/4.8.3/armv7-m/crtbegin.o
 .text._Z21DisableUnusedChannelsv
                0x0000000000080148       0x14 build-arduino_due_x_dbg/adc.cpp.o
                0x0000000000080148                DisableUnusedChannels()
 .text._Z14EnableChannelsPth
                0x000000000008015c       0x28 build-arduino_due_x_dbg/adc.cpp.o
                0x000000000008015c                EnableChannels(unsigned short*, unsigned char)
 .text._Z15LastChannelDatah
                0x0000000000080184       0x10 build-arduino_due_x_dbg/adc.cpp.o
                0x0000000000080184                LastChannelData(unsigned char)
 .text._Z19EnableEOCInterruptsPth
                0x0000000000080194       0x20 build-arduino_due_x_dbg/adc.cpp.o
                0x0000000000080194                EnableEOCInterrupts(unsigned short*, unsigned char)
 .text._Z6GetPintRmRP3Pio
                0x00000000000801b4       0x3c build-arduino_due_x_dbg/adc.cpp.o
                0x00000000000801b4                GetPin(unsigned short, unsigned long&, Pio*&)
 .text._Z9adc_setupPthb
                0x00000000000801f0       0x8c build-arduino_due_x_dbg/adc.cpp.o
                0x00000000000801f0                adc_setup(unsigned short*, unsigned char, bool)
 .text._ZN5LayerC2Ev
                0x000000000008027c        0x2 build-arduino_due_x_dbg/layer.cpp.o
                0x000000000008027c                Layer::Layer()
                0x000000000008027c                Layer::Layer()
 .text._ZN5LayerD2Ev
                0x000000000008027e        0x2 build-arduino_due_x_dbg/layer.cpp.o
                0x000000000008027e                Layer::~Layer()
                0x000000000008027e                Layer::~Layer()
 .text._ZN5Layer4InitEhhPfS0_PFffE
                0x0000000000080280       0x10 build-arduino_due_x_dbg/layer.cpp.o
                0x0000000000080280                Layer::Init(unsigned char, unsigned char, float*, float*, float (*)(float))
 .text._Z4ReLUf
                0x0000000000080290       0x14 build-arduino_due_x_dbg/actfunctions.cpp.o
                0x0000000000080290                ReLU(float)
 .text._Z8Identityf
                0x00000000000802a4        0x2 build-arduino_due_x_dbg/actfunctions.cpp.o
                0x00000000000802a4                Identity(float)
 .text._ZN2NNC2EhPhS0_PPfS2_PPFffE
                0x00000000000802a6       0x8c build-arduino_due_x_dbg/NN.cpp.o
                0x00000000000802a6                NN::NN(unsigned char, unsigned char*, unsigned char*, float**, float**, float (**)(float))
                0x00000000000802a6                NN::NN(unsigned char, unsigned char*, unsigned char*, float**, float**, float (**)(float))
 .text._ZN2NND2Ev
                0x0000000000080332        0x2 build-arduino_due_x_dbg/NN.cpp.o
                0x0000000000080332                NN::~NN()
                0x0000000000080332                NN::~NN()
 .text._Z27DeactivatePeripheralControlPmhPP3Pio
                0x0000000000080334       0x1e build-arduino_due_x_dbg/pios.cpp.o
                0x0000000000080334                DeactivatePeripheralControl(unsigned long*, unsigned char, Pio**)
 .text._Z25ActivatePeripheralControlPmhPP3Pio
                0x0000000000080352       0x1e build-arduino_due_x_dbg/pios.cpp.o
                0x0000000000080352                ActivatePeripheralControl(unsigned long*, unsigned char, Pio**)
 .text._Z13SetOutputPinsPmhPP3Pio
                0x0000000000080370       0x1e build-arduino_due_x_dbg/pios.cpp.o
                0x0000000000080370                SetOutputPins(unsigned long*, unsigned char, Pio**)
 .text._Z9pio_setupPmhPP3Pio
                0x000000000008038e       0x1a build-arduino_due_x_dbg/pios.cpp.o
                0x000000000008038e                pio_setup(unsigned long*, unsigned char, Pio**)
 .text._Z16ChangePeripheralPmhPP3Pio
                0x00000000000803a8       0x1e build-arduino_due_x_dbg/pios.cpp.o
                0x00000000000803a8                ChangePeripheral(unsigned long*, unsigned char, Pio**)
 *fill*         0x00000000000803c6        0x2 
 .text._Z21EnablePeripheralClockh
                0x00000000000803c8       0x24 build-arduino_due_x_dbg/pmc.cpp.o
                0x00000000000803c8                EnablePeripheralClock(unsigned char)
 .text._Z24DisableUnusedPWMChannelsv
                0x00000000000803ec       0x14 build-arduino_due_x_dbg/pwm.cpp.o
                0x00000000000803ec                DisableUnusedPWMChannels()
 .text._Z17EnablePWMChannelsPth
                0x0000000000080400       0x28 build-arduino_due_x_dbg/pwm.cpp.o
                0x0000000000080400                EnablePWMChannels(unsigned short*, unsigned char)
 .text._Z6GetPinhRmRP3Pio
                0x0000000000080428       0x1c build-arduino_due_x_dbg/pwm.cpp.o
                0x0000000000080428                GetPin(unsigned char, unsigned long&, Pio*&)
 *fill*         0x0000000000080444        0x4 
 .text._Z9pwm_setupPthbh
                0x0000000000080448       0xd0 build-arduino_due_x_dbg/pwm.cpp.o
                0x0000000000080448                pwm_setup(unsigned short*, unsigned char, bool, unsigned char)
 .text.ADC_Handler
                0x0000000000080518       0x4c build-arduino_due_x_dbg/tests.ino.o
                0x0000000000080518                ADC_Handler
 .text.loop     0x0000000000080564        0x2 build-arduino_due_x_dbg/tests.ino.o
                0x0000000000080564                loop
 *fill*         0x0000000000080566        0x2 
 .text.startup._GLOBAL__sub_I_sensor2
                0x0000000000080568       0x70 build-arduino_due_x_dbg/tests.ino.o
 .text.setup    0x00000000000805d8       0x84 build-arduino_due_x_dbg/tests.ino.o
                0x00000000000805d8                setup
 .text.Reset_Handler
                0x000000000008065c       0x78 /home/david/.arduino15/packages/arduino/hardware/sam/1.6.12/variants/arduino_due_x/libsam_sam3x8e_gcc_rel.a(startup_sam3xa.o)
                0x000000000008065c                Reset_Handler
 .text.UOTGHS_Handler
                0x00000000000806d4       0x10 /home/david/.arduino15/packages/arduino/hardware/sam/1.6.12/variants/arduino_due_x/libsam_sam3x8e_gcc_rel.a(uotghs.o)
                0x00000000000806d4                UOTGHS_Handler
 .text._Z11serialEventv
                0x00000000000806e4        0x2 build-arduino_due_x_dbg/libcore.a(variant.cpp.o)
                0x00000000000806e4                serialEvent()
 *fill*         0x00000000000806e6        0x2 
 .text.UART_Handler
                0x00000000000806e8        0xc build-arduino_due_x_dbg/libcore.a(variant.cpp.o)
                0x00000000000806e8                UART_Handler
 .text._Z12serialEvent1v
                0x00000000000806f4        0x2 build-arduino_due_x_dbg/libcore.a(variant.cpp.o)
                0x00000000000806f4                serialEvent1()
 .text._Z12serialEvent2v
                0x00000000000806f6        0x2 build-arduino_due_x_dbg/libcore.a(variant.cpp.o)
                0x00000000000806f6                serialEvent2()
 .text._Z12serialEvent3v
                0x00000000000806f8        0x2 build-arduino_due_x_dbg/libcore.a(variant.cpp.o)
                0x00000000000806f8                serialEvent3()
 *fill*         0x00000000000806fa        0x2 
 .text.USART0_Handler
                0x00000000000806fc        0xc build-arduino_due_x_dbg/libcore.a(variant.cpp.o)
                0x00000000000806fc                USART0_Handler
 .text.USART1_Handler
                0x0000000000080708        0xc build-arduino_due_x_dbg/libcore.a(variant.cpp.o)
                0x0000000000080708                USART1_Handler
 .text.USART3_Handler
                0x0000000000080714        0xc build-arduino_due_x_dbg/libcore.a(variant.cpp.o)
                0x0000000000080714                USART3_Handler
 .text.init     0x0000000000080720      0x128 build-arduino_due_x_dbg/libcore.a(variant.cpp.o)
                0x0000000000080720                init
 .text.startup._GLOBAL__sub_I_g_APinDescription
                0x0000000000080848       0xd4 build-arduino_due_x_dbg/libcore.a(variant.cpp.o)
 .text._Z14serialEventRunv
                0x000000000008091c       0x44 build-arduino_due_x_dbg/libcore.a(variant.cpp.o)
                0x000000000008091c                serialEventRun()
 .text.pmc_enable_upll_clock
                0x0000000000080960       0x14 build-arduino_due_x_dbg/libcore.a(pmc.c.o)
                0x0000000000080960                pmc_enable_upll_clock
 .text.pmc_enable_periph_clk
                0x0000000000080974       0x44 build-arduino_due_x_dbg/libcore.a(pmc.c.o)
                0x0000000000080974                pmc_enable_periph_clk
 .text.pmc_disable_periph_clk
                0x00000000000809b8       0x40 build-arduino_due_x_dbg/libcore.a(pmc.c.o)
                0x00000000000809b8                pmc_disable_periph_clk
 .text.pmc_switch_udpck_to_upllck
                0x00000000000809f8       0x14 build-arduino_due_x_dbg/libcore.a(pmc.c.o)
                0x00000000000809f8                pmc_switch_udpck_to_upllck
 .text.pmc_enable_udpck
                0x0000000000080a0c        0xc build-arduino_due_x_dbg/libcore.a(pmc.c.o)
                0x0000000000080a0c                pmc_enable_udpck
 .text.PIO_PullUp
                0x0000000000080a18        0xa build-arduino_due_x_dbg/libcore.a(pio.c.o)
                0x0000000000080a18                PIO_PullUp
 .text.PIO_SetPeripheral
                0x0000000000080a22       0x26 build-arduino_due_x_dbg/libcore.a(pio.c.o)
                0x0000000000080a22                PIO_SetPeripheral
 .text.PIO_SetInput
                0x0000000000080a48       0x26 build-arduino_due_x_dbg/libcore.a(pio.c.o)
                0x0000000000080a48                PIO_SetInput
 .text.PIO_SetOutput
                0x0000000000080a6e       0x24 build-arduino_due_x_dbg/libcore.a(pio.c.o)
                0x0000000000080a6e                PIO_SetOutput
 .text.PIO_Configure
                0x0000000000080a92       0x56 build-arduino_due_x_dbg/libcore.a(pio.c.o)
                0x0000000000080a92                PIO_Configure
 .text.PIO_GetOutputDataStatus
                0x0000000000080ae8       0x14 build-arduino_due_x_dbg/libcore.a(pio.c.o)
                0x0000000000080ae8                PIO_GetOutputDataStatus
 .text.adc_init
                0x0000000000080afc       0x98 build-arduino_due_x_dbg/libcore.a(adc.c.o)
                0x0000000000080afc                adc_init
 .text.adc_configure_trigger
                0x0000000000080b94       0x2a build-arduino_due_x_dbg/libcore.a(adc.c.o)
                0x0000000000080b94                adc_configure_trigger
 .text.adc_configure_timing
                0x0000000000080bbe       0x1a build-arduino_due_x_dbg/libcore.a(adc.c.o)
                0x0000000000080bbe                adc_configure_timing
 .text.adc_disable_channel
                0x0000000000080bd8        0xa build-arduino_due_x_dbg/libcore.a(adc.c.o)
                0x0000000000080bd8                adc_disable_channel
 .text.adc_disable_all_channel
                0x0000000000080be2        0x8 build-arduino_due_x_dbg/libcore.a(adc.c.o)
                0x0000000000080be2                adc_disable_all_channel
 .text.adc_disable_interrupt
                0x0000000000080bea        0x4 build-arduino_due_x_dbg/libcore.a(adc.c.o)
                0x0000000000080bea                adc_disable_interrupt
 *fill*         0x0000000000080bee        0x2 
 .text.SystemInit
                0x0000000000080bf0       0x88 build-arduino_due_x_dbg/libcore.a(system_sam3xa.c.o)
                0x0000000000080bf0                SystemInit
 .text.PIOA_Handler
                0x0000000000080c78       0x38 build-arduino_due_x_dbg/libcore.a(WInterrupts.c.o)
                0x0000000000080c78                PIOA_Handler
 .text.PIOB_Handler
                0x0000000000080cb0       0x38 build-arduino_due_x_dbg/libcore.a(WInterrupts.c.o)
                0x0000000000080cb0                PIOB_Handler
 .text.PIOC_Handler
                0x0000000000080ce8       0x38 build-arduino_due_x_dbg/libcore.a(WInterrupts.c.o)
                0x0000000000080ce8                PIOC_Handler
 .text.PIOD_Handler
                0x0000000000080d20       0x38 build-arduino_due_x_dbg/libcore.a(WInterrupts.c.o)
                0x0000000000080d20                PIOD_Handler
 .text.pinMode  0x0000000000080d58      0x108 build-arduino_due_x_dbg/libcore.a(wiring_digital.c.o)
                0x0000000000080d58                pinMode
 .text.digitalWrite
                0x0000000000080e60       0x70 build-arduino_due_x_dbg/libcore.a(wiring_digital.c.o)
                0x0000000000080e60                digitalWrite
 .text._sbrk    0x0000000000080ed0       0x1c build-arduino_due_x_dbg/libcore.a(syscalls_sam3.c.o)
                0x0000000000080ed0                _sbrk
 .text.link     0x0000000000080eec        0x6 build-arduino_due_x_dbg/libcore.a(syscalls_sam3.c.o)
                0x0000000000080eec                link
 .text._close   0x0000000000080ef2        0x6 build-arduino_due_x_dbg/libcore.a(syscalls_sam3.c.o)
                0x0000000000080ef2                _close
 .text._fstat   0x0000000000080ef8        0xa build-arduino_due_x_dbg/libcore.a(syscalls_sam3.c.o)
                0x0000000000080ef8                _fstat
 .text._isatty  0x0000000000080f02        0x4 build-arduino_due_x_dbg/libcore.a(syscalls_sam3.c.o)
                0x0000000000080f02                _isatty
 .text._lseek   0x0000000000080f06        0x4 build-arduino_due_x_dbg/libcore.a(syscalls_sam3.c.o)
                0x0000000000080f06                _lseek
 .text._read    0x0000000000080f0a        0x4 build-arduino_due_x_dbg/libcore.a(syscalls_sam3.c.o)
                0x0000000000080f0a                _read
 *fill*         0x0000000000080f0e        0x2 
 .text._write   0x0000000000080f10       0x24 build-arduino_due_x_dbg/libcore.a(syscalls_sam3.c.o)
                0x0000000000080f10                _write
 .text._exit    0x0000000000080f34        0x2 build-arduino_due_x_dbg/libcore.a(syscalls_sam3.c.o)
                0x0000000000080f34                _exit
 .text._kill    0x0000000000080f36        0x2 build-arduino_due_x_dbg/libcore.a(syscalls_sam3.c.o)
                0x0000000000080f36                _kill
 .text._getpid  0x0000000000080f38        0x6 build-arduino_due_x_dbg/libcore.a(syscalls_sam3.c.o)
                0x0000000000080f38                _getpid
 .text.analogOutputInit
                0x0000000000080f3e        0x2 build-arduino_due_x_dbg/libcore.a(wiring_analog.c.o)
                0x0000000000080f3e                analogOutputInit
 .text.__halt   0x0000000000080f40        0x2 build-arduino_due_x_dbg/libcore.a(cortex_handlers.c.o)
                0x0000000000080f40                DACC_Handler
                0x0000000000080f40                DebugMon_Handler
                0x0000000000080f40                DMAC_Handler
                0x0000000000080f40                TRNG_Handler
                0x0000000000080f40                HardFault_Handler
                0x0000000000080f40                TC2_Handler
                0x0000000000080f40                TWI1_Handler
                0x0000000000080f40                NMI_Handler
                0x0000000000080f40                TC7_Handler
                0x0000000000080f40                SMC_Handler
                0x0000000000080f40                RTT_Handler
                0x0000000000080f40                EFC1_Handler
                0x0000000000080f40                RTC_Handler
                0x0000000000080f40                UsageFault_Handler
                0x0000000000080f40                TC6_Handler
                0x0000000000080f40                WDT_Handler
                0x0000000000080f40                CAN0_Handler
                0x0000000000080f40                TC4_Handler
                0x0000000000080f40                TC1_Handler
                0x0000000000080f40                HSMCI_Handler
                0x0000000000080f40                TC3_Handler
                0x0000000000080f40                TWI0_Handler
                0x0000000000080f40                SSC_Handler
                0x0000000000080f40                EFC0_Handler
                0x0000000000080f40                PMC_Handler
                0x0000000000080f40                PWM_Handler
                0x0000000000080f40                CAN1_Handler
                0x0000000000080f40                MemManage_Handler
                0x0000000000080f40                SUPC_Handler
                0x0000000000080f40                TC8_Handler
                0x0000000000080f40                USART2_Handler
                0x0000000000080f40                EMAC_Handler
                0x0000000000080f40                BusFault_Handler
                0x0000000000080f40                RSTC_Handler
                0x0000000000080f40                TC0_Handler
                0x0000000000080f40                TC5_Handler
                0x0000000000080f40                SPI0_Handler
 .text.SVC_Handler
                0x0000000000080f42        0x4 build-arduino_due_x_dbg/libcore.a(cortex_handlers.c.o)
                0x0000000000080f42                SVC_Handler
 .text.PendSV_Handler
                0x0000000000080f46        0x4 build-arduino_due_x_dbg/libcore.a(cortex_handlers.c.o)
                0x0000000000080f46                PendSV_Handler
 .text.SysTick_Handler
                0x0000000000080f4a       0x16 build-arduino_due_x_dbg/libcore.a(cortex_handlers.c.o)
                0x0000000000080f4a                SysTick_Handler
 .text.initiateReset
                0x0000000000080f60        0xc build-arduino_due_x_dbg/libcore.a(Reset.cpp.o)
                0x0000000000080f60                initiateReset
 .text.cancelReset
                0x0000000000080f6c       0x10 build-arduino_due_x_dbg/libcore.a(Reset.cpp.o)
                0x0000000000080f6c                cancelReset
 .text.tickReset
                0x0000000000080f7c       0x20 build-arduino_due_x_dbg/libcore.a(Reset.cpp.o)
                0x0000000000080f7c                tickReset
 .text._ZN9UARTClasscvbEv
                0x0000000000080f9c        0x4 build-arduino_due_x_dbg/libcore.a(USARTClass.cpp.o)
                0x0000000000080f9c                UARTClass::operator bool()
 .text._ZN10USARTClass5beginEm
                0x0000000000080fa0        0x8 build-arduino_due_x_dbg/libcore.a(USARTClass.cpp.o)
                0x0000000000080fa0                USARTClass::begin(unsigned long)
 .text._ZN10USARTClassC2EP5Usart4IRQnmP10RingBufferS4_
                0x0000000000080fa8       0x24 build-arduino_due_x_dbg/libcore.a(USARTClass.cpp.o)
                0x0000000000080fa8                USARTClass::USARTClass(Usart*, IRQn, unsigned long, RingBuffer*, RingBuffer*)
                0x0000000000080fa8                USARTClass::USARTClass(Usart*, IRQn, unsigned long, RingBuffer*, RingBuffer*)
 .text._ZN10RingBufferC2Ev
                0x0000000000080fcc       0x1a build-arduino_due_x_dbg/libcore.a(RingBuffer.cpp.o)
                0x0000000000080fcc                RingBuffer::RingBuffer()
                0x0000000000080fcc                RingBuffer::RingBuffer()
 .text._ZN10RingBuffer10store_charEh
                0x0000000000080fe6       0x1e build-arduino_due_x_dbg/libcore.a(RingBuffer.cpp.o)
                0x0000000000080fe6                RingBuffer::store_char(unsigned char)
 .text._ZN9UARTClass9availableEv
                0x0000000000081004       0x12 build-arduino_due_x_dbg/libcore.a(UARTClass.cpp.o)
                0x0000000000081004                UARTClass::available()
 .text._ZN9UARTClass4peekEv
                0x0000000000081016       0x1c build-arduino_due_x_dbg/libcore.a(UARTClass.cpp.o)
                0x0000000000081016                UARTClass::peek()
 .text._ZN9UARTClass4readEv
                0x0000000000081032       0x2a build-arduino_due_x_dbg/libcore.a(UARTClass.cpp.o)
                0x0000000000081032                UARTClass::read()
 .text._ZN9UARTClass5flushEv
                0x000000000008105c       0x18 build-arduino_due_x_dbg/libcore.a(UARTClass.cpp.o)
                0x000000000008105c                UARTClass::flush()
 .text._ZN9UARTClass5writeEh
                0x0000000000081074       0x54 build-arduino_due_x_dbg/libcore.a(UARTClass.cpp.o)
                0x0000000000081074                UARTClass::write(unsigned char)
 .text._ZN9UARTClass3endEv
                0x00000000000810c8       0x3c build-arduino_due_x_dbg/libcore.a(UARTClass.cpp.o)
                0x00000000000810c8                UARTClass::end()
 .text._ZN9UARTClassC2EP4Uart4IRQnmP10RingBufferS4_
                0x0000000000081104       0x24 build-arduino_due_x_dbg/libcore.a(UARTClass.cpp.o)
                0x0000000000081104                UARTClass::UARTClass(Uart*, IRQn, unsigned long, RingBuffer*, RingBuffer*)
                0x0000000000081104                UARTClass::UARTClass(Uart*, IRQn, unsigned long, RingBuffer*, RingBuffer*)
 .text._ZN9UARTClass4initEmm
                0x0000000000081128       0x70 build-arduino_due_x_dbg/libcore.a(UARTClass.cpp.o)
                0x0000000000081128                UARTClass::init(unsigned long, unsigned long)
 .text._ZN9UARTClass5beginEm
                0x0000000000081198        0x8 build-arduino_due_x_dbg/libcore.a(UARTClass.cpp.o)
                0x0000000000081198                UARTClass::begin(unsigned long)
 .text._ZN9UARTClass10IrqHandlerEv
                0x00000000000811a0       0x5a build-arduino_due_x_dbg/libcore.a(UARTClass.cpp.o)
                0x00000000000811a0                UARTClass::IrqHandler()
 .text.initVariant
                0x00000000000811fa        0x2 build-arduino_due_x_dbg/libcore.a(main.cpp.o)
                0x00000000000811fa                initVariant
 .text.startup.main
                0x00000000000811fc       0x38 build-arduino_due_x_dbg/libcore.a(main.cpp.o)
                0x00000000000811fc                main
 .text.unlikely._ZL11USB_SendZlpv
                0x0000000000081234       0x20 build-arduino_due_x_dbg/libcore.a(USBCore.cpp.o)
 .text._Z14USBD_Availablem
                0x0000000000081254       0x2c build-arduino_due_x_dbg/libcore.a(USBCore.cpp.o)
                0x0000000000081254                USBD_Available(unsigned long)
 .text._Z9USBD_RecvmPvm
                0x0000000000081280       0x7c build-arduino_due_x_dbg/libcore.a(USBCore.cpp.o)
                0x0000000000081280                USBD_Recv(unsigned long, void*, unsigned long)
 .text._Z9USBD_Recvm
                0x00000000000812fc       0x22 build-arduino_due_x_dbg/libcore.a(USBCore.cpp.o)
                0x00000000000812fc                USBD_Recv(unsigned long)
 *fill*         0x000000000008131e        0x2 
 .text._Z9USBD_SendmPKvm
                0x0000000000081320       0x4c build-arduino_due_x_dbg/libcore.a(USBCore.cpp.o)
                0x0000000000081320                USBD_Send(unsigned long, void const*, unsigned long)
 .text._Z16USBD_SendControlhPKvm
                0x000000000008136c       0x40 build-arduino_due_x_dbg/libcore.a(USBCore.cpp.o)
                0x000000000008136c                USBD_SendControl(unsigned char, void const*, unsigned long)
 .text.unlikely._ZL24USB_SendStringDescriptorPKhi
                0x00000000000813ac       0x64 build-arduino_due_x_dbg/libcore.a(USBCore.cpp.o)
 .text._Z16USBD_RecvControlPvm
                0x0000000000081410       0x1c build-arduino_due_x_dbg/libcore.a(USBCore.cpp.o)
                0x0000000000081410                USBD_RecvControl(void*, unsigned long)
 .text._Z26USBD_ClassInterfaceRequestR8USBSetup
                0x000000000008142c       0x1e build-arduino_due_x_dbg/libcore.a(USBCore.cpp.o)
                0x000000000008142c                USBD_ClassInterfaceRequest(USBSetup&)
 .text._Z19USBD_SendInterfacesv
                0x000000000008144a       0x22 build-arduino_due_x_dbg/libcore.a(USBCore.cpp.o)
                0x000000000008144a                USBD_SendInterfaces()
 .text._Z24USBD_SendOtherInterfacesv
                0x000000000008146c       0x22 build-arduino_due_x_dbg/libcore.a(USBCore.cpp.o)
                0x000000000008146c                USBD_SendOtherInterfaces()
 .text._Z10USBD_Flushm
                0x000000000008148e       0x16 build-arduino_due_x_dbg/libcore.a(USBCore.cpp.o)
                0x000000000008148e                USBD_Flush(unsigned long)
 .text._ZN10USBDevice_C2Ev
                0x00000000000814a4       0x24 build-arduino_due_x_dbg/libcore.a(USBCore.cpp.o)
                0x00000000000814a4                USBDevice_::USBDevice_()
                0x00000000000814a4                USBDevice_::USBDevice_()
 .text._ZN10USBDevice_6attachEv
                0x00000000000814c8       0x20 build-arduino_due_x_dbg/libcore.a(USBCore.cpp.o)
                0x00000000000814c8                USBDevice_::attach()
 .text.startup._GLOBAL__sub_I_EndPoints
                0x00000000000814e8        0xc build-arduino_due_x_dbg/libcore.a(USBCore.cpp.o)
 .text._ZL7USB_ISRv
                0x00000000000814f4      0x454 build-arduino_due_x_dbg/libcore.a(USBCore.cpp.o)
 .text._ZN13PluggableUSB_12getInterfaceEPh
                0x0000000000081948       0x28 build-arduino_due_x_dbg/libcore.a(PluggableUSB.cpp.o)
                0x0000000000081948                PluggableUSB_::getInterface(unsigned char*)
 .text._ZN13PluggableUSB_13getDescriptorER8USBSetup
                0x0000000000081970       0x1c build-arduino_due_x_dbg/libcore.a(PluggableUSB.cpp.o)
                0x0000000000081970                PluggableUSB_::getDescriptor(USBSetup&)
 .text._ZN13PluggableUSB_12getShortNameEPc
                0x000000000008198c       0x1c build-arduino_due_x_dbg/libcore.a(PluggableUSB.cpp.o)
                0x000000000008198c                PluggableUSB_::getShortName(char*)
 .text._ZN13PluggableUSB_5setupER8USBSetup
                0x00000000000819a8       0x20 build-arduino_due_x_dbg/libcore.a(PluggableUSB.cpp.o)
                0x00000000000819a8                PluggableUSB_::setup(USBSetup&)
 .text._Z12PluggableUSBv
                0x00000000000819c8       0x28 build-arduino_due_x_dbg/libcore.a(PluggableUSB.cpp.o)
                0x00000000000819c8                PluggableUSB()
 .text._ZN7Serial_9availableEv
                0x00000000000819f0       0x18 build-arduino_due_x_dbg/libcore.a(CDC.cpp.o)
                0x00000000000819f0                Serial_::available()
 .text._ZN7Serial_17availableForWriteEv
                0x0000000000081a08        0x6 build-arduino_due_x_dbg/libcore.a(CDC.cpp.o)
                0x0000000000081a08                Serial_::availableForWrite()
 *fill*         0x0000000000081a0e        0x2 
 .text._ZN7Serial_4peekEv
                0x0000000000081a10       0x20 build-arduino_due_x_dbg/libcore.a(CDC.cpp.o)
                0x0000000000081a10                Serial_::peek()
 .text._ZN7Serial_5writeEh
                0x0000000000081a30       0x16 build-arduino_due_x_dbg/libcore.a(CDC.cpp.o)
                0x0000000000081a30                Serial_::write(unsigned char)
 *fill*         0x0000000000081a46        0x2 
 .text._ZN7Serial_4readEv
                0x0000000000081a48       0x44 build-arduino_due_x_dbg/libcore.a(CDC.cpp.o)
                0x0000000000081a48                Serial_::read()
 .text._ZN7Serial_5flushEv
                0x0000000000081a8c        0x6 build-arduino_due_x_dbg/libcore.a(CDC.cpp.o)
                0x0000000000081a8c                Serial_::flush()
 *fill*         0x0000000000081a92        0x2 
 .text._ZN7Serial_6acceptEv
                0x0000000000081a94       0x70 build-arduino_due_x_dbg/libcore.a(CDC.cpp.o)
                0x0000000000081a94                Serial_::accept()
 .text._ZN7Serial_5writeEPKhj
                0x0000000000081b04       0x2c build-arduino_due_x_dbg/libcore.a(CDC.cpp.o)
                0x0000000000081b04                Serial_::write(unsigned char const*, unsigned int)
 .text._Z16CDC_GetInterfacePh
                0x0000000000081b30       0x14 build-arduino_due_x_dbg/libcore.a(CDC.cpp.o)
                0x0000000000081b30                CDC_GetInterface(unsigned char*)
 .text._Z21CDC_GetOtherInterfacePh
                0x0000000000081b44       0x14 build-arduino_due_x_dbg/libcore.a(CDC.cpp.o)
                0x0000000000081b44                CDC_GetOtherInterface(unsigned char*)
 .text._Z9CDC_SetupR8USBSetup
                0x0000000000081b58       0x78 build-arduino_due_x_dbg/libcore.a(CDC.cpp.o)
                0x0000000000081b58                CDC_Setup(USBSetup&)
 .text.startup._GLOBAL__sub_I_cdc_rx_buffer
                0x0000000000081bd0       0x1c build-arduino_due_x_dbg/libcore.a(CDC.cpp.o)
 .text.UDD_SetStack
                0x0000000000081bec        0xc build-arduino_due_x_dbg/libcore.a(uotghs_device.c.o)
                0x0000000000081bec                UDD_SetStack
 .text.UDD_Init
                0x0000000000081bf8       0xc0 build-arduino_due_x_dbg/libcore.a(uotghs_device.c.o)
                0x0000000000081bf8                UDD_Init
 .text.UDD_Attach
                0x0000000000081cb8       0x50 build-arduino_due_x_dbg/libcore.a(uotghs_device.c.o)
                0x0000000000081cb8                UDD_Attach
 .text.UDD_InitEP
                0x0000000000081d08       0x2c build-arduino_due_x_dbg/libcore.a(uotghs_device.c.o)
                0x0000000000081d08                UDD_InitEP
 .text.UDD_InitEndpoints
                0x0000000000081d34       0x3c build-arduino_due_x_dbg/libcore.a(uotghs_device.c.o)
                0x0000000000081d34                UDD_InitEndpoints
 .text.UDD_WaitIN
                0x0000000000081d70       0x10 build-arduino_due_x_dbg/libcore.a(uotghs_device.c.o)
                0x0000000000081d70                UDD_WaitIN
 .text.UDD_WaitOUT
                0x0000000000081d80       0x10 build-arduino_due_x_dbg/libcore.a(uotghs_device.c.o)
                0x0000000000081d80                UDD_WaitOUT
 .text.UDD_ClearIN
                0x0000000000081d90       0x18 build-arduino_due_x_dbg/libcore.a(uotghs_device.c.o)
                0x0000000000081d90                UDD_ClearIN
 .text.UDD_ClearOUT
                0x0000000000081da8       0x18 build-arduino_due_x_dbg/libcore.a(uotghs_device.c.o)
                0x0000000000081da8                UDD_ClearOUT
 .text.UDD_ReceivedSetupInt
                0x0000000000081dc0       0x10 build-arduino_due_x_dbg/libcore.a(uotghs_device.c.o)
                0x0000000000081dc0                UDD_ReceivedSetupInt
 .text.UDD_ClearSetupInt
                0x0000000000081dd0       0x10 build-arduino_due_x_dbg/libcore.a(uotghs_device.c.o)
                0x0000000000081dd0                UDD_ClearSetupInt
 .text.UDD_Send
                0x0000000000081de0       0x84 build-arduino_due_x_dbg/libcore.a(uotghs_device.c.o)
                0x0000000000081de0                UDD_Send
 .text.UDD_Send8
                0x0000000000081e64       0x24 build-arduino_due_x_dbg/libcore.a(uotghs_device.c.o)
                0x0000000000081e64                UDD_Send8
 .text.UDD_Recv8
                0x0000000000081e88       0x28 build-arduino_due_x_dbg/libcore.a(uotghs_device.c.o)
                0x0000000000081e88                UDD_Recv8
 .text.UDD_Recv
                0x0000000000081eb0       0x34 build-arduino_due_x_dbg/libcore.a(uotghs_device.c.o)
                0x0000000000081eb0                UDD_Recv
 .text.UDD_Stall
                0x0000000000081ee4       0x14 build-arduino_due_x_dbg/libcore.a(uotghs_device.c.o)
                0x0000000000081ee4                UDD_Stall
 .text.UDD_FifoByteCount
                0x0000000000081ef8       0x14 build-arduino_due_x_dbg/libcore.a(uotghs_device.c.o)
                0x0000000000081ef8                UDD_FifoByteCount
 .text.UDD_ReleaseRX
                0x0000000000081f0c       0x28 build-arduino_due_x_dbg/libcore.a(uotghs_device.c.o)
                0x0000000000081f0c                UDD_ReleaseRX
 .text.UDD_ReleaseTX
                0x0000000000081f34       0x28 build-arduino_due_x_dbg/libcore.a(uotghs_device.c.o)
                0x0000000000081f34                UDD_ReleaseTX
 .text.UDD_SetAddress
                0x0000000000081f5c       0x20 build-arduino_due_x_dbg/libcore.a(uotghs_device.c.o)
                0x0000000000081f5c                UDD_SetAddress
 .text.TimeTick_Increment
                0x0000000000081f7c       0x10 build-arduino_due_x_dbg/libcore.a(timetick.c.o)
                0x0000000000081f7c                TimeTick_Increment
 .text.GetTickCount
                0x0000000000081f8c        0xc build-arduino_due_x_dbg/libcore.a(timetick.c.o)
                0x0000000000081f8c                GetTickCount
 .text.delay    0x0000000000081f98       0x1c build-arduino_due_x_dbg/libcore.a(wiring.c.o)
                0x0000000000081f98                delay
 .text.__empty  0x0000000000081fb4        0x2 build-arduino_due_x_dbg/libcore.a(hooks.c.o)
                0x0000000000081fb4                yield
 .text.__false  0x0000000000081fb6        0x4 build-arduino_due_x_dbg/libcore.a(hooks.c.o)
                0x0000000000081fb6                sysTickHook
 .text.__halt   0x0000000000081fba        0x2 build-arduino_due_x_dbg/libcore.a(hooks.c.o)
                0x0000000000081fba                pendSVHook
                0x0000000000081fba                svcHook
 .text._ZN5Print5writeEPKhj
                0x0000000000081fbc       0x22 build-arduino_due_x_dbg/libcore.a(Print.cpp.o)
                0x0000000000081fbc                Print::write(unsigned char const*, unsigned int)
 *fill*         0x0000000000081fde        0x2 
 .text._watchdogDefaultSetup
                0x0000000000081fe0        0xc build-arduino_due_x_dbg/libcore.a(watchdog.cpp.o)
                0x0000000000081fe0                watchdogSetup()
                0x0000000000081fe0                _watchdogDefaultSetup
 .text.WDT_Disable
                0x0000000000081fec        0x8 build-arduino_due_x_dbg/libcore.a(wdt.c.o)
                0x0000000000081fec                WDT_Disable
 .text          0x0000000000081ff4      0x370 /home/david/.arduino15/packages/arduino/tools/arm-none-eabi-gcc/4.8.3-2014q1/bin/../lib/gcc/arm-none-eabi/4.8.3/armv7-m/libgcc.a(_arm_addsubdf3.o)
                0x0000000000081ff4                __aeabi_drsub
                0x0000000000081ffc                __aeabi_dsub
                0x0000000000081ffc                __subdf3
                0x0000000000082000                __adddf3
                0x0000000000082000                __aeabi_dadd
                0x0000000000082278                __aeabi_ui2d
                0x0000000000082278                __floatunsidf
                0x0000000000082298                __floatsidf
                0x0000000000082298                __aeabi_i2d
                0x00000000000822bc                __extendsfdf2
                0x00000000000822bc                __aeabi_f2d
                0x00000000000822f8                __aeabi_ul2d
                0x00000000000822f8                __floatundidf
                0x0000000000082308                __floatdidf
                0x0000000000082308                __aeabi_l2d
 .text          0x0000000000082364      0x424 /home/david/.arduino15/packages/arduino/tools/arm-none-eabi-gcc/4.8.3-2014q1/bin/../lib/gcc/arm-none-eabi/4.8.3/armv7-m/libgcc.a(_arm_muldivdf3.o)
                0x0000000000082364                __aeabi_dmul
                0x0000000000082364                __muldf3
                0x00000000000825b8                __aeabi_ddiv
                0x00000000000825b8                __divdf3
 .text          0x0000000000082788       0x40 /home/david/.arduino15/packages/arduino/tools/arm-none-eabi-gcc/4.8.3-2014q1/bin/../lib/gcc/arm-none-eabi/4.8.3/armv7-m/libgcc.a(_arm_fixunsdfsi.o)
                0x0000000000082788                __fixunsdfsi
                0x0000000000082788                __aeabi_d2uiz
 .text          0x00000000000827c8      0x21c /home/david/.arduino15/packages/arduino/tools/arm-none-eabi-gcc/4.8.3-2014q1/bin/../lib/gcc/arm-none-eabi/4.8.3/armv7-m/libgcc.a(_arm_addsubsf3.o)
                0x00000000000827c8                __aeabi_frsub
                0x00000000000827d0                __subsf3
                0x00000000000827d0                __aeabi_fsub
                0x00000000000827d4                __aeabi_fadd
                0x00000000000827d4                __addsf3
                0x0000000000082934                __aeabi_ui2f
                0x0000000000082934                __floatunsisf
                0x000000000008293c                __aeabi_i2f
                0x000000000008293c                __floatsisf
                0x0000000000082958                __floatundisf
                0x0000000000082958                __aeabi_ul2f
                0x0000000000082968                __floatdisf
                0x0000000000082968                __aeabi_l2f
 .text          0x00000000000829e4      0x2a0 /home/david/.arduino15/packages/arduino/tools/arm-none-eabi-gcc/4.8.3-2014q1/bin/../lib/gcc/arm-none-eabi/4.8.3/armv7-m/libgcc.a(_arm_muldivsf3.o)
                0x00000000000829e4                __mulsf3
                0x00000000000829e4                __aeabi_fmul
                0x0000000000082b4c                __divsf3
                0x0000000000082b4c                __aeabi_fdiv
 .text          0x0000000000082c84       0xec /home/david/.arduino15/packages/arduino/tools/arm-none-eabi-gcc/4.8.3-2014q1/bin/../lib/gcc/arm-none-eabi/4.8.3/armv7-m/libgcc.a(_arm_cmpsf2.o)
                0x0000000000082c84                __gtsf2
                0x0000000000082c84                __gesf2
                0x0000000000082c8c                __lesf2
                0x0000000000082c8c                __ltsf2
                0x0000000000082c94                __nesf2
                0x0000000000082c94                __eqsf2
                0x0000000000082c94                __cmpsf2
                0x0000000000082cf4                __aeabi_cfrcmple
                0x0000000000082cfc                __aeabi_cfcmple
                0x0000000000082cfc                __aeabi_cfcmpeq
                0x0000000000082d0c                __aeabi_fcmpeq
                0x0000000000082d20                __aeabi_fcmplt
                0x0000000000082d34                __aeabi_fcmple
                0x0000000000082d48                __aeabi_fcmpge
                0x0000000000082d5c                __aeabi_fcmpgt
 .text.__libc_init_array
                0x0000000000082d70       0x50 /home/david/.arduino15/packages/arduino/tools/arm-none-eabi-gcc/4.8.3-2014q1/bin/../lib/gcc/arm-none-eabi/4.8.3/../../../../arm-none-eabi/lib/armv7-m/libc.a(lib_a-init.o)
                0x0000000000082d70                __libc_init_array
 .text.memset   0x0000000000082dc0       0x94 /home/david/.arduino15/packages/arduino/tools/arm-none-eabi-gcc/4.8.3-2014q1/bin/../lib/gcc/arm-none-eabi/4.8.3/../../../../arm-none-eabi/lib/armv7-m/libc.a(lib_a-memset.o)
                0x0000000000082dc0                memset
 .text.strlen   0x0000000000082e54       0x60 /home/david/.arduino15/packages/arduino/tools/arm-none-eabi-gcc/4.8.3-2014q1/bin/../lib/gcc/arm-none-eabi/4.8.3/../../../../arm-none-eabi/lib/armv7-m/libc.a(lib_a-strlen.o)
                0x0000000000082e54                strlen
 .text.kill     0x0000000000082eb4       0x10 /home/david/.arduino15/packages/arduino/tools/arm-none-eabi-gcc/4.8.3-2014q1/bin/../lib/gcc/arm-none-eabi/4.8.3/../../../../arm-none-eabi/lib/armv7-m/libc.a(lib_a-syskill.o)
                0x0000000000082eb4                kill
 .text.startup.register_fini
                0x0000000000082ec4       0x14 /home/david/.arduino15/packages/arduino/tools/arm-none-eabi-gcc/4.8.3-2014q1/bin/../lib/gcc/arm-none-eabi/4.8.3/../../../../arm-none-eabi/lib/armv7-m/libc.a(lib_a-__call_atexit.o)
 .text.atexit   0x0000000000082ed8        0xc /home/david/.arduino15/packages/arduino/tools/arm-none-eabi-gcc/4.8.3-2014q1/bin/../lib/gcc/arm-none-eabi/4.8.3/../../../../arm-none-eabi/lib/armv7-m/libc.a(lib_a-atexit.o)
                0x0000000000082ed8                atexit
 .text.__libc_fini_array
                0x0000000000082ee4       0x30 /home/david/.arduino15/packages/arduino/tools/arm-none-eabi-gcc/4.8.3-2014q1/bin/../lib/gcc/arm-none-eabi/4.8.3/../../../../arm-none-eabi/lib/armv7-m/libc.a(lib_a-fini.o)
                0x0000000000082ee4                __libc_fini_array
 .text._kill_r  0x0000000000082f14       0x28 /home/david/.arduino15/packages/arduino/tools/arm-none-eabi-gcc/4.8.3-2014q1/bin/../lib/gcc/arm-none-eabi/4.8.3/../../../../arm-none-eabi/lib/armv7-m/libc.a(lib_a-signalr.o)
                0x0000000000082f14                _kill_r
 .text.__register_exitproc
                0x0000000000082f3c       0xa8 /home/david/.arduino15/packages/arduino/tools/arm-none-eabi-gcc/4.8.3-2014q1/bin/../lib/gcc/arm-none-eabi/4.8.3/../../../../arm-none-eabi/lib/armv7-m/libc.a(lib_a-__atexit.o)
                0x0000000000082f3c                __register_exitproc
 *(.glue_7t)
 .glue_7t       0x0000000000000000        0x0 linker stubs
 *(.glue_7)
 .glue_7        0x0000000000000000        0x0 linker stubs
 *(.rodata .rodata* .gnu.linkonce.r.*)
 .rodata.g_APinDescription
                0x0000000000082fe4      0xa2c build-arduino_due_x_dbg/libcore.a(variant.cpp.o)
                0x0000000000082fe4                g_APinDescription
 .rodata        0x0000000000083a10       0x40 build-arduino_due_x_dbg/libcore.a(adc.c.o)
 .rodata._ZTV10USARTClass
                0x0000000000083a50       0x30 build-arduino_due_x_dbg/libcore.a(USARTClass.cpp.o)
                0x0000000000083a50                vtable for USARTClass
 .rodata._ZTV9UARTClass
                0x0000000000083a80       0x30 build-arduino_due_x_dbg/libcore.a(UARTClass.cpp.o)
                0x0000000000083a80                vtable for UARTClass
 .rodata.STRING_PRODUCT
                0x0000000000083ab0        0xc build-arduino_due_x_dbg/libcore.a(USBCore.cpp.o)
                0x0000000000083ab0                STRING_PRODUCT
 .rodata.USB_DeviceDescriptor
                0x0000000000083abc       0x12 build-arduino_due_x_dbg/libcore.a(USBCore.cpp.o)
                0x0000000000083abc                USB_DeviceDescriptor
 .rodata.STRING_LANGUAGE
                0x0000000000083ace        0x4 build-arduino_due_x_dbg/libcore.a(USBCore.cpp.o)
                0x0000000000083ace                STRING_LANGUAGE
 .rodata._ZL18test_packet_buffer
                0x0000000000083ad2       0x35 build-arduino_due_x_dbg/libcore.a(USBCore.cpp.o)
 .rodata.STRING_MANUFACTURER
                0x0000000000083b07        0xc build-arduino_due_x_dbg/libcore.a(USBCore.cpp.o)
                0x0000000000083b07                STRING_MANUFACTURER
 .rodata.USB_DeviceDescriptorA
                0x0000000000083b13       0x12 build-arduino_due_x_dbg/libcore.a(USBCore.cpp.o)
                0x0000000000083b13                USB_DeviceDescriptorA
 .rodata._ZL19USB_DeviceQualifier
                0x0000000000083b25        0x9 build-arduino_due_x_dbg/libcore.a(USBCore.cpp.o)
 *fill*         0x0000000000083b2e        0x2 
 .rodata._ZTV7Serial_
                0x0000000000083b30       0x28 build-arduino_due_x_dbg/libcore.a(CDC.cpp.o)
                0x0000000000083b30                vtable for Serial_
 .rodata._ZL18_cdcOtherInterface
                0x0000000000083b58       0x42 build-arduino_due_x_dbg/libcore.a(CDC.cpp.o)
 .rodata._ZL13_cdcInterface
                0x0000000000083b9a       0x42 build-arduino_due_x_dbg/libcore.a(CDC.cpp.o)
 .rodata.str1.4
                0x0000000000083bdc        0x4 /home/david/.arduino15/packages/arduino/tools/arm-none-eabi-gcc/4.8.3-2014q1/bin/../lib/gcc/arm-none-eabi/4.8.3/../../../../arm-none-eabi/lib/armv7-m/libc.a(lib_a-impure.o)
 .rodata._global_impure_ptr
                0x0000000000083be0        0x4 /home/david/.arduino15/packages/arduino/tools/arm-none-eabi-gcc/4.8.3-2014q1/bin/../lib/gcc/arm-none-eabi/4.8.3/../../../../arm-none-eabi/lib/armv7-m/libc.a(lib_a-impure.o)
                0x0000000000083be0                _global_impure_ptr
 *(.ARM.extab* .gnu.linkonce.armextab.*)
                0x0000000000083be4                . = ALIGN (0x4)
 *(.init)
 .init          0x0000000000083be4        0x4 /home/david/.arduino15/packages/arduino/tools/arm-none-eabi-gcc/4.8.3-2014q1/bin/../lib/gcc/arm-none-eabi/4.8.3/armv7-m/crti.o
                0x0000000000083be4                _init
 .init          0x0000000000083be8        0x8 /home/david/.arduino15/packages/arduino/tools/arm-none-eabi-gcc/4.8.3-2014q1/bin/../lib/gcc/arm-none-eabi/4.8.3/armv7-m/crtn.o
                0x0000000000083bf0                . = ALIGN (0x4)
                0x0000000000083bf0                __preinit_array_start = .
 *(.preinit_array)
                0x0000000000083bf0                __preinit_array_end = .
                0x0000000000083bf0                . = ALIGN (0x4)
                0x0000000000083bf0                __init_array_start = .
 *(SORT(.init_array.*))
 .init_array.00000
                0x0000000000083bf0        0x4 /home/david/.arduino15/packages/arduino/tools/arm-none-eabi-gcc/4.8.3-2014q1/bin/../lib/gcc/arm-none-eabi/4.8.3/../../../../arm-none-eabi/lib/armv7-m/libc.a(lib_a-__call_atexit.o)
 *(.init_array)
 .init_array    0x0000000000083bf4        0x4 /home/david/.arduino15/packages/arduino/tools/arm-none-eabi-gcc/4.8.3-2014q1/bin/../lib/gcc/arm-none-eabi/4.8.3/armv7-m/crtbegin.o
 .init_array    0x0000000000083bf8        0x4 build-arduino_due_x_dbg/tests.ino.o
 .init_array    0x0000000000083bfc        0x4 build-arduino_due_x_dbg/libcore.a(variant.cpp.o)
 .init_array    0x0000000000083c00        0x4 build-arduino_due_x_dbg/libcore.a(USBCore.cpp.o)
 .init_array    0x0000000000083c04        0x4 build-arduino_due_x_dbg/libcore.a(CDC.cpp.o)
                0x0000000000083c08                __init_array_end = .
                0x0000000000083c08                . = ALIGN (0x4)
 *crtbegin.o(.ctors)
 *(EXCLUDE_FILE(*crtend.o) .ctors)
 *(SORT(.ctors.*))
 *crtend.o(.ctors)
                0x0000000000083c08                . = ALIGN (0x4)
 *(.fini)
 .fini          0x0000000000083c08        0x4 /home/david/.arduino15/packages/arduino/tools/arm-none-eabi-gcc/4.8.3-2014q1/bin/../lib/gcc/arm-none-eabi/4.8.3/armv7-m/crti.o
                0x0000000000083c08                _fini
 .fini          0x0000000000083c0c        0x8 /home/david/.arduino15/packages/arduino/tools/arm-none-eabi-gcc/4.8.3-2014q1/bin/../lib/gcc/arm-none-eabi/4.8.3/armv7-m/crtn.o
                0x0000000000083c14                . = ALIGN (0x4)
                0x0000000000083c14                __fini_array_start = .
 *(.fini_array)
 .fini_array    0x0000000000083c14        0x4 /home/david/.arduino15/packages/arduino/tools/arm-none-eabi-gcc/4.8.3-2014q1/bin/../lib/gcc/arm-none-eabi/4.8.3/armv7-m/crtbegin.o
 *(SORT(.fini_array.*))
                0x0000000000083c18                __fini_array_end = .
 *crtbegin.o(.dtors)
 *(EXCLUDE_FILE(*crtend.o) .dtors)
 *(SORT(.dtors.*))
 *crtend.o(.dtors)
                0x0000000000083c18                . = ALIGN (0x4)
                0x0000000000083c18                _efixed = .
                0x0000000000083c18                PROVIDE (__exidx_start, .)

.vfp11_veneer   0x0000000000083c18        0x0
 .vfp11_veneer  0x0000000000000000        0x0 linker stubs

.v4_bx          0x0000000000083c18        0x0
 .v4_bx         0x0000000000000000        0x0 linker stubs

.iplt           0x0000000000083c18        0x0
 .iplt          0x0000000000000000        0x0 /home/david/.arduino15/packages/arduino/tools/arm-none-eabi-gcc/4.8.3-2014q1/bin/../lib/gcc/arm-none-eabi/4.8.3/armv7-m/crtbegin.o

.eh_frame       0x0000000000083c18        0x0
 .eh_frame      0x0000000000083c18        0x0 /home/david/.arduino15/packages/arduino/tools/arm-none-eabi-gcc/4.8.3-2014q1/bin/../lib/gcc/arm-none-eabi/4.8.3/armv7-m/crtbegin.o

.rel.dyn        0x0000000000083c18        0x0
 .rel.iplt      0x0000000000000000        0x0 /home/david/.arduino15/packages/arduino/tools/arm-none-eabi-gcc/4.8.3-2014q1/bin/../lib/gcc/arm-none-eabi/4.8.3/armv7-m/crtbegin.o

.jcr            0x0000000000083c18        0x0
 .jcr           0x0000000000083c18        0x0 /home/david/.arduino15/packages/arduino/tools/arm-none-eabi-gcc/4.8.3-2014q1/bin/../lib/gcc/arm-none-eabi/4.8.3/armv7-m/crtbegin.o

.igot.plt       0x0000000000083c18        0x0
 .igot.plt      0x0000000000000000        0x0 /home/david/.arduino15/packages/arduino/tools/arm-none-eabi-gcc/4.8.3-2014q1/bin/../lib/gcc/arm-none-eabi/4.8.3/armv7-m/crtbegin.o

.ARM.exidx
 *(.ARM.exidx* .gnu.linkonce.armexidx.*)
                0x0000000000083c18                PROVIDE (__exidx_end, .)
                0x0000000000083c18                . = ALIGN (0x4)
                0x0000000000083c18                _etext = .

.relocate       0x0000000020070000      0x59c load address 0x0000000000083c18
                0x0000000020070000                . = ALIGN (0x4)
                0x0000000020070000                _srelocate = .
 *(.ramfunc .ramfunc.*)
 .ramfunc       0x0000000020070000       0x2c build-arduino_due_x_dbg/libcore.a(Reset.cpp.o)
                0x0000000020070000                banzai
 *(.data .data.*)
 .data.MotorPinGroups
                0x000000002007002c       0x10 build-arduino_due_x_dbg/tests.ino.o
                0x000000002007002c                MotorPinGroups
 .data.actFuncs
                0x000000002007003c        0xc build-arduino_due_x_dbg/tests.ino.o
                0x000000002007003c                actFuncs
 .data.tractionMotor1
                0x0000000020070048        0x1 build-arduino_due_x_dbg/tests.ino.o
                0x0000000020070048                tractionMotor1
 *fill*         0x0000000020070049        0x3 
 .data.uRef     0x000000002007004c        0x4 build-arduino_due_x_dbg/tests.ino.o
                0x000000002007004c                uRef
 .data.ADC_Resolution
                0x0000000020070050        0x4 build-arduino_due_x_dbg/tests.ino.o
                0x0000000020070050                ADC_Resolution
 .data.b3       0x0000000020070054        0x4 build-arduino_due_x_dbg/tests.ino.o
                0x0000000020070054                b3
 .data.PWMFreq  0x0000000020070058        0x1 build-arduino_due_x_dbg/tests.ino.o
                0x0000000020070058                PWMFreq
 .data.sensor2  0x0000000020070059        0x1 build-arduino_due_x_dbg/tests.ino.o
                0x0000000020070059                sensor2
 .data.tractionMotor2
                0x000000002007005a        0x1 build-arduino_due_x_dbg/tests.ino.o
                0x000000002007005a                tractionMotor2
 .data.sensor3  0x000000002007005b        0x1 build-arduino_due_x_dbg/tests.ino.o
                0x000000002007005b                sensor3
 .data.directionMotorPWM
                0x000000002007005c        0x1 build-arduino_due_x_dbg/tests.ino.o
                0x000000002007005c                directionMotorPWM
 .data.nInputs  0x000000002007005d        0x3 build-arduino_due_x_dbg/tests.ino.o
                0x000000002007005d                nInputs
 .data.sensor4  0x0000000020070060        0x1 build-arduino_due_x_dbg/tests.ino.o
                0x0000000020070060                sensor4
 *fill*         0x0000000020070061        0x3 
 .data.b1       0x0000000020070064       0x14 build-arduino_due_x_dbg/tests.ino.o
                0x0000000020070064                b1
 .data.b2       0x0000000020070078        0xc build-arduino_due_x_dbg/tests.ino.o
                0x0000000020070078                b2
 .data.tractionMotorPWM
                0x0000000020070084        0x1 build-arduino_due_x_dbg/tests.ino.o
                0x0000000020070084                tractionMotorPWM
 *fill*         0x0000000020070085        0x3 
 .data.w1       0x0000000020070088       0x3c build-arduino_due_x_dbg/tests.ino.o
                0x0000000020070088                w1
 .data.w2       0x00000000200700c4       0x3c build-arduino_due_x_dbg/tests.ino.o
                0x00000000200700c4                w2
 .data.w3       0x0000000020070100        0xc build-arduino_due_x_dbg/tests.ino.o
                0x0000000020070100                w3
 .data.weights  0x000000002007010c        0xc build-arduino_due_x_dbg/tests.ino.o
                0x000000002007010c                weights
 .data.nOutputs
                0x0000000020070118        0x3 build-arduino_due_x_dbg/tests.ino.o
                0x0000000020070118                nOutputs
 .data.directionMotor1
                0x000000002007011b        0x1 build-arduino_due_x_dbg/tests.ino.o
                0x000000002007011b                directionMotor1
 .data.directionMotor2
                0x000000002007011c        0x1 build-arduino_due_x_dbg/tests.ino.o
                0x000000002007011c                directionMotor2
 *fill*         0x000000002007011d        0x3 
 .data.biases   0x0000000020070120        0xc build-arduino_due_x_dbg/tests.ino.o
                0x0000000020070120                biases
 .data.EnableInterrupts
                0x000000002007012c        0x1 build-arduino_due_x_dbg/tests.ino.o
                0x000000002007012c                EnableInterrupts
 *fill*         0x000000002007012d        0x3 
 .data.SystemCoreClock
                0x0000000020070130        0x4 build-arduino_due_x_dbg/libcore.a(system_sam3xa.c.o)
                0x0000000020070130                SystemCoreClock
 .data._ZL5ticks
                0x0000000020070134        0x4 build-arduino_due_x_dbg/libcore.a(Reset.cpp.o)
 .data.EndPoints
                0x0000000020070138       0x28 build-arduino_due_x_dbg/libcore.a(USBCore.cpp.o)
                0x0000000020070138                EndPoints
 .data._ZL10breakValue
                0x0000000020070160        0x4 build-arduino_due_x_dbg/libcore.a(CDC.cpp.o)
 .data._ZL12_usbLineInfo
                0x0000000020070164        0x8 build-arduino_due_x_dbg/libcore.a(CDC.cpp.o)
 .data.g_interrupt_enabled
                0x000000002007016c        0x4 build-arduino_due_x_dbg/libcore.a(interrupt_sam_nvic.c.o)
                0x000000002007016c                g_interrupt_enabled
 .data.impure_data
                0x0000000020070170      0x428 /home/david/.arduino15/packages/arduino/tools/arm-none-eabi-gcc/4.8.3-2014q1/bin/../lib/gcc/arm-none-eabi/4.8.3/../../../../arm-none-eabi/lib/armv7-m/libc.a(lib_a-impure.o)
 .data._impure_ptr
                0x0000000020070598        0x4 /home/david/.arduino15/packages/arduino/tools/arm-none-eabi-gcc/4.8.3-2014q1/bin/../lib/gcc/arm-none-eabi/4.8.3/../../../../arm-none-eabi/lib/armv7-m/libc.a(lib_a-impure.o)
                0x0000000020070598                _impure_ptr
                0x000000002007059c                . = ALIGN (0x4)
                0x000000002007059c                _erelocate = .

.bss            0x000000002007059c      0xa20 load address 0x00000000000841b4
                0x000000002007059c                . = ALIGN (0x4)
                0x000000002007059c                _sbss = .
                0x000000002007059c                _szero = .
 *(.bss .bss.*)
 .bss           0x000000002007059c       0x1c /home/david/.arduino15/packages/arduino/tools/arm-none-eabi-gcc/4.8.3-2014q1/bin/../lib/gcc/arm-none-eabi/4.8.3/armv7-m/crtbegin.o
 .bss.sensors   0x00000000200705b8        0x6 build-arduino_due_x_dbg/tests.ino.o
                0x00000000200705b8                sensors
 .bss.dAdc      0x00000000200705be        0x2 build-arduino_due_x_dbg/tests.ino.o
                0x00000000200705be                dAdc
 .bss.pwmMotors
                0x00000000200705c0        0x4 build-arduino_due_x_dbg/tests.ino.o
                0x00000000200705c0                pwmMotors
 .bss.MotorPins
                0x00000000200705c4       0x10 build-arduino_due_x_dbg/tests.ino.o
                0x00000000200705c4                MotorPins
 .bss.flag      0x00000000200705d4        0x1 build-arduino_due_x_dbg/tests.ino.o
                0x00000000200705d4                flag
 *fill*         0x00000000200705d5        0x3 
 .bss.uIn       0x00000000200705d8        0xc build-arduino_due_x_dbg/tests.ino.o
                0x00000000200705d8                uIn
 .bss.gpf_isr   0x00000000200705e4        0x4 /home/david/.arduino15/packages/arduino/hardware/sam/1.6.12/variants/arduino_due_x/libsam_sam3x8e_gcc_rel.a(uotghs.o)
                0x00000000200705e4                gpf_isr
 .bss.tx_buffer2
                0x00000000200705e8       0x88 build-arduino_due_x_dbg/libcore.a(variant.cpp.o)
                0x00000000200705e8                tx_buffer2
 .bss.tx_buffer1
                0x0000000020070670       0x88 build-arduino_due_x_dbg/libcore.a(variant.cpp.o)
                0x0000000020070670                tx_buffer1
 .bss.Serial    0x00000000200706f8       0x24 build-arduino_due_x_dbg/libcore.a(variant.cpp.o)
                0x00000000200706f8                Serial
 .bss.rx_buffer1
                0x000000002007071c       0x88 build-arduino_due_x_dbg/libcore.a(variant.cpp.o)
                0x000000002007071c                rx_buffer1
 .bss.Serial1   0x00000000200707a4       0x28 build-arduino_due_x_dbg/libcore.a(variant.cpp.o)
                0x00000000200707a4                Serial1
 .bss.Serial2   0x00000000200707cc       0x28 build-arduino_due_x_dbg/libcore.a(variant.cpp.o)
                0x00000000200707cc                Serial2
 .bss.Serial3   0x00000000200707f4       0x28 build-arduino_due_x_dbg/libcore.a(variant.cpp.o)
                0x00000000200707f4                Serial3
 .bss.tx_buffer3
                0x000000002007081c       0x88 build-arduino_due_x_dbg/libcore.a(variant.cpp.o)
                0x000000002007081c                tx_buffer3
 .bss.tx_buffer4
                0x00000000200708a4       0x88 build-arduino_due_x_dbg/libcore.a(variant.cpp.o)
                0x00000000200708a4                tx_buffer4
 .bss.g_pinStatus
                0x000000002007092c       0x4f build-arduino_due_x_dbg/libcore.a(variant.cpp.o)
                0x000000002007092c                g_pinStatus
 *fill*         0x000000002007097b        0x1 
 .bss.rx_buffer2
                0x000000002007097c       0x88 build-arduino_due_x_dbg/libcore.a(variant.cpp.o)
                0x000000002007097c                rx_buffer2
 .bss.rx_buffer3
                0x0000000020070a04       0x88 build-arduino_due_x_dbg/libcore.a(variant.cpp.o)
                0x0000000020070a04                rx_buffer3
 .bss.rx_buffer4
                0x0000000020070a8c       0x88 build-arduino_due_x_dbg/libcore.a(variant.cpp.o)
                0x0000000020070a8c                rx_buffer4
 .bss.callbacksPioA
                0x0000000020070b14       0x80 build-arduino_due_x_dbg/libcore.a(WInterrupts.c.o)
 .bss.callbacksPioB
                0x0000000020070b94       0x80 build-arduino_due_x_dbg/libcore.a(WInterrupts.c.o)
 .bss.callbacksPioC
                0x0000000020070c14       0x80 build-arduino_due_x_dbg/libcore.a(WInterrupts.c.o)
 .bss.callbacksPioD
                0x0000000020070c94       0x80 build-arduino_due_x_dbg/libcore.a(WInterrupts.c.o)
 .bss.heap.6420
                0x0000000020070d14        0x4 build-arduino_due_x_dbg/libcore.a(syscalls_sam3.c.o)
 .bss._cmark    0x0000000020070d18        0x2 build-arduino_due_x_dbg/libcore.a(USBCore.cpp.o)
                0x0000000020070d18                _cmark
 .bss._ZL14isEndpointHalt
                0x0000000020070d1a        0x1 build-arduino_due_x_dbg/libcore.a(USBCore.cpp.o)
 *fill*         0x0000000020070d1b        0x1 
 .bss._cdcComposite
                0x0000000020070d1c        0x4 build-arduino_due_x_dbg/libcore.a(USBCore.cpp.o)
                0x0000000020070d1c                _cdcComposite
 .bss._ZL21isRemoteWakeUpEnabled
                0x0000000020070d20        0x1 build-arduino_due_x_dbg/libcore.a(USBCore.cpp.o)
 *fill*         0x0000000020070d21        0x3 
 .bss._usbInitialized
                0x0000000020070d24        0x4 build-arduino_due_x_dbg/libcore.a(USBCore.cpp.o)
                0x0000000020070d24                _usbInitialized
 .bss.USBDevice
                0x0000000020070d28        0x1 build-arduino_due_x_dbg/libcore.a(USBCore.cpp.o)
                0x0000000020070d28                USBDevice
 *fill*         0x0000000020070d29        0x3 
 .bss._usbSetInterface
                0x0000000020070d2c        0x4 build-arduino_due_x_dbg/libcore.a(USBCore.cpp.o)
                0x0000000020070d2c                _usbSetInterface
 .bss._cend     0x0000000020070d30        0x2 build-arduino_due_x_dbg/libcore.a(USBCore.cpp.o)
                0x0000000020070d30                _cend
 *fill*         0x0000000020070d32        0x2 
 .bss._usbConfiguration
                0x0000000020070d34        0x4 build-arduino_due_x_dbg/libcore.a(USBCore.cpp.o)
                0x0000000020070d34                _usbConfiguration
 .bss._ZZ12PluggableUSBvE3obj
                0x0000000020070d38        0x8 build-arduino_due_x_dbg/libcore.a(PluggableUSB.cpp.o)
 .bss._ZGVZ12PluggableUSBvE3obj
                0x0000000020070d40        0x4 build-arduino_due_x_dbg/libcore.a(PluggableUSB.cpp.o)
 .bss.cdc_rx_buffer
                0x0000000020070d44      0x208 build-arduino_due_x_dbg/libcore.a(CDC.cpp.o)
                0x0000000020070d44                cdc_rx_buffer
 .bss._ZZN7Serial_6acceptEvE5guard
                0x0000000020070f4c        0x4 build-arduino_due_x_dbg/libcore.a(CDC.cpp.o)
 .bss.SerialUSB
                0x0000000020070f50       0x14 build-arduino_due_x_dbg/libcore.a(CDC.cpp.o)
                0x0000000020070f50                SerialUSB
 .bss.ul_recv_fifo_ptr
                0x0000000020070f64       0x28 build-arduino_due_x_dbg/libcore.a(uotghs_device.c.o)
 .bss.ul_send_fifo_ptr
                0x0000000020070f8c       0x28 build-arduino_due_x_dbg/libcore.a(uotghs_device.c.o)
 .bss._dwTickCount
                0x0000000020070fb4        0x4 build-arduino_due_x_dbg/libcore.a(timetick.c.o)
 *(COMMON)
 COMMON         0x0000000020070fb8        0x4 /home/david/.arduino15/packages/arduino/tools/arm-none-eabi-gcc/4.8.3-2014q1/bin/../lib/gcc/arm-none-eabi/4.8.3/../../../../arm-none-eabi/lib/armv7-m/libc.a(lib_a-reent.o)
                0x0000000020070fb8                errno
                0x0000000020070fbc                . = ALIGN (0x4)
                0x0000000020070fbc                _ebss = .
                0x0000000020070fbc                _ezero = .
                0x0000000020070fbc                . = ALIGN (0x4)
                0x0000000020070fbc                _end = .

.stack_dummy    0x0000000020070fbc        0x0
 *(.stack*)
                0x0000000020088000                __StackTop = (ORIGIN (ram) + 0x18000)
                0x0000000020088000                __StackLimit = (__StackTop - SIZEOF (.stack_dummy))
                0x0000000020088000                PROVIDE (_sstack, __StackLimit)
                0x0000000020088000                PROVIDE (_estack, __StackTop)
OUTPUT(build-arduino_due_x_dbg/tests.elf elf32-littlearm)

.ARM.attributes
                0x0000000000000000       0x29
 .ARM.attributes
                0x0000000000000000       0x1d /home/david/.arduino15/packages/arduino/tools/arm-none-eabi-gcc/4.8.3-2014q1/bin/../lib/gcc/arm-none-eabi/4.8.3/armv7-m/crti.o
 .ARM.attributes
                0x000000000000001d       0x2d /home/david/.arduino15/packages/arduino/tools/arm-none-eabi-gcc/4.8.3-2014q1/bin/../lib/gcc/arm-none-eabi/4.8.3/armv7-m/crtbegin.o
 .ARM.attributes
                0x000000000000004a       0x33 build-arduino_due_x_dbg/adc.cpp.o
 .ARM.attributes
                0x000000000000007d       0x33 build-arduino_due_x_dbg/layer.cpp.o
 .ARM.attributes
                0x00000000000000b0       0x33 build-arduino_due_x_dbg/actfunctions.cpp.o
 .ARM.attributes
                0x00000000000000e3       0x33 build-arduino_due_x_dbg/NN.cpp.o
 .ARM.attributes
                0x0000000000000116       0x33 build-arduino_due_x_dbg/pios.cpp.o
 .ARM.attributes
                0x0000000000000149       0x33 build-arduino_due_x_dbg/pmc.cpp.o
 .ARM.attributes
                0x000000000000017c       0x33 build-arduino_due_x_dbg/pwm.cpp.o
 .ARM.attributes
                0x00000000000001af       0x33 build-arduino_due_x_dbg/tests.ino.o
 .ARM.attributes
                0x00000000000001e2       0x33 /home/david/.arduino15/packages/arduino/hardware/sam/1.6.12/variants/arduino_due_x/libsam_sam3x8e_gcc_rel.a(startup_sam3xa.o)
 .ARM.attributes
                0x0000000000000215       0x33 /home/david/.arduino15/packages/arduino/hardware/sam/1.6.12/variants/arduino_due_x/libsam_sam3x8e_gcc_rel.a(uotghs.o)
 .ARM.attributes
                0x0000000000000248       0x33 build-arduino_due_x_dbg/libcore.a(variant.cpp.o)
 .ARM.attributes
                0x000000000000027b       0x33 build-arduino_due_x_dbg/libcore.a(pmc.c.o)
 .ARM.attributes
                0x00000000000002ae       0x33 build-arduino_due_x_dbg/libcore.a(pio.c.o)
 .ARM.attributes
                0x00000000000002e1       0x33 build-arduino_due_x_dbg/libcore.a(adc.c.o)
 .ARM.attributes
                0x0000000000000314       0x33 build-arduino_due_x_dbg/libcore.a(system_sam3xa.c.o)
 .ARM.attributes
                0x0000000000000347       0x33 build-arduino_due_x_dbg/libcore.a(WInterrupts.c.o)
 .ARM.attributes
                0x000000000000037a       0x33 build-arduino_due_x_dbg/libcore.a(wiring_digital.c.o)
 .ARM.attributes
                0x00000000000003ad       0x33 build-arduino_due_x_dbg/libcore.a(syscalls_sam3.c.o)
 .ARM.attributes
                0x00000000000003e0       0x33 build-arduino_due_x_dbg/libcore.a(wiring_analog.c.o)
 .ARM.attributes
                0x0000000000000413       0x33 build-arduino_due_x_dbg/libcore.a(cortex_handlers.c.o)
 .ARM.attributes
                0x0000000000000446       0x33 build-arduino_due_x_dbg/libcore.a(Reset.cpp.o)
 .ARM.attributes
                0x0000000000000479       0x33 build-arduino_due_x_dbg/libcore.a(USARTClass.cpp.o)
 .ARM.attributes
                0x00000000000004ac       0x33 build-arduino_due_x_dbg/libcore.a(RingBuffer.cpp.o)
 .ARM.attributes
                0x00000000000004df       0x33 build-arduino_due_x_dbg/libcore.a(UARTClass.cpp.o)
 .ARM.attributes
                0x0000000000000512       0x33 build-arduino_due_x_dbg/libcore.a(main.cpp.o)
 .ARM.attributes
                0x0000000000000545       0x33 build-arduino_due_x_dbg/libcore.a(USBCore.cpp.o)
 .ARM.attributes
                0x0000000000000578       0x33 build-arduino_due_x_dbg/libcore.a(PluggableUSB.cpp.o)
 .ARM.attributes
                0x00000000000005ab       0x33 build-arduino_due_x_dbg/libcore.a(CDC.cpp.o)
 .ARM.attributes
                0x00000000000005de       0x33 build-arduino_due_x_dbg/libcore.a(interrupt_sam_nvic.c.o)
 .ARM.attributes
                0x0000000000000611       0x33 build-arduino_due_x_dbg/libcore.a(uotghs_device.c.o)
 .ARM.attributes
                0x0000000000000644       0x33 build-arduino_due_x_dbg/libcore.a(timetick.c.o)
 .ARM.attributes
                0x0000000000000677       0x33 build-arduino_due_x_dbg/libcore.a(wiring.c.o)
 .ARM.attributes
                0x00000000000006aa       0x33 build-arduino_due_x_dbg/libcore.a(hooks.c.o)
 .ARM.attributes
                0x00000000000006dd       0x33 build-arduino_due_x_dbg/libcore.a(Print.cpp.o)
 .ARM.attributes
                0x0000000000000710       0x33 build-arduino_due_x_dbg/libcore.a(watchdog.cpp.o)
 .ARM.attributes
                0x0000000000000743       0x33 build-arduino_due_x_dbg/libcore.a(wdt.c.o)
 .ARM.attributes
                0x0000000000000776       0x1d /home/david/.arduino15/packages/arduino/tools/arm-none-eabi-gcc/4.8.3-2014q1/bin/../lib/gcc/arm-none-eabi/4.8.3/armv7-m/libgcc.a(_arm_addsubdf3.o)
 .ARM.attributes
                0x0000000000000793       0x1d /home/david/.arduino15/packages/arduino/tools/arm-none-eabi-gcc/4.8.3-2014q1/bin/../lib/gcc/arm-none-eabi/4.8.3/armv7-m/libgcc.a(_arm_muldivdf3.o)
 .ARM.attributes
                0x00000000000007b0       0x1d /home/david/.arduino15/packages/arduino/tools/arm-none-eabi-gcc/4.8.3-2014q1/bin/../lib/gcc/arm-none-eabi/4.8.3/armv7-m/libgcc.a(_arm_fixunsdfsi.o)
 .ARM.attributes
                0x00000000000007cd       0x1d /home/david/.arduino15/packages/arduino/tools/arm-none-eabi-gcc/4.8.3-2014q1/bin/../lib/gcc/arm-none-eabi/4.8.3/armv7-m/libgcc.a(_arm_addsubsf3.o)
 .ARM.attributes
                0x00000000000007ea       0x1d /home/david/.arduino15/packages/arduino/tools/arm-none-eabi-gcc/4.8.3-2014q1/bin/../lib/gcc/arm-none-eabi/4.8.3/armv7-m/libgcc.a(_arm_muldivsf3.o)
 .ARM.attributes
                0x0000000000000807       0x1d /home/david/.arduino15/packages/arduino/tools/arm-none-eabi-gcc/4.8.3-2014q1/bin/../lib/gcc/arm-none-eabi/4.8.3/armv7-m/libgcc.a(_arm_cmpsf2.o)
 .ARM.attributes
                0x0000000000000824       0x2d /home/david/.arduino15/packages/arduino/tools/arm-none-eabi-gcc/4.8.3-2014q1/bin/../lib/gcc/arm-none-eabi/4.8.3/../../../../arm-none-eabi/lib/armv7-m/libc.a(lib_a-impure.o)
 .ARM.attributes
                0x0000000000000851       0x2d /home/david/.arduino15/packages/arduino/tools/arm-none-eabi-gcc/4.8.3-2014q1/bin/../lib/gcc/arm-none-eabi/4.8.3/../../../../arm-none-eabi/lib/armv7-m/libc.a(lib_a-init.o)
 .ARM.attributes
                0x000000000000087e       0x2d /home/david/.arduino15/packages/arduino/tools/arm-none-eabi-gcc/4.8.3-2014q1/bin/../lib/gcc/arm-none-eabi/4.8.3/../../../../arm-none-eabi/lib/armv7-m/libc.a(lib_a-memset.o)
 .ARM.attributes
                0x00000000000008ab       0x2d /home/david/.arduino15/packages/arduino/tools/arm-none-eabi-gcc/4.8.3-2014q1/bin/../lib/gcc/arm-none-eabi/4.8.3/../../../../arm-none-eabi/lib/armv7-m/libc.a(lib_a-strlen.o)
 .ARM.attributes
                0x00000000000008d8       0x2d /home/david/.arduino15/packages/arduino/tools/arm-none-eabi-gcc/4.8.3-2014q1/bin/../lib/gcc/arm-none-eabi/4.8.3/../../../../arm-none-eabi/lib/armv7-m/libc.a(lib_a-syskill.o)
 .ARM.attributes
                0x0000000000000905       0x2d /home/david/.arduino15/packages/arduino/tools/arm-none-eabi-gcc/4.8.3-2014q1/bin/../lib/gcc/arm-none-eabi/4.8.3/../../../../arm-none-eabi/lib/armv7-m/libc.a(lib_a-__call_atexit.o)
 .ARM.attributes
                0x0000000000000932       0x2d /home/david/.arduino15/packages/arduino/tools/arm-none-eabi-gcc/4.8.3-2014q1/bin/../lib/gcc/arm-none-eabi/4.8.3/../../../../arm-none-eabi/lib/armv7-m/libc.a(lib_a-atexit.o)
 .ARM.attributes
                0x000000000000095f       0x2d /home/david/.arduino15/packages/arduino/tools/arm-none-eabi-gcc/4.8.3-2014q1/bin/../lib/gcc/arm-none-eabi/4.8.3/../../../../arm-none-eabi/lib/armv7-m/libc.a(lib_a-fini.o)
 .ARM.attributes
                0x000000000000098c       0x2d /home/david/.arduino15/packages/arduino/tools/arm-none-eabi-gcc/4.8.3-2014q1/bin/../lib/gcc/arm-none-eabi/4.8.3/../../../../arm-none-eabi/lib/armv7-m/libc.a(lib_a-signalr.o)
 .ARM.attributes
                0x00000000000009b9       0x2d /home/david/.arduino15/packages/arduino/tools/arm-none-eabi-gcc/4.8.3-2014q1/bin/../lib/gcc/arm-none-eabi/4.8.3/../../../../arm-none-eabi/lib/armv7-m/libc.a(lib_a-__atexit.o)
 .ARM.attributes
                0x00000000000009e6       0x2d /home/david/.arduino15/packages/arduino/tools/arm-none-eabi-gcc/4.8.3-2014q1/bin/../lib/gcc/arm-none-eabi/4.8.3/../../../../arm-none-eabi/lib/armv7-m/libc.a(lib_a-reent.o)
 .ARM.attributes
                0x0000000000000a13       0x1d /home/david/.arduino15/packages/arduino/tools/arm-none-eabi-gcc/4.8.3-2014q1/bin/../lib/gcc/arm-none-eabi/4.8.3/armv7-m/crtn.o

.comment        0x0000000000000000       0xf0
 .comment       0x0000000000000000       0x80 build-arduino_due_x_dbg/adc.cpp.o
                                         0x81 (size before relaxing)
 .comment       0x0000000000000000       0x81 build-arduino_due_x_dbg/layer.cpp.o
 .comment       0x0000000000000000       0x81 build-arduino_due_x_dbg/actfunctions.cpp.o
 .comment       0x0000000000000000       0x81 build-arduino_due_x_dbg/NN.cpp.o
 .comment       0x0000000000000000       0x81 build-arduino_due_x_dbg/pios.cpp.o
 .comment       0x0000000000000000       0x81 build-arduino_due_x_dbg/pmc.cpp.o
 .comment       0x0000000000000000       0x81 build-arduino_due_x_dbg/pwm.cpp.o
 .comment       0x0000000000000000       0x81 build-arduino_due_x_dbg/tests.ino.o
 .comment       0x0000000000000080       0x70 /home/david/.arduino15/packages/arduino/hardware/sam/1.6.12/variants/arduino_due_x/libsam_sam3x8e_gcc_rel.a(startup_sam3xa.o)
                                         0x71 (size before relaxing)
 .comment       0x0000000000000000       0x71 /home/david/.arduino15/packages/arduino/hardware/sam/1.6.12/variants/arduino_due_x/libsam_sam3x8e_gcc_rel.a(uotghs.o)
 .comment       0x0000000000000000       0x81 build-arduino_due_x_dbg/libcore.a(variant.cpp.o)
 .comment       0x0000000000000000       0x81 build-arduino_due_x_dbg/libcore.a(pmc.c.o)
 .comment       0x0000000000000000       0x81 build-arduino_due_x_dbg/libcore.a(pio.c.o)
 .comment       0x0000000000000000       0x81 build-arduino_due_x_dbg/libcore.a(adc.c.o)
 .comment       0x0000000000000000       0x81 build-arduino_due_x_dbg/libcore.a(system_sam3xa.c.o)
 .comment       0x0000000000000000       0x81 build-arduino_due_x_dbg/libcore.a(WInterrupts.c.o)
 .comment       0x0000000000000000       0x81 build-arduino_due_x_dbg/libcore.a(wiring_digital.c.o)
 .comment       0x0000000000000000       0x81 build-arduino_due_x_dbg/libcore.a(syscalls_sam3.c.o)
 .comment       0x0000000000000000       0x81 build-arduino_due_x_dbg/libcore.a(wiring_analog.c.o)
 .comment       0x0000000000000000       0x81 build-arduino_due_x_dbg/libcore.a(cortex_handlers.c.o)
 .comment       0x0000000000000000       0x81 build-arduino_due_x_dbg/libcore.a(Reset.cpp.o)
 .comment       0x0000000000000000       0x81 build-arduino_due_x_dbg/libcore.a(USARTClass.cpp.o)
 .comment       0x0000000000000000       0x81 build-arduino_due_x_dbg/libcore.a(RingBuffer.cpp.o)
 .comment       0x0000000000000000       0x81 build-arduino_due_x_dbg/libcore.a(UARTClass.cpp.o)
 .comment       0x0000000000000000       0x81 build-arduino_due_x_dbg/libcore.a(main.cpp.o)
 .comment       0x0000000000000000       0x81 build-arduino_due_x_dbg/libcore.a(USBCore.cpp.o)
 .comment       0x0000000000000000       0x81 build-arduino_due_x_dbg/libcore.a(PluggableUSB.cpp.o)
 .comment       0x0000000000000000       0x81 build-arduino_due_x_dbg/libcore.a(CDC.cpp.o)
 .comment       0x0000000000000000       0x81 build-arduino_due_x_dbg/libcore.a(interrupt_sam_nvic.c.o)
 .comment       0x0000000000000000       0x81 build-arduino_due_x_dbg/libcore.a(uotghs_device.c.o)
 .comment       0x0000000000000000       0x81 build-arduino_due_x_dbg/libcore.a(timetick.c.o)
 .comment       0x0000000000000000       0x81 build-arduino_due_x_dbg/libcore.a(wiring.c.o)
 .comment       0x0000000000000000       0x81 build-arduino_due_x_dbg/libcore.a(hooks.c.o)
 .comment       0x0000000000000000       0x81 build-arduino_due_x_dbg/libcore.a(Print.cpp.o)
 .comment       0x0000000000000000       0x81 build-arduino_due_x_dbg/libcore.a(watchdog.cpp.o)
 .comment       0x0000000000000000       0x81 build-arduino_due_x_dbg/libcore.a(wdt.c.o)

.debug_frame    0x0000000000000000      0x1e0
 .debug_frame   0x0000000000000000       0x2c /home/david/.arduino15/packages/arduino/tools/arm-none-eabi-gcc/4.8.3-2014q1/bin/../lib/gcc/arm-none-eabi/4.8.3/../../../../arm-none-eabi/lib/armv7-m/libc.a(lib_a-init.o)
 .debug_frame   0x000000000000002c       0x2c /home/david/.arduino15/packages/arduino/tools/arm-none-eabi-gcc/4.8.3-2014q1/bin/../lib/gcc/arm-none-eabi/4.8.3/../../../../arm-none-eabi/lib/armv7-m/libc.a(lib_a-memset.o)
 .debug_frame   0x0000000000000058       0x20 /home/david/.arduino15/packages/arduino/tools/arm-none-eabi-gcc/4.8.3-2014q1/bin/../lib/gcc/arm-none-eabi/4.8.3/../../../../arm-none-eabi/lib/armv7-m/libc.a(lib_a-strlen.o)
 .debug_frame   0x0000000000000078       0x20 /home/david/.arduino15/packages/arduino/tools/arm-none-eabi-gcc/4.8.3-2014q1/bin/../lib/gcc/arm-none-eabi/4.8.3/../../../../arm-none-eabi/lib/armv7-m/libc.a(lib_a-syskill.o)
 .debug_frame   0x0000000000000098       0x48 /home/david/.arduino15/packages/arduino/tools/arm-none-eabi-gcc/4.8.3-2014q1/bin/../lib/gcc/arm-none-eabi/4.8.3/../../../../arm-none-eabi/lib/armv7-m/libc.a(lib_a-__call_atexit.o)
 .debug_frame   0x00000000000000e0       0x20 /home/david/.arduino15/packages/arduino/tools/arm-none-eabi-gcc/4.8.3-2014q1/bin/../lib/gcc/arm-none-eabi/4.8.3/../../../../arm-none-eabi/lib/armv7-m/libc.a(lib_a-atexit.o)
 .debug_frame   0x0000000000000100       0x2c /home/david/.arduino15/packages/arduino/tools/arm-none-eabi-gcc/4.8.3-2014q1/bin/../lib/gcc/arm-none-eabi/4.8.3/../../../../arm-none-eabi/lib/armv7-m/libc.a(lib_a-fini.o)
 .debug_frame   0x000000000000012c       0x3c /home/david/.arduino15/packages/arduino/tools/arm-none-eabi-gcc/4.8.3-2014q1/bin/../lib/gcc/arm-none-eabi/4.8.3/../../../../arm-none-eabi/lib/armv7-m/libc.a(lib_a-signalr.o)
 .debug_frame   0x0000000000000168       0x30 /home/david/.arduino15/packages/arduino/tools/arm-none-eabi-gcc/4.8.3-2014q1/bin/../lib/gcc/arm-none-eabi/4.8.3/../../../../arm-none-eabi/lib/armv7-m/libc.a(lib_a-__atexit.o)
 .debug_frame   0x0000000000000198       0x48 /home/david/.arduino15/packages/arduino/tools/arm-none-eabi-gcc/4.8.3-2014q1/bin/../lib/gcc/arm-none-eabi/4.8.3/../../../../arm-none-eabi/lib/armv7-m/libc.a(lib_a-reent.o)

Cross Reference Table

Symbol                                            File
ADCWriteProtect(unsigned char)                    build-arduino_due_x_dbg/adc.cpp.o
ADC_Config(bool, unsigned char, unsigned char, unsigned char, unsigned char, unsigned char, unsigned char) build-arduino_due_x_dbg/adc.cpp.o
ADC_Control(unsigned char, unsigned char)         build-arduino_due_x_dbg/adc.cpp.o
ADC_Handler                                       build-arduino_due_x_dbg/tests.ino.o
                                                  /home/david/.arduino15/packages/arduino/hardware/sam/1.6.12/variants/arduino_due_x/libsam_sam3x8e_gcc_rel.a(startup_sam3xa.o)
ADC_Resolution                                    build-arduino_due_x_dbg/tests.ino.o
ActivatePeripheralControl(unsigned long*, unsigned char, Pio**) build-arduino_due_x_dbg/pios.cpp.o
                                                  build-arduino_due_x_dbg/pwm.cpp.o
                                                  build-arduino_due_x_dbg/adc.cpp.o
BusFault_Handler                                  build-arduino_due_x_dbg/libcore.a(cortex_handlers.c.o)
                                                  /home/david/.arduino15/packages/arduino/hardware/sam/1.6.12/variants/arduino_due_x/libsam_sam3x8e_gcc_rel.a(startup_sam3xa.o)
CAN0_Handler                                      build-arduino_due_x_dbg/libcore.a(cortex_handlers.c.o)
                                                  /home/david/.arduino15/packages/arduino/hardware/sam/1.6.12/variants/arduino_due_x/libsam_sam3x8e_gcc_rel.a(startup_sam3xa.o)
CAN1_Handler                                      build-arduino_due_x_dbg/libcore.a(cortex_handlers.c.o)
                                                  /home/david/.arduino15/packages/arduino/hardware/sam/1.6.12/variants/arduino_due_x/libsam_sam3x8e_gcc_rel.a(startup_sam3xa.o)
CDC_GetInterface(unsigned char*)                  build-arduino_due_x_dbg/libcore.a(CDC.cpp.o)
                                                  build-arduino_due_x_dbg/libcore.a(USBCore.cpp.o)
CDC_GetOtherInterface(unsigned char*)             build-arduino_due_x_dbg/libcore.a(CDC.cpp.o)
                                                  build-arduino_due_x_dbg/libcore.a(USBCore.cpp.o)
CDC_Setup(USBSetup&)                              build-arduino_due_x_dbg/libcore.a(CDC.cpp.o)
                                                  build-arduino_due_x_dbg/libcore.a(USBCore.cpp.o)
ChangePeripheral(unsigned long*, unsigned char, Pio**) build-arduino_due_x_dbg/pios.cpp.o
                                                  build-arduino_due_x_dbg/pwm.cpp.o
CheckWriteProtectStatus(unsigned char)            build-arduino_due_x_dbg/pwm.cpp.o
ComparisonMode(unsigned long, unsigned char)      build-arduino_due_x_dbg/pwm.cpp.o
ConfigMainOSC(unsigned char, unsigned char, unsigned char, unsigned char, unsigned char) build-arduino_due_x_dbg/pmc.cpp.o
DACC_Handler                                      build-arduino_due_x_dbg/libcore.a(cortex_handlers.c.o)
                                                  /home/david/.arduino15/packages/arduino/hardware/sam/1.6.12/variants/arduino_due_x/libsam_sam3x8e_gcc_rel.a(startup_sam3xa.o)
DMAC_Handler                                      build-arduino_due_x_dbg/libcore.a(cortex_handlers.c.o)
                                                  /home/david/.arduino15/packages/arduino/hardware/sam/1.6.12/variants/arduino_due_x/libsam_sam3x8e_gcc_rel.a(startup_sam3xa.o)
DeactivatePeripheralControl(unsigned long*, unsigned char, Pio**) build-arduino_due_x_dbg/pios.cpp.o
DebugMon_Handler                                  build-arduino_due_x_dbg/libcore.a(cortex_handlers.c.o)
                                                  /home/david/.arduino15/packages/arduino/hardware/sam/1.6.12/variants/arduino_due_x/libsam_sam3x8e_gcc_rel.a(startup_sam3xa.o)
DisableEOCInterrupts(unsigned short*, unsigned char) build-arduino_due_x_dbg/adc.cpp.o
DisableUnusedChannels()                           build-arduino_due_x_dbg/adc.cpp.o
DisableUnusedPWMChannels()                        build-arduino_due_x_dbg/pwm.cpp.o
EFC0_Handler                                      build-arduino_due_x_dbg/libcore.a(cortex_handlers.c.o)
                                                  /home/david/.arduino15/packages/arduino/hardware/sam/1.6.12/variants/arduino_due_x/libsam_sam3x8e_gcc_rel.a(startup_sam3xa.o)
EFC1_Handler                                      build-arduino_due_x_dbg/libcore.a(cortex_handlers.c.o)
                                                  /home/david/.arduino15/packages/arduino/hardware/sam/1.6.12/variants/arduino_due_x/libsam_sam3x8e_gcc_rel.a(startup_sam3xa.o)
EMAC_Handler                                      build-arduino_due_x_dbg/libcore.a(cortex_handlers.c.o)
                                                  /home/david/.arduino15/packages/arduino/hardware/sam/1.6.12/variants/arduino_due_x/libsam_sam3x8e_gcc_rel.a(startup_sam3xa.o)
EnableChannels(unsigned short*, unsigned char)    build-arduino_due_x_dbg/adc.cpp.o
EnableComparisonOnLine(unsigned char, unsigned char) build-arduino_due_x_dbg/pwm.cpp.o
EnableEOCInterrupts(unsigned short*, unsigned char) build-arduino_due_x_dbg/adc.cpp.o
EnableInterrupts                                  build-arduino_due_x_dbg/tests.ino.o
EnablePWMChannels(unsigned short*, unsigned char) build-arduino_due_x_dbg/pwm.cpp.o
EnablePeripheralClock(unsigned char)              build-arduino_due_x_dbg/pmc.cpp.o
                                                  build-arduino_due_x_dbg/pwm.cpp.o
                                                  build-arduino_due_x_dbg/adc.cpp.o
EnableWriteProtection(unsigned char, Pio*)        build-arduino_due_x_dbg/pios.cpp.o
EndPoints                                         build-arduino_due_x_dbg/libcore.a(USBCore.cpp.o)
                                                  build-arduino_due_x_dbg/libcore.a(PluggableUSB.cpp.o)
GetPin(unsigned char, unsigned long&, Pio*&)      build-arduino_due_x_dbg/pwm.cpp.o
GetPin(unsigned short, unsigned long&, Pio*&)     build-arduino_due_x_dbg/adc.cpp.o
GetTickCount                                      build-arduino_due_x_dbg/libcore.a(timetick.c.o)
                                                  build-arduino_due_x_dbg/libcore.a(wiring.c.o)
HSMCI_Handler                                     build-arduino_due_x_dbg/libcore.a(cortex_handlers.c.o)
                                                  /home/david/.arduino15/packages/arduino/hardware/sam/1.6.12/variants/arduino_due_x/libsam_sam3x8e_gcc_rel.a(startup_sam3xa.o)
HardFault_Handler                                 build-arduino_due_x_dbg/libcore.a(cortex_handlers.c.o)
                                                  /home/david/.arduino15/packages/arduino/hardware/sam/1.6.12/variants/arduino_due_x/libsam_sam3x8e_gcc_rel.a(startup_sam3xa.o)
Identity(float)                                   build-arduino_due_x_dbg/actfunctions.cpp.o
                                                  build-arduino_due_x_dbg/tests.ino.o
LastChannelData(unsigned char)                    build-arduino_due_x_dbg/adc.cpp.o
                                                  build-arduino_due_x_dbg/tests.ino.o
LastConvertedData()                               build-arduino_due_x_dbg/adc.cpp.o
Layer::ComputeLayer(float*, float*)               build-arduino_due_x_dbg/layer.cpp.o
                                                  build-arduino_due_x_dbg/NN.cpp.o
Layer::GetNInputs()                               build-arduino_due_x_dbg/layer.cpp.o
                                                  build-arduino_due_x_dbg/NN.cpp.o
Layer::GetNOutputs()                              build-arduino_due_x_dbg/layer.cpp.o
                                                  build-arduino_due_x_dbg/NN.cpp.o
Layer::Init(unsigned char, unsigned char, float*, float*, float (*)(float)) build-arduino_due_x_dbg/layer.cpp.o
                                                  build-arduino_due_x_dbg/NN.cpp.o
Layer::Layer()                                    build-arduino_due_x_dbg/layer.cpp.o
                                                  build-arduino_due_x_dbg/NN.cpp.o
Layer::Layer()                                    build-arduino_due_x_dbg/layer.cpp.o
Layer::~Layer()                                   build-arduino_due_x_dbg/layer.cpp.o
                                                  build-arduino_due_x_dbg/NN.cpp.o
Layer::~Layer()                                   build-arduino_due_x_dbg/layer.cpp.o
MemManage_Handler                                 build-arduino_due_x_dbg/libcore.a(cortex_handlers.c.o)
                                                  /home/david/.arduino15/packages/arduino/hardware/sam/1.6.12/variants/arduino_due_x/libsam_sam3x8e_gcc_rel.a(startup_sam3xa.o)
MotorPinGroups                                    build-arduino_due_x_dbg/tests.ino.o
MotorPins                                         build-arduino_due_x_dbg/tests.ino.o
MoveClockwise(unsigned char, unsigned char, Pio*, Pio*) build-arduino_due_x_dbg/tests.ino.o
MoveCounterClockwise(unsigned char, unsigned char, Pio*, Pio*) build-arduino_due_x_dbg/tests.ino.o
NMI_Handler                                       build-arduino_due_x_dbg/libcore.a(cortex_handlers.c.o)
                                                  /home/david/.arduino15/packages/arduino/hardware/sam/1.6.12/variants/arduino_due_x/libsam_sam3x8e_gcc_rel.a(startup_sam3xa.o)
NN::AddLayers(Layer*, unsigned char)              build-arduino_due_x_dbg/NN.cpp.o
NN::NN(unsigned char, unsigned char*, unsigned char*, float**, float**, float (**)(float)) build-arduino_due_x_dbg/NN.cpp.o
NN::NN(unsigned char, unsigned char*, unsigned char*, float**, float**, float (**)(float)) build-arduino_due_x_dbg/NN.cpp.o
                                                  build-arduino_due_x_dbg/tests.ino.o
NN::Predict(float*, float*)                       build-arduino_due_x_dbg/NN.cpp.o
NN::~NN()                                         build-arduino_due_x_dbg/NN.cpp.o
NN::~NN()                                         build-arduino_due_x_dbg/NN.cpp.o
                                                  build-arduino_due_x_dbg/tests.ino.o
Off(unsigned char, unsigned char, Pio*, Pio*)     build-arduino_due_x_dbg/tests.ino.o
PIOA_Handler                                      build-arduino_due_x_dbg/libcore.a(WInterrupts.c.o)
                                                  /home/david/.arduino15/packages/arduino/hardware/sam/1.6.12/variants/arduino_due_x/libsam_sam3x8e_gcc_rel.a(startup_sam3xa.o)
PIOB_Handler                                      build-arduino_due_x_dbg/libcore.a(WInterrupts.c.o)
                                                  /home/david/.arduino15/packages/arduino/hardware/sam/1.6.12/variants/arduino_due_x/libsam_sam3x8e_gcc_rel.a(startup_sam3xa.o)
PIOC_Handler                                      build-arduino_due_x_dbg/libcore.a(WInterrupts.c.o)
                                                  /home/david/.arduino15/packages/arduino/hardware/sam/1.6.12/variants/arduino_due_x/libsam_sam3x8e_gcc_rel.a(startup_sam3xa.o)
PIOD_Handler                                      build-arduino_due_x_dbg/libcore.a(WInterrupts.c.o)
                                                  /home/david/.arduino15/packages/arduino/hardware/sam/1.6.12/variants/arduino_due_x/libsam_sam3x8e_gcc_rel.a(startup_sam3xa.o)
PIO_Clear                                         build-arduino_due_x_dbg/libcore.a(pio.c.o)
PIO_Configure                                     build-arduino_due_x_dbg/libcore.a(pio.c.o)
                                                  build-arduino_due_x_dbg/libcore.a(wiring_analog.c.o)
                                                  build-arduino_due_x_dbg/libcore.a(wiring_digital.c.o)
                                                  build-arduino_due_x_dbg/libcore.a(variant.cpp.o)
PIO_DisableInterrupt                              build-arduino_due_x_dbg/libcore.a(pio.c.o)
PIO_Get                                           build-arduino_due_x_dbg/libcore.a(pio.c.o)
                                                  build-arduino_due_x_dbg/libcore.a(wiring_digital.c.o)
PIO_GetOutputDataStatus                           build-arduino_due_x_dbg/libcore.a(pio.c.o)
                                                  build-arduino_due_x_dbg/libcore.a(wiring_digital.c.o)
PIO_PullUp                                        build-arduino_due_x_dbg/libcore.a(pio.c.o)
                                                  build-arduino_due_x_dbg/libcore.a(wiring_digital.c.o)
PIO_Set                                           build-arduino_due_x_dbg/libcore.a(pio.c.o)
PIO_SetDebounceFilter                             build-arduino_due_x_dbg/libcore.a(pio.c.o)
PIO_SetInput                                      build-arduino_due_x_dbg/libcore.a(pio.c.o)
PIO_SetOutput                                     build-arduino_due_x_dbg/libcore.a(pio.c.o)
                                                  build-arduino_due_x_dbg/libcore.a(wiring_digital.c.o)
PIO_SetPeripheral                                 build-arduino_due_x_dbg/libcore.a(pio.c.o)
PMCWriteProtection(unsigned char)                 build-arduino_due_x_dbg/pmc.cpp.o
PMC_Handler                                       build-arduino_due_x_dbg/libcore.a(cortex_handlers.c.o)
                                                  /home/david/.arduino15/packages/arduino/hardware/sam/1.6.12/variants/arduino_due_x/libsam_sam3x8e_gcc_rel.a(startup_sam3xa.o)
PWMC_ConfigureChannel                             build-arduino_due_x_dbg/libcore.a(pwmc.c.o)
                                                  build-arduino_due_x_dbg/libcore.a(wiring_analog.c.o)
PWMC_ConfigureChannelExt                          build-arduino_due_x_dbg/libcore.a(pwmc.c.o)
PWMC_ConfigureClocks                              build-arduino_due_x_dbg/libcore.a(pwmc.c.o)
                                                  build-arduino_due_x_dbg/libcore.a(wiring_analog.c.o)
PWMC_ConfigureComparisonUnit                      build-arduino_due_x_dbg/libcore.a(pwmc.c.o)
PWMC_ConfigureEventLineMode                       build-arduino_due_x_dbg/libcore.a(pwmc.c.o)
PWMC_ConfigureSyncChannel                         build-arduino_due_x_dbg/libcore.a(pwmc.c.o)
PWMC_DisableChannel                               build-arduino_due_x_dbg/libcore.a(pwmc.c.o)
PWMC_DisableChannelIt                             build-arduino_due_x_dbg/libcore.a(pwmc.c.o)
PWMC_DisableIt                                    build-arduino_due_x_dbg/libcore.a(pwmc.c.o)
PWMC_DisableOverrideOutput                        build-arduino_due_x_dbg/libcore.a(pwmc.c.o)